Archive member included to satisfy reference by file (symbol)

/home/zoltan/Develop/stackscan/contrib/liballocs/contrib/libsystrap/contrib/musl/build-x86_64/lib/libc.a(__libc_start_main.lo)
                              premain.o (__init_libc)
/home/zoltan/Develop/stackscan/contrib/liballocs/contrib/libsystrap/contrib/musl/build-x86_64/lib/libc.a(getenv.lo)
                              meta-dso.o (getenv)
/home/zoltan/Develop/stackscan/contrib/liballocs/contrib/libsystrap/contrib/musl/build-x86_64/lib/libc.a(__errno_location.lo)
                              meta-dso.o (__errno_location)
/home/zoltan/Develop/stackscan/contrib/liballocs/contrib/libsystrap/contrib/musl/build-x86_64/lib/libc.a(strerror.lo)
                              meta-dso.o (strerror)
/home/zoltan/Develop/stackscan/contrib/liballocs/contrib/libsystrap/contrib/musl/build-x86_64/lib/libc.a(abort.lo)
                              premain.o (abort)
/home/zoltan/Develop/stackscan/contrib/liballocs/contrib/libsystrap/contrib/musl/build-x86_64/lib/libc.a(assert.lo)
                              premain.o (__assert_fail)
/home/zoltan/Develop/stackscan/contrib/liballocs/contrib/libsystrap/contrib/musl/build-x86_64/lib/libc.a(exit.lo)
                              chain.o (exit)
/home/zoltan/Develop/stackscan/contrib/liballocs/contrib/libsystrap/contrib/musl/build-x86_64/lib/libc.a(open.lo)
                              load.o (open)
/home/zoltan/Develop/stackscan/contrib/liballocs/contrib/libsystrap/contrib/musl/build-x86_64/lib/libc.a(defsysinfo.lo)
                              /home/zoltan/Develop/stackscan/contrib/liballocs/contrib/libsystrap/contrib/musl/build-x86_64/lib/libc.a(__libc_start_main.lo) (__sysinfo)
/home/zoltan/Develop/stackscan/contrib/liballocs/contrib/libsystrap/contrib/musl/build-x86_64/lib/libc.a(libc.lo)
                              /home/zoltan/Develop/stackscan/contrib/liballocs/contrib/libsystrap/contrib/musl/build-x86_64/lib/libc.a(__libc_start_main.lo) (__progname_full)
/home/zoltan/Develop/stackscan/contrib/liballocs/contrib/libsystrap/contrib/musl/build-x86_64/lib/libc.a(syscall_ret.lo)
                              /home/zoltan/Develop/stackscan/contrib/liballocs/contrib/libsystrap/contrib/musl/build-x86_64/lib/libc.a(open.lo) (__syscall_ret)
/home/zoltan/Develop/stackscan/contrib/liballocs/contrib/libsystrap/contrib/musl/build-x86_64/lib/libc.a(__lctrans.lo)
                              /home/zoltan/Develop/stackscan/contrib/liballocs/contrib/libsystrap/contrib/musl/build-x86_64/lib/libc.a(strerror.lo) (__lctrans)
/home/zoltan/Develop/stackscan/contrib/liballocs/contrib/libsystrap/contrib/musl/build-x86_64/lib/libc.a(syscall.lo)
                              premain.o (syscall)
/home/zoltan/Develop/stackscan/contrib/liballocs/contrib/libsystrap/contrib/musl/build-x86_64/lib/libc.a(mmap.lo)
                              load.o (mmap)
/home/zoltan/Develop/stackscan/contrib/liballocs/contrib/libsystrap/contrib/musl/build-x86_64/lib/libc.a(mprotect.lo)
                              load.o (mprotect)
/home/zoltan/Develop/stackscan/contrib/liballocs/contrib/libsystrap/contrib/musl/build-x86_64/lib/libc.a(block.lo)
                              /home/zoltan/Develop/stackscan/contrib/liballocs/contrib/libsystrap/contrib/musl/build-x86_64/lib/libc.a(abort.lo) (__block_all_sigs)
/home/zoltan/Develop/stackscan/contrib/liballocs/contrib/libsystrap/contrib/musl/build-x86_64/lib/libc.a(raise.lo)
                              /home/zoltan/Develop/stackscan/contrib/liballocs/contrib/libsystrap/contrib/musl/build-x86_64/lib/libc.a(abort.lo) (raise)
/home/zoltan/Develop/stackscan/contrib/liballocs/contrib/libsystrap/contrib/musl/build-x86_64/lib/libc.a(fstat.lo)
                              load.o (fstat)
/home/zoltan/Develop/stackscan/contrib/liballocs/contrib/libsystrap/contrib/musl/build-x86_64/lib/libc.a(fstatat.lo)
                              /home/zoltan/Develop/stackscan/contrib/liballocs/contrib/libsystrap/contrib/musl/build-x86_64/lib/libc.a(fstat.lo) (fstatat)
/home/zoltan/Develop/stackscan/contrib/liballocs/contrib/libsystrap/contrib/musl/build-x86_64/lib/libc.a(stat.lo)
                              meta-dso.o (stat)
/home/zoltan/Develop/stackscan/contrib/liballocs/contrib/libsystrap/contrib/musl/build-x86_64/lib/libc.a(fflush.lo)
                              entry.o (fflush)
/home/zoltan/Develop/stackscan/contrib/liballocs/contrib/libsystrap/contrib/musl/build-x86_64/lib/libc.a(fopen.lo)
                              err.o (fopen)
/home/zoltan/Develop/stackscan/contrib/liballocs/contrib/libsystrap/contrib/musl/build-x86_64/lib/libc.a(fprintf.lo)
                              main.o (fprintf)
/home/zoltan/Develop/stackscan/contrib/liballocs/contrib/libsystrap/contrib/musl/build-x86_64/lib/libc.a(fputc.lo)
                              allocinstr.o (fputc)
/home/zoltan/Develop/stackscan/contrib/liballocs/contrib/libsystrap/contrib/musl/build-x86_64/lib/libc.a(fwrite.lo)
[...]
Memory Configuration

Name             Origin             Length             Attributes
*default*        0x0000000000000000 0xffffffffffffffff

Linker script and memory map

LOAD start.o
LOAD premain.o
LOAD main.o
LOAD entry.o
LOAD load.o
LOAD chain.o
LOAD debug.o
LOAD allocinstr.o
LOAD meta-dso.o
LOAD err.o
LOAD /home/zoltan/Develop/stackscan/contrib/liballocs/contrib/libsystrap/contrib/musl/build-x86_64/lib/libc.a
LOAD /home/zoltan/Develop/stackscan/contrib/liballocs/contrib/libsystrap/build/x86_64/libsystrap.a
LOAD /home/zoltan/Develop/stackscan/contrib/liballocs/contrib/libsystrap/contrib/librunt/build/opt-x86_64/librunt_preload.a
                0x0000000000000238                . = (SEGMENT_START ("text-segment", 0x0) + SIZEOF_HEADERS)
                0x0000000000000000                _begin = (. - SIZEOF_HEADERS)

.note.gnu.build-id
                0x0000000000000238       0x24
 *(.note.gnu.build-id)
 .note.gnu.build-id
                0x0000000000000238       0x24 start.o

.hash
 *(.hash)

.gnu.hash       0x0000000000000260      0x2a8
 *(.gnu.hash)
 .gnu.hash      0x0000000000000260      0x2a8 start.o

.dynsym         0x0000000000000508      0xa08
 *(.dynsym)
 .dynsym        0x0000000000000508      0xa08 start.o

.dynstr         0x0000000000000f10      0x4f8
 *(.dynstr)
 .dynstr        0x0000000000000f10      0x4f8 start.o

.gnu.version    0x0000000000001408        0x0
 *(.gnu.version)
 .gnu.version   0x0000000000001408        0x0 start.o

.gnu.version_d  0x0000000000001408        0x0
 *(.gnu.version_d)
 .gnu.version_d
                0x0000000000001408        0x0 start.o

.gnu.version_r  0x0000000000001408        0x0
 *(.gnu.version_r)
 .gnu.version_r
                0x0000000000001408        0x0 start.o

.rela.dyn       0x0000000000001408      0x1c8
 *(.rela.init)
 *(.rela.text .rela.text.* .rela.gnu.linkonce.t.*)
 .rela.text.fflush
                0x0000000000001408        0x0 start.o
 .rela.text.__stdio_exit
                0x0000000000001408        0x0 start.o
 *(.rela.fini)
 *(.rela.rodata .rela.rodata.* .rela.gnu.linkonce.r.*)
 *(.rela.data .rela.data.* .rela.gnu.linkonce.d.*)
 .rela.data.rel.local.__stderr_used
                0x0000000000001408       0x18 start.o
 .rela.data.rel.ro.local.stderr
                0x0000000000001420       0x18 start.o
 .rela.data.rel.local.__stderr_FILE
                0x0000000000001438       0x60 start.o
 .rela.data.rel.ro.local
                0x0000000000001498       0x30 start.o
 *(.rela.tdata .rela.tdata.* .rela.gnu.linkonce.td.*)
 *(.rela.tbss .rela.tbss.* .rela.gnu.linkonce.tb.*)
 *(.rela.ctors)
 *(.rela.dtors)
 *(.rela.got)
 .rela.got      0x00000000000014c8       0x90 start.o
 *(.rela.tls)
 .rela.tls      0x0000000000001558        0x0 start.o
 *(.rela.bss .rela.bss.* .rela.gnu.linkonce.b.*)
 *(.rela.ldata .rela.ldata.* .rela.gnu.linkonce.l.*)
 *(.rela.lbss .rela.lbss.* .rela.gnu.linkonce.lb.*)
 *(.rela.lrodata .rela.lrodata.* .rela.gnu.linkonce.lr.*)
 *(.rela.ifunc)
 .rela.ifunc    0x0000000000001558        0x0 start.o
 .rela.init_array.00101
                0x0000000000001558       0x18 start.o
 .rela.init_array.00103
                0x0000000000001570       0x18 start.o
 .rela.init_array
                0x0000000000001588       0x48 start.o

.rela.plt       0x00000000000015d0      0x1e0
 *(.rela.plt)
 .rela.plt      0x00000000000015d0      0x1e0 start.o
 *(.rela.iplt)

.relr.dyn
 *(.relr.dyn)
                0x0000000000002000                . = ALIGN (CONSTANT (MAXPAGESIZE))

.init
 *(SORT_NONE(.init))

.plt            0x0000000000002000      0x150
 *(.plt)
 .plt           0x0000000000002000      0x150 start.o
 *(.iplt)

.plt.got        0x0000000000002150        0x0
 *(.plt.got)
 .plt.got       0x0000000000002150        0x0 start.o

.plt.sec
 *(.plt.sec)

.text           0x0000000000002180    0x1082f
 *(.text.unlikely .text.*_unlikely .text.unlikely.*)
 .text.unlikely.dynobj_name_from_dlpi_name
                0x0000000000002180        0xa /home/zoltan/Develop/stackscan/contrib/liballocs/contrib/libsystrap/contrib/librunt/build/opt-x86_64/librunt_preload.a(librunt.o)
 .text.unlikely.__librunt_global_init
                0x000000000000218a        0xa /home/zoltan/Develop/stackscan/contrib/liballocs/contrib/libsystrap/contrib/librunt/build/opt-x86_64/librunt_preload.a(librunt.o)
 .text.unlikely.__alloc_file_metadata
                0x0000000000002194        0x5 /home/zoltan/Develop/stackscan/contrib/liballocs/contrib/libsystrap/contrib/librunt/build/opt-x86_64/librunt_preload.a(files.o)
 .text.unlikely.__runt_files_notify_load
                0x0000000000002199        0xa /home/zoltan/Develop/stackscan/contrib/liballocs/contrib/libsystrap/contrib/librunt/build/opt-x86_64/librunt_preload.a(files.o)
 .text.unlikely.dlopen
                0x00000000000021a3        0xf /home/zoltan/Develop/stackscan/contrib/liballocs/contrib/libsystrap/contrib/librunt/build/opt-x86_64/librunt_preload.a(preload.o)
 .text.unlikely.dlsym
                0x00000000000021b2        0xa /home/zoltan/Develop/stackscan/contrib/liballocs/contrib/libsystrap/contrib/librunt/build/opt-x86_64/librunt_preload.a(preload.o)
 .text.unlikely.__runt_fake_dlsym
                0x00000000000021bc        0xa /home/zoltan/Develop/stackscan/contrib/liballocs/contrib/libsystrap/contrib/librunt/build/opt-x86_64/librunt_preload.a(preload.o)
 .text.unlikely.dladdr
                0x00000000000021c6        0x5 /home/zoltan/Develop/stackscan/contrib/liballocs/contrib/libsystrap/contrib/librunt/build/opt-x86_64/librunt_preload.a(preload.o)
 .text.unlikely.dlvsym
                0x00000000000021cb        0x5 /home/zoltan/Develop/stackscan/contrib/liballocs/contrib/libsystrap/contrib/librunt/build/opt-x86_64/librunt_preload.a(preload.o)
 .text.unlikely.dlmopen
                0x00000000000021d0        0x5 /home/zoltan/Develop/stackscan/contrib/liballocs/contrib/libsystrap/contrib/librunt/build/opt-x86_64/librunt_preload.a(preload.o)
 .text.unlikely.dladdr1
                0x00000000000021d5        0x5 /home/zoltan/Develop/stackscan/contrib/liballocs/contrib/libsystrap/contrib/librunt/build/opt-x86_64/librunt_preload.a(preload.o)
 .text.unlikely.dl_iterate_phdr
                0x00000000000021da        0xa /home/zoltan/Develop/stackscan/contrib/liballocs/contrib/libsystrap/contrib/librunt/build/opt-x86_64/librunt_preload.a(preload.o)
 .text.unlikely.__runt_auxv_init
                0x00000000000021e4        0x5 /home/zoltan/Develop/stackscan/contrib/liballocs/contrib/libsystrap/contrib/librunt/build/opt-x86_64/librunt_preload.a(auxv.o)
 *(.text.exit .text.exit.*)
 .text.exit     0x00000000000021e9       0x1f /home/zoltan/Develop/stackscan/contrib/liballocs/contrib/libsystrap/contrib/musl/build-x86_64/lib/libc.a(exit.lo)
                0x00000000000021e9                exit
 *(.text.startup .text.startup.*)
 *fill*         0x0000000000002208        0x8 
 .text.startup.dynamic_xlookup.part.0
                0x0000000000002210       0x23 /home/zoltan/Develop/stackscan/contrib/liballocs/contrib/libsystrap/contrib/librunt/build/opt-x86_64/librunt_preload.a(librunt.o)
 *fill*         0x0000000000002233        0xd 
 .text.startup.__librunt_main_init
                0x0000000000002240       0x33 /home/zoltan/Develop/stackscan/contrib/liballocs/contrib/libsystrap/contrib/librunt/build/opt-x86_64/librunt_preload.a(librunt.o)
                0x0000000000002240                __librunt_main_init
 *fill*         0x0000000000002273        0xd 
 .text.startup.__librunt_global_init
                0x0000000000002280      0x84a /home/zoltan/Develop/stackscan/contrib/liballocs/contrib/libsystrap/contrib/librunt/build/opt-x86_64/librunt_preload.a(librunt.o)
                0x0000000000002280                __librunt_global_init
 *fill*         0x0000000000002aca        0x6 
 .text.startup.__runt_files_init
                0x0000000000002ad0       0x7f /home/zoltan/Develop/stackscan/contrib/liballocs/contrib/libsystrap/contrib/librunt/build/opt-x86_64/librunt_preload.a(files.o)
                0x0000000000002ad0                __runt_files_init
 *fill*         0x0000000000002b4f        0x1 
 .text.startup.__runt_segments_init
                0x0000000000002b50       0x30 /home/zoltan/Develop/stackscan/contrib/liballocs/contrib/libsystrap/contrib/librunt/build/opt-x86_64/librunt_preload.a(segments.o)
                0x0000000000002b50                __runt_segments_init
 .text.startup.__runt_sections_init
                0x0000000000002b80        0x5 /home/zoltan/Develop/stackscan/contrib/liballocs/contrib/libsystrap/contrib/librunt/build/opt-x86_64/librunt_preload.a(sections.o)
                0x0000000000002b80                __runt_sections_init
 *fill*         0x0000000000002b85       0x1b 
 .text.startup.__runt_auxv_init
                0x0000000000002ba0      0x655 /home/zoltan/Develop/stackscan/contrib/liballocs/contrib/libsystrap/contrib/librunt/build/opt-x86_64/librunt_preload.a(auxv.o)
                0x0000000000002ba0                __runt_auxv_init
 *(.text.hot .text.hot.*)
 *(SORT_BY_NAME(.text.sorted.*))
 *(.text .stub .text.* .gnu.linkonce.t.*)
 *fill*         0x00000000000031f5        0xb 
 .text          0x0000000000003200        0x9 start.o
                0x0000000000003200                _start
 .text          0x0000000000003209      0x9bd premain.o
                0x000000000000324a                __wrap___init_tp
                0x000000000000326d                __get_from_tls_reg_offset
                0x0000000000003341                start_donald
                0x0000000000003ba0                __GI_exit
 .text          0x0000000000003bc6      0xb5a main.o
                0x0000000000003bc6                main
 .text          0x0000000000004720       0x5b entry.o
                0x0000000000004720                enter
 .text          0x000000000000477b     0x1004 load.o
                0x000000000000477b                load_one_phdr
                0x0000000000004b1a                load_from_fd
                0x000000000000564c                load_file
 .text          0x000000000000577f      0xedb chain.o
                0x000000000000605e                _dl_debug_state
                0x00000000000065f3                cover_tracks
 .text          0x000000000000665a      0x1ae debug.o
                0x000000000000665a                find_or_create_dt_debug
                0x0000000000006772                populate_dt_debug
 .text          0x0000000000006808     0x2a40 allocinstr.o
                0x00000000000077ed                write_monopoline_and_detour
                0x0000000000007c3d                walk_all_ld_so_symbols
                0x0000000000007ed9                instrument_ld_so_allocators
                0x00000000000080b5                allocsld_detour_malloc
                0x00000000000080e5                allocsld_detour_calloc
                0x0000000000008145                allocsld_detour_free
                0x000000000000816e                allocsld_detour_realloc
                0x00000000000081a6                allocsld_detour_memalign
                0x00000000000081de                allocsld_detour_posix_memalign
                0x0000000000008234                allocsld_detour_malloc_usable_size
                0x0000000000008252                __ld_so_hook_init
                0x0000000000008267                __ld_so_hook_malloc
                0x000000000000831a                __ld_so_hook_free
                0x000000000000838f                __ld_so_hook_memalign
                0x000000000000841c                __ld_so_hook_realloc
                0x00000000000085b0                __ld_so_hook_malloc_usable_size
                0x00000000000085ce                __ld_so_terminal_hook_init
                0x00000000000085d9                __ld_so_terminal_hook_malloc
                0x00000000000085ff                __ld_so_terminal_hook_free
                0x0000000000008626                __ld_so_terminal_hook_realloc
                0x0000000000008657                __ld_so_terminal_hook_memalign
                0x0000000000008688                __ld_so_terminal_hook_malloc_usable_size
                0x0000000000008a78                __notify_free
                0x0000000000008a87                __ld_so_malloc_post_init
                0x0000000000008a92                __ld_so_malloc_post_successful_alloc
                0x0000000000008b5d                __ld_so_malloc_pre_alloc
                0x0000000000008be8                __ld_so_malloc_pre_nonnull_free
                0x0000000000008c9d                __ld_so_malloc_post_nonnull_free
                0x0000000000008cac                __ld_so_malloc_pre_nonnull_nonzero_realloc
                0x0000000000008cff                __ld_so_malloc_post_nonnull_nonzero_realloc
 .text          0x0000000000009248      0x79c meta-dso.o
                0x0000000000009248                ensure_meta_base
                0x00000000000092b3                meta_libfile_name_by_path
                0x00000000000093a1                meta_libfile_name_by_build_id
                0x000000000000966c                find_and_open_meta_libfile
 .text          0x00000000000099e4      0x118 err.o
                0x00000000000099e4                get_stream_err
                0x0000000000009ae7                __liballocs_errstring
 .text          0x0000000000009afc        0x0 /home/zoltan/Develop/stackscan/contrib/liballocs/contrib/libsystrap/contrib/musl/build-x86_64/lib/libc.a(__libc_start_main.lo)
 .text.dummy    0x0000000000009afc        0x5 /home/zoltan/Develop/stackscan/contrib/liballocs/contrib/libsystrap/contrib/musl/build-x86_64/lib/libc.a(__libc_start_main.lo)
                0x0000000000009afc                _init
 .text.dummy1   0x0000000000009b01        0x5 /home/zoltan/Develop/stackscan/contrib/liballocs/contrib/libsystrap/contrib/musl/build-x86_64/lib/libc.a(__libc_start_main.lo)
                0x0000000000009b01                __init_ssp
 .text.__init_libc
                0x0000000000009b06      0x181 /home/zoltan/Develop/stackscan/contrib/liballocs/contrib/libsystrap/contrib/musl/build-x86_64/lib/libc.a(__libc_start_main.lo)
                0x0000000000009b06                __init_libc
 .text.libc_start_init
                0x0000000000009c87       0x24 /home/zoltan/Develop/stackscan/contrib/liballocs/contrib/libsystrap/contrib/musl/build-x86_64/lib/libc.a(__libc_start_main.lo)
                0x0000000000009c87                __libc_start_init
 .text.libc_start_main_stage2
                0x0000000000009cab       0x33 /home/zoltan/Develop/stackscan/contrib/liballocs/contrib/libsystrap/contrib/musl/build-x86_64/lib/libc.a(__libc_start_main.lo)
 .text.__libc_start_main
                0x0000000000009cde       0x36 /home/zoltan/Develop/stackscan/contrib/liballocs/contrib/libsystrap/contrib/musl/build-x86_64/lib/libc.a(__libc_start_main.lo)
                0x0000000000009cde                __libc_start_main
 .text          0x0000000000009d14        0x0 /home/zoltan/Develop/stackscan/contrib/liballocs/contrib/libsystrap/contrib/musl/build-x86_64/lib/libc.a(getenv.lo)
 .text.getenv   0x0000000000009d14       0x68 /home/zoltan/Develop/stackscan/contrib/liballocs/contrib/libsystrap/contrib/musl/build-x86_64/lib/libc.a(getenv.lo)
                0x0000000000009d14                getenv
 .text          0x0000000000009d7c        0x0 /home/zoltan/Develop/stackscan/contrib/liballocs/contrib/libsystrap/contrib/musl/build-x86_64/lib/libc.a(__errno_location.lo)
 .text.__errno_location
                0x0000000000009d7c       0x12 /home/zoltan/Develop/stackscan/contrib/liballocs/contrib/libsystrap/contrib/musl/build-x86_64/lib/libc.a(__errno_location.lo)
                0x0000000000009d7c                ___errno_location
                0x0000000000009d7c                __errno_location
 .text          0x0000000000009d8e        0x0 /home/zoltan/Develop/stackscan/contrib/liballocs/contrib/libsystrap/contrib/musl/build-x86_64/lib/libc.a(strerror.lo)
 .text.__strerror_l
                0x0000000000009d8e       0x41 /home/zoltan/Develop/stackscan/contrib/liballocs/contrib/libsystrap/contrib/musl/build-x86_64/lib/libc.a(strerror.lo)
                0x0000000000009d8e                strerror_l
                0x0000000000009d8e                __strerror_l
 .text.strerror
                0x0000000000009dcf       0x19 /home/zoltan/Develop/stackscan/contrib/liballocs/contrib/libsystrap/contrib/musl/build-x86_64/lib/libc.a(strerror.lo)
                0x0000000000009dcf                strerror
 .text          0x0000000000009de8        0x0 /home/zoltan/Develop/stackscan/contrib/liballocs/contrib/libsystrap/contrib/musl/build-x86_64/lib/libc.a(abort.lo)
 .text.abort    0x0000000000009de8       0x97 /home/zoltan/Develop/stackscan/contrib/liballocs/contrib/libsystrap/contrib/musl/build-x86_64/lib/libc.a(abort.lo)
                0x0000000000009de8                abort
 .text          0x0000000000009e7f        0x0 /home/zoltan/Develop/stackscan/contrib/liballocs/contrib/libsystrap/contrib/musl/build-x86_64/lib/libc.a(assert.lo)
 .text.__assert_fail
                0x0000000000009e7f       0x34 /home/zoltan/Develop/stackscan/contrib/liballocs/contrib/libsystrap/contrib/musl/build-x86_64/lib/libc.a(assert.lo)
                0x0000000000009e7f                __assert_fail
 .text          0x0000000000009eb3        0x0 /home/zoltan/Develop/stackscan/contrib/liballocs/contrib/libsystrap/contrib/musl/build-x86_64/lib/libc.a(exit.lo)
 .text.dummy    0x0000000000009eb3        0x5 /home/zoltan/Develop/stackscan/contrib/liballocs/contrib/libsystrap/contrib/musl/build-x86_64/lib/libc.a(exit.lo)
                0x0000000000009eb3                __funcs_on_exit
                0x0000000000009eb3                _fini
 .text.libc_exit_fini
                0x0000000000009eb8       0x27 /home/zoltan/Develop/stackscan/contrib/liballocs/contrib/libsystrap/contrib/musl/build-x86_64/lib/libc.a(exit.lo)
                0x0000000000009eb8                __libc_exit_fini
 .text          0x0000000000009edf        0x0 /home/zoltan/Develop/stackscan/contrib/liballocs/contrib/libsystrap/contrib/musl/build-x86_64/lib/libc.a(open.lo)
 .text.open     0x0000000000009edf       0x86 /home/zoltan/Develop/stackscan/contrib/liballocs/contrib/libsystrap/contrib/musl/build-x86_64/lib/libc.a(open.lo)
                0x0000000000009edf                open64
                0x0000000000009edf                open
 .text          0x0000000000009f65        0x0 /home/zoltan/Develop/stackscan/contrib/liballocs/contrib/libsystrap/contrib/musl/build-x86_64/lib/libc.a(defsysinfo.lo)
 .text          0x0000000000009f65        0x0 /home/zoltan/Develop/stackscan/contrib/liballocs/contrib/libsystrap/contrib/musl/build-x86_64/lib/libc.a(libc.lo)
 .text          0x0000000000009f65        0x0 /home/zoltan/Develop/stackscan/contrib/liballocs/contrib/libsystrap/contrib/musl/build-x86_64/lib/libc.a(syscall_ret.lo)
 *fill*         0x0000000000009f65        0xb 
 .text.__syscall_ret
                0x0000000000009f70       0x30 /home/zoltan/Develop/stackscan/contrib/liballocs/contrib/libsystrap/contrib/musl/build-x86_64/lib/libc.a(syscall_ret.lo)
                0x0000000000009f70                __syscall_ret
 .text          0x0000000000009fa0        0x0 /home/zoltan/Develop/stackscan/contrib/liballocs/contrib/libsystrap/contrib/musl/build-x86_64/lib/libc.a(__lctrans.lo)
 .text.dummy    0x0000000000009fa0        0x8 /home/zoltan/Develop/stackscan/contrib/liballocs/contrib/libsystrap/contrib/musl/build-x86_64/lib/libc.a(__lctrans.lo)
                0x0000000000009fa0                __lctrans_impl
 .text.__lctrans
                0x0000000000009fa8        0x9 /home/zoltan/Develop/stackscan/contrib/liballocs/contrib/libsystrap/contrib/musl/build-x86_64/lib/libc.a(__lctrans.lo)
                0x0000000000009fa8                __lctrans
 .text.__lctrans_cur
                0x0000000000009fb1       0x1d /home/zoltan/Develop/stackscan/contrib/liballocs/contrib/libsystrap/contrib/musl/build-x86_64/lib/libc.a(__lctrans.lo)
                0x0000000000009fb1                __lctrans_cur
 .text          0x0000000000009fce        0x0 /home/zoltan/Develop/stackscan/contrib/liballocs/contrib/libsystrap/contrib/musl/build-x86_64/lib/libc.a(syscall.lo)
 .text.syscall  0x0000000000009fce       0x67 /home/zoltan/Develop/stackscan/contrib/liballocs/contrib/libsystrap/contrib/musl/build-x86_64/lib/libc.a(syscall.lo)
                0x0000000000009fce                syscall
 .text          0x000000000000a035        0x0 /home/zoltan/Develop/stackscan/contrib/liballocs/contrib/libsystrap/contrib/musl/build-x86_64/lib/libc.a(mmap.lo)
 .text.dummy    0x000000000000a035        0x5 /home/zoltan/Develop/stackscan/contrib/liballocs/contrib/libsystrap/contrib/musl/build-x86_64/lib/libc.a(mmap.lo)
                0x000000000000a035                __vm_wait
 .text.__mmap   0x000000000000a03a       0xca /home/zoltan/Develop/stackscan/contrib/liballocs/contrib/libsystrap/contrib/musl/build-x86_64/lib/libc.a(mmap.lo)
                0x000000000000a03a                __mmap
                0x000000000000a03a                mmap
                0x000000000000a03a                mmap64
 .text          0x000000000000a104        0x0 /home/zoltan/Develop/stackscan/contrib/liballocs/contrib/libsystrap/contrib/musl/build-x86_64/lib/libc.a(mprotect.lo)
 .text.__mprotect
                0x000000000000a104       0x35 /home/zoltan/Develop/stackscan/contrib/liballocs/contrib/libsystrap/contrib/musl/build-x86_64/lib/libc.a(mprotect.lo)
                0x000000000000a104                __mprotect
                0x000000000000a104                mprotect
 .text          0x000000000000a139        0x0 /home/zoltan/Develop/stackscan/contrib/liballocs/contrib/libsystrap/contrib/musl/build-x86_64/lib/libc.a(block.lo)
 .text.__block_all_sigs
                0x000000000000a139       0x1e /home/zoltan/Develop/stackscan/contrib/liballocs/contrib/libsystrap/contrib/musl/build-x86_64/lib/libc.a(block.lo)
                0x000000000000a139                __block_all_sigs
 .text.__block_app_sigs
                0x000000000000a157       0x1e /home/zoltan/Develop/stackscan/contrib/liballocs/contrib/libsystrap/contrib/musl/build-x86_64/lib/libc.a(block.lo)
                0x000000000000a157                __block_app_sigs
 .text.__restore_sigs
                0x000000000000a175       0x1c /home/zoltan/Develop/stackscan/contrib/liballocs/contrib/libsystrap/contrib/musl/build-x86_64/lib/libc.a(block.lo)
                0x000000000000a175                __restore_sigs
 .text          0x000000000000a191        0x0 /home/zoltan/Develop/stackscan/contrib/liballocs/contrib/libsystrap/contrib/musl/build-x86_64/lib/libc.a(raise.lo)
 .text.raise    0x000000000000a191       0x4d /home/zoltan/Develop/stackscan/contrib/liballocs/contrib/libsystrap/contrib/musl/build-x86_64/lib/libc.a(raise.lo)
                0x000000000000a191                raise
 .text          0x000000000000a1de        0x0 /home/zoltan/Develop/stackscan/contrib/liballocs/contrib/libsystrap/contrib/musl/build-x86_64/lib/libc.a(fstat.lo)
 .text.fstat    0x000000000000a1de       0x2b /home/zoltan/Develop/stackscan/contrib/liballocs/contrib/libsystrap/contrib/musl/build-x86_64/lib/libc.a(fstat.lo)
                0x000000000000a1de                fstat64
                0x000000000000a1de                fstat
 .text          0x000000000000a209        0x0 /home/zoltan/Develop/stackscan/contrib/liballocs/contrib/libsystrap/contrib/musl/build-x86_64/lib/libc.a(fstatat.lo)
 .text.fstatat  0x000000000000a209      0x199 /home/zoltan/Develop/stackscan/contrib/liballocs/contrib/libsystrap/contrib/musl/build-x86_64/lib/libc.a(fstatat.lo)
                0x000000000000a209                fstatat
                0x000000000000a209                fstatat64
 .text          0x000000000000a3a2        0x0 /home/zoltan/Develop/stackscan/contrib/liballocs/contrib/libsystrap/contrib/musl/build-x86_64/lib/libc.a(stat.lo)
 .text.stat     0x000000000000a3a2       0x16 /home/zoltan/Develop/stackscan/contrib/liballocs/contrib/libsystrap/contrib/musl/build-x86_64/lib/libc.a(stat.lo)
                0x000000000000a3a2                stat64
                0x000000000000a3a2                stat
 .text          0x000000000000a3b8        0x0 /home/zoltan/Develop/stackscan/contrib/liballocs/contrib/libsystrap/contrib/musl/build-x86_64/lib/libc.a(fflush.lo)
 .text.fflush   0x000000000000a3b8      0x129 /home/zoltan/Develop/stackscan/contrib/liballocs/contrib/libsystrap/contrib/musl/build-x86_64/lib/libc.a(fflush.lo)
                0x000000000000a3b8                fflush
                0x000000000000a3b8                fflush_unlocked
 .text          0x000000000000a4e1        0x0 /home/zoltan/Develop/stackscan/contrib/liballocs/contrib/libsystrap/contrib/musl/build-x86_64/lib/libc.a(fopen.lo)
 .text.fopen    0x000000000000a4e1       0xa8 /home/zoltan/Develop/stackscan/contrib/liballocs/contrib/libsystrap/contrib/musl/build-x86_64/lib/libc.a(fopen.lo)
                0x000000000000a4e1                fopen
                0x000000000000a4e1                fopen64
 .text          0x000000000000a589        0x0 /home/zoltan/Develop/stackscan/contrib/liballocs/contrib/libsystrap/contrib/musl/build-x86_64/lib/libc.a(fprintf.lo)
 .text.fprintf  0x000000000000a589       0x93 /home/zoltan/Develop/stackscan/contrib/liballocs/contrib/libsystrap/contrib/musl/build-x86_64/lib/libc.a(fprintf.lo)
                0x000000000000a589                fprintf
 .text          0x000000000000a61c        0x0 /home/zoltan/Develop/stackscan/contrib/liballocs/contrib/libsystrap/contrib/musl/build-x86_64/lib/libc.a(fputc.lo)
 .text.locking_putc
                0x000000000000a61c       0x9a /home/zoltan/Develop/stackscan/contrib/liballocs/contrib/libsystrap/contrib/musl/build-x86_64/lib/libc.a(fputc.lo)
 .text.fputc    0x000000000000a6b6       0x59 /home/zoltan/Develop/stackscan/contrib/liballocs/contrib/libsystrap/contrib/musl/build-x86_64/lib/libc.a(fputc.lo)
                0x000000000000a6b6                fputc
 .text          0x000000000000a70f        0x0 /home/zoltan/Develop/stackscan/contrib/liballocs/contrib/libsystrap/contrib/musl/build-x86_64/lib/libc.a(fwrite.lo)
 .text.__fwritex
                0x000000000000a70f       0xac /home/zoltan/Develop/stackscan/contrib/liballocs/contrib/libsystrap/contrib/musl/build-x86_64/lib/libc.a(fwrite.lo)
                0x000000000000a70f                __fwritex
 .text.fwrite   0x000000000000a7bb       0x81 /home/zoltan/Develop/stackscan/contrib/liballocs/contrib/libsystrap/contrib/musl/build-x86_64/lib/libc.a(fwrite.lo)
                0x000000000000a7bb                fwrite_unlocked
                0x000000000000a7bb                fwrite
 .text          0x000000000000a83c        0x0 /home/zoltan/Develop/stackscan/contrib/liballocs/contrib/libsystrap/contrib/musl/build-x86_64/lib/libc.a(ofl.lo)
 .text.__ofl_lock
                0x000000000000a83c       0x1a /home/zoltan/Develop/stackscan/contrib/liballocs/contrib/libsystrap/contrib/musl/build-x86_64/lib/libc.a(ofl.lo)
                0x000000000000a83c                __ofl_lock
 .text.__ofl_unlock
                0x000000000000a856       0x10 /home/zoltan/Develop/stackscan/contrib/liballocs/contrib/libsystrap/contrib/musl/build-x86_64/lib/libc.a(ofl.lo)
                0x000000000000a856                __ofl_unlock
 .text          0x000000000000a866        0x0 /home/zoltan/Develop/stackscan/contrib/liballocs/contrib/libsystrap/contrib/musl/build-x86_64/lib/libc.a(snprintf.lo)
 .text.snprintf
                0x000000000000a866       0x8e /home/zoltan/Develop/stackscan/contrib/liballocs/contrib/libsystrap/contrib/musl/build-x86_64/lib/libc.a(snprintf.lo)
                0x000000000000a866                snprintf
 .text          0x000000000000a8f4        0x0 /home/zoltan/Develop/stackscan/contrib/liballocs/contrib/libsystrap/contrib/musl/build-x86_64/lib/libc.a(stderr.lo)
 .text          0x000000000000a8f4        0x0 /home/zoltan/Develop/stackscan/contrib/liballocs/contrib/libsystrap/contrib/musl/build-x86_64/lib/libc.a(vfprintf.lo)
 .text.pop_arg  0x000000000000a8f4      0x16f /home/zoltan/Develop/stackscan/contrib/liballocs/contrib/libsystrap/contrib/musl/build-x86_64/lib/libc.a(vfprintf.lo)
 .text.fmt_u    0x000000000000aa63       0x20 /home/zoltan/Develop/stackscan/contrib/liballocs/contrib/libsystrap/contrib/musl/build-x86_64/lib/libc.a(vfprintf.lo)
 .text.getint   0x000000000000aa83       0x45 /home/zoltan/Develop/stackscan/contrib/liballocs/contrib/libsystrap/contrib/musl/build-x86_64/lib/libc.a(vfprintf.lo)
 .text.out      0x000000000000aac8       0x17 /home/zoltan/Develop/stackscan/contrib/liballocs/contrib/libsystrap/contrib/musl/build-x86_64/lib/libc.a(vfprintf.lo)
 .text.pad      0x000000000000aadf       0x89 /home/zoltan/Develop/stackscan/contrib/liballocs/contrib/libsystrap/contrib/musl/build-x86_64/lib/libc.a(vfprintf.lo)
 .text.fmt_fp   0x000000000000ab68      0xb46 /home/zoltan/Develop/stackscan/contrib/liballocs/contrib/libsystrap/contrib/musl/build-x86_64/lib/libc.a(vfprintf.lo)
 .text.printf_core
                0x000000000000b6ae      0x955 /home/zoltan/Develop/stackscan/contrib/liballocs/contrib/libsystrap/contrib/musl/build-x86_64/lib/libc.a(vfprintf.lo)
 .text.vfprintf
                0x000000000000c003      0x174 /home/zoltan/Develop/stackscan/contrib/liballocs/contrib/libsystrap/contrib/musl/build-x86_64/lib/libc.a(vfprintf.lo)
                0x000000000000c003                vfprintf
 .text          0x000000000000c177        0x0 /home/zoltan/Develop/stackscan/contrib/liballocs/contrib/libsystrap/contrib/musl/build-x86_64/lib/libc.a(vsnprintf.lo)
 .text.sn_write
                0x000000000000c177       0x97 /home/zoltan/Develop/stackscan/contrib/liballocs/contrib/libsystrap/contrib/musl/build-x86_64/lib/libc.a(vsnprintf.lo)
 .text.vsnprintf
                0x000000000000c20e       0xa4 /home/zoltan/Develop/stackscan/contrib/liballocs/contrib/libsystrap/contrib/musl/build-x86_64/lib/libc.a(vsnprintf.lo)
                0x000000000000c20e                vsnprintf
 .text          0x000000000000c2b2        0x0 /home/zoltan/Develop/stackscan/contrib/liballocs/contrib/libsystrap/contrib/musl/build-x86_64/lib/libc.a(qsort.lo)
 .text.cycle    0x000000000000c2b2       0x7b /home/zoltan/Develop/stackscan/contrib/liballocs/contrib/libsystrap/contrib/musl/build-x86_64/lib/libc.a(qsort.lo)
 .text.sift     0x000000000000c32d       0xca /home/zoltan/Develop/stackscan/contrib/liballocs/contrib/libsystrap/contrib/musl/build-x86_64/lib/libc.a(qsort.lo)
 .text.trinkle  0x000000000000c3f7      0x193 /home/zoltan/Develop/stackscan/contrib/liballocs/contrib/libsystrap/contrib/musl/build-x86_64/lib/libc.a(qsort.lo)
 .text.qsort    0x000000000000c58a      0x2e2 /home/zoltan/Develop/stackscan/contrib/liballocs/contrib/libsystrap/contrib/musl/build-x86_64/lib/libc.a(qsort.lo)
                0x000000000000c58a                qsort
 .text          0x000000000000c86c        0x0 /home/zoltan/Develop/stackscan/contrib/liballocs/contrib/libsystrap/contrib/musl/build-x86_64/lib/libc.a(memcmp.lo)
 *fill*         0x000000000000c86c       0x14 
 .text.memcmp   0x000000000000c880       0x43 /home/zoltan/Develop/stackscan/contrib/liballocs/contrib/libsystrap/contrib/musl/build-x86_64/lib/libc.a(memcmp.lo)
                0x000000000000c880                memcmp
 .text          0x000000000000c8c3        0x0 /home/zoltan/Develop/stackscan/contrib/liballocs/contrib/libsystrap/contrib/musl/build-x86_64/lib/libc.a(strchr.lo)
 *fill*         0x000000000000c8c3        0xd 
 .text.strchr   0x000000000000c8d0       0x16 /home/zoltan/Develop/stackscan/contrib/liballocs/contrib/libsystrap/contrib/musl/build-x86_64/lib/libc.a(strchr.lo)
                0x000000000000c8d0                strchr
 .text          0x000000000000c8e6        0x0 /home/zoltan/Develop/stackscan/contrib/liballocs/contrib/libsystrap/contrib/musl/build-x86_64/lib/libc.a(strchrnul.lo)
 *fill*         0x000000000000c8e6       0x1a 
 .text.__strchrnul
                0x000000000000c900      0x136 /home/zoltan/Develop/stackscan/contrib/liballocs/contrib/libsystrap/contrib/musl/build-x86_64/lib/libc.a(strchrnul.lo)
                0x000000000000c900                __strchrnul
                0x000000000000c900                strchrnul
 .text          0x000000000000ca36        0x0 /home/zoltan/Develop/stackscan/contrib/liballocs/contrib/libsystrap/contrib/musl/build-x86_64/lib/libc.a(strcmp.lo)
 *fill*         0x000000000000ca36        0xa 
 .text.strcmp   0x000000000000ca40       0x46 /home/zoltan/Develop/stackscan/contrib/liballocs/contrib/libsystrap/contrib/musl/build-x86_64/lib/libc.a(strcmp.lo)
                0x000000000000ca40                strcmp
 .text          0x000000000000ca86        0x0 /home/zoltan/Develop/stackscan/contrib/liballocs/contrib/libsystrap/contrib/musl/build-x86_64/lib/libc.a(strlen.lo)
 *fill*         0x000000000000ca86       0x1a 
 .text.strlen   0x000000000000caa0       0x8d /home/zoltan/Develop/stackscan/contrib/liballocs/contrib/libsystrap/contrib/musl/build-x86_64/lib/libc.a(strlen.lo)
                0x000000000000caa0                strlen
 .text          0x000000000000cb2d        0x0 /home/zoltan/Develop/stackscan/contrib/liballocs/contrib/libsystrap/contrib/musl/build-x86_64/lib/libc.a(strncat.lo)
 *fill*         0x000000000000cb2d       0x13 
 .text.strncat  0x000000000000cb40       0x62 /home/zoltan/Develop/stackscan/contrib/liballocs/contrib/libsystrap/contrib/musl/build-x86_64/lib/libc.a(strncat.lo)
                0x000000000000cb40                strncat
 .text          0x000000000000cba2        0x0 /home/zoltan/Develop/stackscan/contrib/liballocs/contrib/libsystrap/contrib/musl/build-x86_64/lib/libc.a(strncmp.lo)
 *fill*         0x000000000000cba2        0xe 
 .text.strncmp  0x000000000000cbb0       0x61 /home/zoltan/Develop/stackscan/contrib/liballocs/contrib/libsystrap/contrib/musl/build-x86_64/lib/libc.a(strncmp.lo)
                0x000000000000cbb0                strncmp
 .text          0x000000000000cc11        0x0 /home/zoltan/Develop/stackscan/contrib/liballocs/contrib/libsystrap/contrib/musl/build-x86_64/lib/libc.a(strnlen.lo)
 *fill*         0x000000000000cc11        0xf 
 .text.strnlen  0x000000000000cc20       0x2e /home/zoltan/Develop/stackscan/contrib/liballocs/contrib/libsystrap/contrib/musl/build-x86_64/lib/libc.a(strnlen.lo)
                0x000000000000cc20                strnlen
 .text          0x000000000000cc4e       0x32 /home/zoltan/Develop/stackscan/contrib/liballocs/contrib/libsystrap/contrib/musl/build-x86_64/lib/libc.a(memcpy.lo)
                0x000000000000cc4e                memcpy
                0x000000000000cc4e                __memcpy_fwd
 .text          0x000000000000cc80       0xc4 /home/zoltan/Develop/stackscan/contrib/liballocs/contrib/libsystrap/contrib/musl/build-x86_64/lib/libc.a(memset.lo)
                0x000000000000cc80                memset
 .text          0x000000000000cd44        0x0 /home/zoltan/Develop/stackscan/contrib/liballocs/contrib/libsystrap/contrib/musl/build-x86_64/lib/libc.a(__lock.lo)
 .text.__lock   0x000000000000cd44       0x99 /home/zoltan/Develop/stackscan/contrib/liballocs/contrib/libsystrap/contrib/musl/build-x86_64/lib/libc.a(__lock.lo)
                0x000000000000cd44                __lock
 .text.__unlock
                0x000000000000cddd       0x3e /home/zoltan/Develop/stackscan/contrib/liballocs/contrib/libsystrap/contrib/musl/build-x86_64/lib/libc.a(__lock.lo)
                0x000000000000cddd                __unlock
 .text          0x000000000000ce1b        0x0 /home/zoltan/Develop/stackscan/contrib/liballocs/contrib/libsystrap/contrib/musl/build-x86_64/lib/libc.a(__syscall_cp.lo)
 .text.sccp     0x000000000000ce1b       0x1e /home/zoltan/Develop/stackscan/contrib/liballocs/contrib/libsystrap/contrib/musl/build-x86_64/lib/libc.a(__syscall_cp.lo)
                0x000000000000ce1b                __syscall_cp_c
 .text.__syscall_cp
                0x000000000000ce39        0x9 /home/zoltan/Develop/stackscan/contrib/liballocs/contrib/libsystrap/contrib/musl/build-x86_64/lib/libc.a(__syscall_cp.lo)
                0x000000000000ce39                __syscall_cp
 .text          0x000000000000ce42       0x10 /home/zoltan/Develop/stackscan/contrib/liballocs/contrib/libsystrap/contrib/musl/build-x86_64/lib/libc.a(__set_thread_area.lo)
                0x000000000000ce42                __set_thread_area
 .text          0x000000000000ce52        0x0 /home/zoltan/Develop/stackscan/contrib/liballocs/contrib/libsystrap/contrib/musl/build-x86_64/lib/libc.a(close.lo)
 .text.dummy    0x000000000000ce52        0x7 /home/zoltan/Develop/stackscan/contrib/liballocs/contrib/libsystrap/contrib/musl/build-x86_64/lib/libc.a(close.lo)
                0x000000000000ce52                __aio_close
 .text.close    0x000000000000ce59       0x38 /home/zoltan/Develop/stackscan/contrib/liballocs/contrib/libsystrap/contrib/musl/build-x86_64/lib/libc.a(close.lo)
                0x000000000000ce59                close
 .text          0x000000000000ce91        0x0 /home/zoltan/Develop/stackscan/contrib/liballocs/contrib/libsystrap/contrib/musl/build-x86_64/lib/libc.a(lseek.lo)
 .text.__lseek  0x000000000000ce91       0x19 /home/zoltan/Develop/stackscan/contrib/liballocs/contrib/libsystrap/contrib/musl/build-x86_64/lib/libc.a(lseek.lo)
                0x000000000000ce91                lseek
                0x000000000000ce91                __lseek
                0x000000000000ce91                lseek64
 .text          0x000000000000ceaa        0x0 /home/zoltan/Develop/stackscan/contrib/liballocs/contrib/libsystrap/contrib/musl/build-x86_64/lib/libc.a(read.lo)
 .text.read     0x000000000000ceaa       0x2f /home/zoltan/Develop/stackscan/contrib/liballocs/contrib/libsystrap/contrib/musl/build-x86_64/lib/libc.a(read.lo)
                0x000000000000ceaa                read
 .text          0x000000000000ced9        0x0 /home/zoltan/Develop/stackscan/contrib/liballocs/contrib/libsystrap/contrib/musl/build-x86_64/lib/libc.a(__environ.lo)
 .text          0x000000000000ced9        0x0 /home/zoltan/Develop/stackscan/contrib/liballocs/contrib/libsystrap/contrib/musl/build-x86_64/lib/libc.a(__init_tls.lo)
 .text.__init_tp
                0x000000000000ced9       0x72 /home/zoltan/Develop/stackscan/contrib/liballocs/contrib/libsystrap/contrib/musl/build-x86_64/lib/libc.a(__init_tls.lo)
                0x000000000000ced9                __init_tp
 .text.__copy_tls
                0x000000000000cf4b       0x84 /home/zoltan/Develop/stackscan/contrib/liballocs/contrib/libsystrap/contrib/musl/build-x86_64/lib/libc.a(__init_tls.lo)
                0x000000000000cf4b                __copy_tls
 .text.static_init_tls
                0x000000000000cfcf      0x17f /home/zoltan/Develop/stackscan/contrib/liballocs/contrib/libsystrap/contrib/musl/build-x86_64/lib/libc.a(__init_tls.lo)
                0x000000000000cfcf                __init_tls
 .text          0x000000000000d14e        0x0 /home/zoltan/Develop/stackscan/contrib/liballocs/contrib/libsystrap/contrib/musl/build-x86_64/lib/libc.a(_Exit.lo)
 .text._Exit    0x000000000000d14e       0x15 /home/zoltan/Develop/stackscan/contrib/liballocs/contrib/libsystrap/contrib/musl/build-x86_64/lib/libc.a(_Exit.lo)
                0x000000000000d14e                _Exit
 .text          0x000000000000d163        0x0 /home/zoltan/Develop/stackscan/contrib/liballocs/contrib/libsystrap/contrib/musl/build-x86_64/lib/libc.a(procfdname.lo)
 *fill*         0x000000000000d163       0x1d 
 .text.__procfdname
                0x000000000000d180       0xbb /home/zoltan/Develop/stackscan/contrib/liballocs/contrib/libsystrap/contrib/musl/build-x86_64/lib/libc.a(procfdname.lo)
                0x000000000000d180                __procfdname
 .text          0x000000000000d23b        0x0 /home/zoltan/Develop/stackscan/contrib/liballocs/contrib/libsystrap/contrib/musl/build-x86_64/lib/libc.a(__fpclassifyl.lo)
 .text.__fpclassifyl
                0x000000000000d23b       0x4d /home/zoltan/Develop/stackscan/contrib/liballocs/contrib/libsystrap/contrib/musl/build-x86_64/lib/libc.a(__fpclassifyl.lo)
                0x000000000000d23b                __fpclassifyl
 .text          0x000000000000d288        0x0 /home/zoltan/Develop/stackscan/contrib/liballocs/contrib/libsystrap/contrib/musl/build-x86_64/lib/libc.a(__signbitl.lo)
 .text.__signbitl
                0x000000000000d288       0x11 /home/zoltan/Develop/stackscan/contrib/liballocs/contrib/libsystrap/contrib/musl/build-x86_64/lib/libc.a(__signbitl.lo)
                0x000000000000d288                __signbitl
 .text          0x000000000000d299        0x0 /home/zoltan/Develop/stackscan/contrib/liballocs/contrib/libsystrap/contrib/musl/build-x86_64/lib/libc.a(frexpl.lo)
 .text.frexpl   0x000000000000d299       0x87 /home/zoltan/Develop/stackscan/contrib/liballocs/contrib/libsystrap/contrib/musl/build-x86_64/lib/libc.a(frexpl.lo)
                0x000000000000d299                frexpl
 .text          0x000000000000d320        0x0 /home/zoltan/Develop/stackscan/contrib/liballocs/contrib/libsystrap/contrib/musl/build-x86_64/lib/libc.a(wctomb.lo)
 .text.wctomb   0x000000000000d320       0x16 /home/zoltan/Develop/stackscan/contrib/liballocs/contrib/libsystrap/contrib/musl/build-x86_64/lib/libc.a(wctomb.lo)
                0x000000000000d320                wctomb
 .text          0x000000000000d336        0x0 /home/zoltan/Develop/stackscan/contrib/liballocs/contrib/libsystrap/contrib/musl/build-x86_64/lib/libc.a(__fdopen.lo)
 .text.__fdopen
                0x000000000000d336      0x171 /home/zoltan/Develop/stackscan/contrib/liballocs/contrib/libsystrap/contrib/musl/build-x86_64/lib/libc.a(__fdopen.lo)
                0x000000000000d336                fdopen
                0x000000000000d336                __fdopen
 .text          0x000000000000d4a7        0x0 /home/zoltan/Develop/stackscan/contrib/liballocs/contrib/libsystrap/contrib/musl/build-x86_64/lib/libc.a(__fmodeflags.lo)
 .text.__fmodeflags
                0x000000000000d4a7       0x7d /home/zoltan/Develop/stackscan/contrib/liballocs/contrib/libsystrap/contrib/musl/build-x86_64/lib/libc.a(__fmodeflags.lo)
                0x000000000000d4a7                __fmodeflags
 .text          0x000000000000d524        0x0 /home/zoltan/Develop/stackscan/contrib/liballocs/contrib/libsystrap/contrib/musl/build-x86_64/lib/libc.a(__lockfile.lo)
 .text.__lockfile
                0x000000000000d524       0x9b /home/zoltan/Develop/stackscan/contrib/liballocs/contrib/libsystrap/contrib/musl/build-x86_64/lib/libc.a(__lockfile.lo)
                0x000000000000d524                __lockfile
 .text.__unlockfile
                0x000000000000d5bf       0x40 /home/zoltan/Develop/stackscan/contrib/liballocs/contrib/libsystrap/contrib/musl/build-x86_64/lib/libc.a(__lockfile.lo)
                0x000000000000d5bf                __unlockfile
 .text          0x000000000000d5ff        0x0 /home/zoltan/Develop/stackscan/contrib/liballocs/contrib/libsystrap/contrib/musl/build-x86_64/lib/libc.a(__overflow.lo)
 .text.__overflow
                0x000000000000d5ff       0x6d /home/zoltan/Develop/stackscan/contrib/liballocs/contrib/libsystrap/contrib/musl/build-x86_64/lib/libc.a(__overflow.lo)
                0x000000000000d5ff                __overflow
 .text          0x000000000000d66c        0x0 /home/zoltan/Develop/stackscan/contrib/liballocs/contrib/libsystrap/contrib/musl/build-x86_64/lib/libc.a(__stdio_close.lo)
 .text.dummy    0x000000000000d66c        0x7 /home/zoltan/Develop/stackscan/contrib/liballocs/contrib/libsystrap/contrib/musl/build-x86_64/lib/libc.a(__stdio_close.lo)
 .text.__stdio_close
                0x000000000000d673       0x21 /home/zoltan/Develop/stackscan/contrib/liballocs/contrib/libsystrap/contrib/musl/build-x86_64/lib/libc.a(__stdio_close.lo)
                0x000000000000d673                __stdio_close
 .text          0x000000000000d694        0x0 /home/zoltan/Develop/stackscan/contrib/liballocs/contrib/libsystrap/contrib/musl/build-x86_64/lib/libc.a(__stdio_read.lo)
 .text.__stdio_read
                0x000000000000d694       0xc0 /home/zoltan/Develop/stackscan/contrib/liballocs/contrib/libsystrap/contrib/musl/build-x86_64/lib/libc.a(__stdio_read.lo)
                0x000000000000d694                __stdio_read
 .text          0x000000000000d754        0x0 /home/zoltan/Develop/stackscan/contrib/liballocs/contrib/libsystrap/contrib/musl/build-x86_64/lib/libc.a(__stdio_seek.lo)
 .text.__stdio_seek
                0x000000000000d754        0xc /home/zoltan/Develop/stackscan/contrib/liballocs/contrib/libsystrap/contrib/musl/build-x86_64/lib/libc.a(__stdio_seek.lo)
                0x000000000000d754                __stdio_seek
 .text          0x000000000000d760        0x0 /home/zoltan/Develop/stackscan/contrib/liballocs/contrib/libsystrap/contrib/musl/build-x86_64/lib/libc.a(__stdio_write.lo)
 .text.__stdio_write
                0x000000000000d760       0xd0 /home/zoltan/Develop/stackscan/contrib/liballocs/contrib/libsystrap/contrib/musl/build-x86_64/lib/libc.a(__stdio_write.lo)
                0x000000000000d760                __stdio_write
 .text          0x000000000000d830        0x0 /home/zoltan/Develop/stackscan/contrib/liballocs/contrib/libsystrap/contrib/musl/build-x86_64/lib/libc.a(__towrite.lo)
 .text.__towrite
                0x000000000000d830       0x47 /home/zoltan/Develop/stackscan/contrib/liballocs/contrib/libsystrap/contrib/musl/build-x86_64/lib/libc.a(__towrite.lo)
                0x000000000000d830                __towrite
 .text.__towrite_needs_stdio_exit
                0x000000000000d877        0x9 /home/zoltan/Develop/stackscan/contrib/liballocs/contrib/libsystrap/contrib/musl/build-x86_64/lib/libc.a(__towrite.lo)
                0x000000000000d877                __towrite_needs_stdio_exit
 .text          0x000000000000d880        0x0 /home/zoltan/Develop/stackscan/contrib/liballocs/contrib/libsystrap/contrib/musl/build-x86_64/lib/libc.a(ofl_add.lo)
 .text.__ofl_add
                0x000000000000d880       0x2d /home/zoltan/Develop/stackscan/contrib/liballocs/contrib/libsystrap/contrib/musl/build-x86_64/lib/libc.a(ofl_add.lo)
                0x000000000000d880                __ofl_add
 .text          0x000000000000d8ad        0x0 /home/zoltan/Develop/stackscan/contrib/liballocs/contrib/libsystrap/contrib/musl/build-x86_64/lib/libc.a(memchr.lo)
 *fill*         0x000000000000d8ad       0x13 
 .text.memchr   0x000000000000d8c0      0x132 /home/zoltan/Develop/stackscan/contrib/liballocs/contrib/libsystrap/contrib/musl/build-x86_64/lib/libc.a(memchr.lo)
                0x000000000000d8c0                memchr
 .text          0x000000000000d9f2        0x0 /home/zoltan/Develop/stackscan/contrib/liballocs/contrib/libsystrap/contrib/musl/build-x86_64/lib/libc.a(default_attr.lo)
 .text          0x000000000000d9f2        0x0 /home/zoltan/Develop/stackscan/contrib/liballocs/contrib/libsystrap/contrib/musl/build-x86_64/lib/libc.a(lite_malloc.lo)
 *fill*         0x000000000000d9f2        0xe 
 .text.__simple_malloc
                0x000000000000da00      0x129 /home/zoltan/Develop/stackscan/contrib/liballocs/contrib/libsystrap/contrib/musl/build-x86_64/lib/libc.a(lite_malloc.lo)
                0x000000000000da00                malloc
 *fill*         0x000000000000db29        0x7 
 .text.__simple_calloc
                0x000000000000db30       0x2a /home/zoltan/Develop/stackscan/contrib/liballocs/contrib/libsystrap/contrib/musl/build-x86_64/lib/libc.a(lite_malloc.lo)
                0x000000000000db30                calloc
 .text          0x000000000000db5a        0x0 /home/zoltan/Develop/stackscan/contrib/liballocs/contrib/libsystrap/contrib/musl/build-x86_64/lib/libc.a(wcrtomb.lo)
 .text.wcrtomb  0x000000000000db5a      0x111 /home/zoltan/Develop/stackscan/contrib/liballocs/contrib/libsystrap/contrib/musl/build-x86_64/lib/libc.a(wcrtomb.lo)
                0x000000000000db5a                wcrtomb
 .text          0x000000000000dc6b        0x0 /home/zoltan/Develop/stackscan/contrib/liballocs/contrib/libsystrap/contrib/musl/build-x86_64/lib/libc.a(__stdio_exit.lo)
 .text.close_file
                0x000000000000dc6b       0x4e /home/zoltan/Develop/stackscan/contrib/liballocs/contrib/libsystrap/contrib/musl/build-x86_64/lib/libc.a(__stdio_exit.lo)
 .text.__stdio_exit
                0x000000000000dcb9       0x45 /home/zoltan/Develop/stackscan/contrib/liballocs/contrib/libsystrap/contrib/musl/build-x86_64/lib/libc.a(__stdio_exit.lo)
                0x000000000000dcb9                __stdio_exit
                0x000000000000dcb9                __stdio_exit_needed
 .text          0x000000000000dcfe        0x0 /home/zoltan/Develop/stackscan/contrib/liballocs/contrib/libsystrap/contrib/musl/build-x86_64/lib/libc.a(expand_heap.lo)
 *fill*         0x000000000000dcfe        0x2 
 .text.__expand_heap
                0x000000000000dd00      0x164 /home/zoltan/Develop/stackscan/contrib/liballocs/contrib/libsystrap/contrib/musl/build-x86_64/lib/libc.a(expand_heap.lo)
                0x000000000000dd00                __expand_heap
 .text          0x000000000000de64        0x0 /home/zoltan/Develop/stackscan/contrib/liballocs/contrib/libsystrap/contrib/librunt/build/opt-x86_64/librunt_preload.a(librunt.o)
 *fill*         0x000000000000de64        0xc 
 .text.dl_for_one_phdr_cb
                0x000000000000de70       0x25 /home/zoltan/Develop/stackscan/contrib/liballocs/contrib/libsystrap/contrib/librunt/build/opt-x86_64/librunt_preload.a(librunt.o)
 *fill*         0x000000000000de95        0xb 
 .text.get_highest_loaded_object_below
                0x000000000000dea0      0x17f /home/zoltan/Develop/stackscan/contrib/liballocs/contrib/libsystrap/contrib/librunt/build/opt-x86_64/librunt_preload.a(librunt.o)
 *fill*         0x000000000000e01f        0x1 
 .text.get_exe_command_fullname
                0x000000000000e020      0x4f4 /home/zoltan/Develop/stackscan/contrib/liballocs/contrib/libsystrap/contrib/librunt/build/opt-x86_64/librunt_preload.a(librunt.o)
                0x000000000000e020                get_exe_command_fullname
 *fill*         0x000000000000e514        0xc 
 .text.get_exe_dynobj_fullname
                0x000000000000e520       0x53 /home/zoltan/Develop/stackscan/contrib/liballocs/contrib/libsystrap/contrib/librunt/build/opt-x86_64/librunt_preload.a(librunt.o)
                0x000000000000e520                get_exe_dynobj_fullname
 *fill*         0x000000000000e573        0xd 
 .text.__runt_get_exe_realpath
                0x000000000000e580       0x53 /home/zoltan/Develop/stackscan/contrib/liballocs/contrib/libsystrap/contrib/librunt/build/opt-x86_64/librunt_preload.a(librunt.o)
                0x000000000000e580                __runt_get_exe_realpath
 *fill*         0x000000000000e5d3        0xd 
 .text.get_exe_command_basename
                0x000000000000e5e0       0x7e /home/zoltan/Develop/stackscan/contrib/liballocs/contrib/libsystrap/contrib/librunt/build/opt-x86_64/librunt_preload.a(librunt.o)
                0x000000000000e5e0                get_exe_command_basename
 *fill*         0x000000000000e65e        0x2 
 .text.dl_for_one_object_phdrs
                0x000000000000e660       0x4d /home/zoltan/Develop/stackscan/contrib/liballocs/contrib/libsystrap/contrib/librunt/build/opt-x86_64/librunt_preload.a(librunt.o)
                0x000000000000e660                dl_for_one_object_phdrs
 *fill*         0x000000000000e6ad       0x13 
 .text.init_early_libs
                0x000000000000e6c0      0x143 /home/zoltan/Develop/stackscan/contrib/liballocs/contrib/libsystrap/contrib/librunt/build/opt-x86_64/librunt_preload.a(librunt.o)
                0x000000000000e6c0                init_early_libs
 *fill*         0x000000000000e803        0xd 
 .text.realpath_quick
                0x000000000000e810       0x50 /home/zoltan/Develop/stackscan/contrib/liballocs/contrib/libsystrap/contrib/librunt/build/opt-x86_64/librunt_preload.a(librunt.o)
                0x000000000000e810                realpath_quick
 .text.dynobj_name_from_dlpi_name
                0x000000000000e860      0x2ab /home/zoltan/Develop/stackscan/contrib/liballocs/contrib/libsystrap/contrib/librunt/build/opt-x86_64/librunt_preload.a(librunt.o)
                0x000000000000e860                dynobj_name_from_dlpi_name
 .text          0x000000000000eb0b        0x0 /home/zoltan/Develop/stackscan/contrib/liballocs/contrib/libsystrap/contrib/librunt/build/opt-x86_64/librunt_preload.a(files.o)
 *fill*         0x000000000000eb0b        0x5 
 .text.compare_lm_pair_by_load_addr
                0x000000000000eb10       0x4e /home/zoltan/Develop/stackscan/contrib/liballocs/contrib/libsystrap/contrib/librunt/build/opt-x86_64/librunt_preload.a(files.o)
 *fill*         0x000000000000eb5e       0x22 
 .text.discover_segments_cb
                0x000000000000eb80      0x1c5 /home/zoltan/Develop/stackscan/contrib/liballocs/contrib/libsystrap/contrib/librunt/build/opt-x86_64/librunt_preload.a(files.o)
 *fill*         0x000000000000ed45       0x1b 
 .text.add_all_loaded_segments_for_one_file_only_cb
                0x000000000000ed60       0x8e /home/zoltan/Develop/stackscan/contrib/liballocs/contrib/libsystrap/contrib/librunt/build/opt-x86_64/librunt_preload.a(files.o)
 *fill*         0x000000000000edee       0x12 
 .text.get_or_map_file_range
                0x000000000000ee00      0x20f /home/zoltan/Develop/stackscan/contrib/liballocs/contrib/libsystrap/contrib/librunt/build/opt-x86_64/librunt_preload.a(files.o)
 *fill*         0x000000000000f00f        0x1 
 .text.__insert_file_metadata
                0x000000000000f010       0x61 /home/zoltan/Develop/stackscan/contrib/liballocs/contrib/libsystrap/contrib/librunt/build/opt-x86_64/librunt_preload.a(files.o)
                0x000000000000f010                __insert_file_metadata
 *fill*         0x000000000000f071        0xf 
 .text.__delete_file_metadata
                0x000000000000f080       0xa3 /home/zoltan/Develop/stackscan/contrib/liballocs/contrib/libsystrap/contrib/librunt/build/opt-x86_64/librunt_preload.a(files.o)
                0x000000000000f080                __delete_file_metadata
 *fill*         0x000000000000f123        0xd 
 .text.__alloc_file_metadata
                0x000000000000f130       0x3b /home/zoltan/Develop/stackscan/contrib/liballocs/contrib/libsystrap/contrib/librunt/build/opt-x86_64/librunt_preload.a(files.o)
                0x000000000000f130                __alloc_file_metadata
 *fill*         0x000000000000f16b        0x5 
 .text.__reopen_file
                0x000000000000f170        0xd /home/zoltan/Develop/stackscan/contrib/liballocs/contrib/libsystrap/contrib/librunt/build/opt-x86_64/librunt_preload.a(files.o)
                0x000000000000f170                __reopen_file
 *fill*         0x000000000000f17d        0x3 
 .text.lookup_by_addr
                0x000000000000f180       0x9e /home/zoltan/Develop/stackscan/contrib/liballocs/contrib/libsystrap/contrib/librunt/build/opt-x86_64/librunt_preload.a(files.o)
                0x000000000000f180                lookup_by_addr
 *fill*         0x000000000000f21e        0x2 
 .text.__runt_files_lookup_by_addr
                0x000000000000f220       0x37 /home/zoltan/Develop/stackscan/contrib/liballocs/contrib/libsystrap/contrib/librunt/build/opt-x86_64/librunt_preload.a(files.o)
                0x000000000000f220                __runt_files_lookup_by_addr
 *fill*         0x000000000000f257        0x9 
 .text.__runt_files_metadata_by_addr
                0x000000000000f260       0x37 /home/zoltan/Develop/stackscan/contrib/liballocs/contrib/libsystrap/contrib/librunt/build/opt-x86_64/librunt_preload.a(files.o)
                0x000000000000f260                __runt_files_metadata_by_addr
 *fill*         0x000000000000f297        0x9 
 .text.__runt_files_notify_load
                0x000000000000f2a0      0x818 /home/zoltan/Develop/stackscan/contrib/liballocs/contrib/libsystrap/contrib/librunt/build/opt-x86_64/librunt_preload.a(files.o)
                0x000000000000f2a0                __runt_files_notify_load
 *fill*         0x000000000000fab8        0x8 
 .text.__runt_deinit_file_metadata
                0x000000000000fac0       0x4f /home/zoltan/Develop/stackscan/contrib/liballocs/contrib/libsystrap/contrib/librunt/build/opt-x86_64/librunt_preload.a(files.o)
                0x000000000000fac0                __runt_deinit_file_metadata
 *fill*         0x000000000000fb0f        0x1 
 .text.__runt_files_notify_unload
                0x000000000000fb10       0xa1 /home/zoltan/Develop/stackscan/contrib/liballocs/contrib/libsystrap/contrib/librunt/build/opt-x86_64/librunt_preload.a(files.o)
                0x000000000000fb10                __runt_files_notify_unload
 *fill*         0x000000000000fbb1        0xf 
 .text.__runt_find_section_boundary
                0x000000000000fbc0      0x1d0 /home/zoltan/Develop/stackscan/contrib/liballocs/contrib/libsystrap/contrib/librunt/build/opt-x86_64/librunt_preload.a(files.o)
                0x000000000000fbc0                __runt_find_section_boundary
 .text          0x000000000000fd90        0x0 /home/zoltan/Develop/stackscan/contrib/liballocs/contrib/libsystrap/contrib/librunt/build/opt-x86_64/librunt_preload.a(segments.o)
 .text.__runt_segments_notify_define_segment
                0x000000000000fd90       0xaf /home/zoltan/Develop/stackscan/contrib/liballocs/contrib/libsystrap/contrib/librunt/build/opt-x86_64/librunt_preload.a(segments.o)
                0x000000000000fd90                __runt_segments_notify_define_segment
 *fill*         0x000000000000fe3f        0x1 
 .text.__runt_segments_notify_destroy_segment
                0x000000000000fe40        0x5 /home/zoltan/Develop/stackscan/contrib/liballocs/contrib/libsystrap/contrib/librunt/build/opt-x86_64/librunt_preload.a(segments.o)
                0x000000000000fe40                __runt_segments_notify_destroy_segment
 .text          0x000000000000fe45        0x0 /home/zoltan/Develop/stackscan/contrib/liballocs/contrib/libsystrap/contrib/librunt/build/opt-x86_64/librunt_preload.a(sections.o)
 *fill*         0x000000000000fe45        0xb 
 .text.__runt_sections_notify_define_section
                0x000000000000fe50       0x89 /home/zoltan/Develop/stackscan/contrib/liballocs/contrib/libsystrap/contrib/librunt/build/opt-x86_64/librunt_preload.a(sections.o)
                0x000000000000fe50                __runt_sections_notify_define_section
 .text          0x000000000000fed9        0x0 /home/zoltan/Develop/stackscan/contrib/liballocs/contrib/libsystrap/contrib/librunt/build/opt-x86_64/librunt_preload.a(preload.o)
 *fill*         0x000000000000fed9        0x7 
 .text.dynamic_xlookup.part.0
                0x000000000000fee0       0x23 /home/zoltan/Develop/stackscan/contrib/liballocs/contrib/libsystrap/contrib/librunt/build/opt-x86_64/librunt_preload.a(preload.o)
 *fill*         0x000000000000ff03        0xd 
 .text.fake_dlsym.part.0
                0x000000000000ff10       0x23 /home/zoltan/Develop/stackscan/contrib/liballocs/contrib/libsystrap/contrib/librunt/build/opt-x86_64/librunt_preload.a(preload.o)
 *fill*         0x000000000000ff33        0xd 
 .text.symbol_lookup_in_dyn
                0x000000000000ff40      0x5fb /home/zoltan/Develop/stackscan/contrib/liballocs/contrib/libsystrap/contrib/librunt/build/opt-x86_64/librunt_preload.a(preload.o)
 *fill*         0x000000000001053b        0x5 
 .text.dlopen   0x0000000000010540      0xc3a /home/zoltan/Develop/stackscan/contrib/liballocs/contrib/libsystrap/contrib/librunt/build/opt-x86_64/librunt_preload.a(preload.o)
                0x0000000000010540                dlopen
 *fill*         0x000000000001117a        0x6 
 .text.dlerror  0x0000000000011180       0x41 /home/zoltan/Develop/stackscan/contrib/liballocs/contrib/libsystrap/contrib/librunt/build/opt-x86_64/librunt_preload.a(preload.o)
                0x0000000000011180                dlerror
 *fill*         0x00000000000111c1       0x1f 
 .text.dlsym    0x00000000000111e0      0x95d /home/zoltan/Develop/stackscan/contrib/liballocs/contrib/libsystrap/contrib/librunt/build/opt-x86_64/librunt_preload.a(preload.o)
                0x00000000000111e0                dlsym
                0x00000000000111e0                __runt_dlsym
 *fill*         0x0000000000011b3d        0x3 
 .text.dlclose  0x0000000000011b40       0xd8 /home/zoltan/Develop/stackscan/contrib/liballocs/contrib/libsystrap/contrib/librunt/build/opt-x86_64/librunt_preload.a(preload.o)
                0x0000000000011b40                dlclose
 *fill*         0x0000000000011c18        0x8 
 .text.__runt_fake_dlsym
                0x0000000000011c20      0x47e /home/zoltan/Develop/stackscan/contrib/liballocs/contrib/libsystrap/contrib/librunt/build/opt-x86_64/librunt_preload.a(preload.o)
                0x0000000000011c20                __runt_fake_dlsym
 *fill*         0x000000000001209e        0x2 
 .text.dladdr   0x00000000000120a0       0x92 /home/zoltan/Develop/stackscan/contrib/liballocs/contrib/libsystrap/contrib/librunt/build/opt-x86_64/librunt_preload.a(preload.o)
                0x00000000000120a0                dladdr
 *fill*         0x0000000000012132        0xe 
 .text.dlvsym   0x0000000000012140       0x9d /home/zoltan/Develop/stackscan/contrib/liballocs/contrib/libsystrap/contrib/librunt/build/opt-x86_64/librunt_preload.a(preload.o)
                0x0000000000012140                dlvsym
 *fill*         0x00000000000121dd        0x3 
 .text.dlmopen  0x00000000000121e0       0x9b /home/zoltan/Develop/stackscan/contrib/liballocs/contrib/libsystrap/contrib/librunt/build/opt-x86_64/librunt_preload.a(preload.o)
                0x00000000000121e0                dlmopen
 *fill*         0x000000000001227b        0x5 
 .text.dladdr1  0x0000000000012280       0xa3 /home/zoltan/Develop/stackscan/contrib/liballocs/contrib/libsystrap/contrib/librunt/build/opt-x86_64/librunt_preload.a(preload.o)
                0x0000000000012280                dladdr1
 *fill*         0x0000000000012323       0x1d 
 .text.dl_iterate_phdr
                0x0000000000012340      0x595 /home/zoltan/Develop/stackscan/contrib/liballocs/contrib/libsystrap/contrib/librunt/build/opt-x86_64/librunt_preload.a(preload.o)
                0x0000000000012340                dl_iterate_phdr
 .text          0x00000000000128d5        0x0 /home/zoltan/Develop/stackscan/contrib/liballocs/contrib/libsystrap/contrib/librunt/build/opt-x86_64/librunt_preload.a(auxv.o)
 *fill*         0x00000000000128d5        0xb 
 .text.__runt_auxv_get_asciiz
                0x00000000000128e0       0x2e /home/zoltan/Develop/stackscan/contrib/liballocs/contrib/libsystrap/contrib/librunt/build/opt-x86_64/librunt_preload.a(auxv.o)
                0x00000000000128e0                __runt_auxv_get_asciiz
 *fill*         0x000000000001290e        0x2 
 .text.__runt_auxv_get_argv
                0x0000000000012910       0x2e /home/zoltan/Develop/stackscan/contrib/liballocs/contrib/libsystrap/contrib/librunt/build/opt-x86_64/librunt_preload.a(auxv.o)
                0x0000000000012910                __runt_auxv_get_argv
 *fill*         0x000000000001293e        0x2 
 .text.__runt_auxv_get_env
                0x0000000000012940       0x2e /home/zoltan/Develop/stackscan/contrib/liballocs/contrib/libsystrap/contrib/librunt/build/opt-x86_64/librunt_preload.a(auxv.o)
                0x0000000000012940                __runt_auxv_get_env
 *fill*         0x000000000001296e        0x2 
 .text.__runt_auxv_get_auxv
                0x0000000000012970       0x2e /home/zoltan/Develop/stackscan/contrib/liballocs/contrib/libsystrap/contrib/librunt/build/opt-x86_64/librunt_preload.a(auxv.o)
                0x0000000000012970                __runt_auxv_get_auxv
 *fill*         0x000000000001299e        0x2 
 .text.__runt_auxv_get_program_entry_point
                0x00000000000129a0        0xf /home/zoltan/Develop/stackscan/contrib/liballocs/contrib/libsystrap/contrib/librunt/build/opt-x86_64/librunt_preload.a(auxv.o)
                0x00000000000129a0                __runt_auxv_get_program_entry_point
 *(.gnu.warning)

.fini
 *(SORT_NONE(.fini))
                [!provide]                        PROVIDE (__etext = .)
                [!provide]                        PROVIDE (_etext = .)
                [!provide]                        PROVIDE (etext = .)
                0x0000000000013000                . = ALIGN (CONSTANT (MAXPAGESIZE))
                0x0000000000013000                . = SEGMENT_START ("rodata-segment", (ALIGN (CONSTANT (MAXPAGESIZE)) + (. & (CONSTANT (MAXPAGESIZE) - 0x1))))

.rodata         0x0000000000013000     0x23ac
 *(.rodata .rodata.* .gnu.linkonce.r.*)
 .rodata        0x0000000000013000       0xe1 premain.o
 *fill*         0x00000000000130e1        0x7 
 .rodata        0x00000000000130e8      0x299 main.o
 *fill*         0x0000000000013381        0x7 
 .rodata        0x0000000000013388       0x3a entry.o
 *fill*         0x00000000000133c2        0x6 
 .rodata        0x00000000000133c8      0x335 load.o
 *fill*         0x00000000000136fd        0x3 
 .rodata        0x0000000000013700      0x2b0 chain.o
 .rodata        0x00000000000139b0       0x98 debug.o
 *fill*         0x0000000000013a48        0x8 
 .rodata        0x0000000000013a50      0x619 allocinstr.o
 *fill*         0x0000000000014069        0x7 
 .rodata        0x0000000000014070      0x1ea meta-dso.o
 *fill*         0x000000000001425a        0x6 
 .rodata        0x0000000000014260       0x5f err.o
 .rodata.__init_libc.str1.1
                0x00000000000142bf      0x20c /home/zoltan/Develop/stackscan/contrib/liballocs/contrib/libsystrap/contrib/musl/build-x86_64/lib/libc.a(__libc_start_main.lo)
                                          0xb (size before relaxing)
 *fill*         0x00000000000144cb       0x15 
 .rodata.errmsg
                0x00000000000144e0      0x71f /home/zoltan/Develop/stackscan/contrib/liballocs/contrib/libsystrap/contrib/musl/build-x86_64/lib/libc.a(strerror.lo)
 *fill*         0x0000000000014bff        0x1 
 .rodata.errid  0x0000000000014c00       0x59 /home/zoltan/Develop/stackscan/contrib/liballocs/contrib/libsystrap/contrib/musl/build-x86_64/lib/libc.a(strerror.lo)
 .rodata.__assert_fail.str1.1
                0x0000000000014c59        0x0 /home/zoltan/Develop/stackscan/contrib/liballocs/contrib/libsystrap/contrib/musl/build-x86_64/lib/libc.a(assert.lo)
                                         0x23 (size before relaxing)
 *fill*         0x0000000000014c59        0x7 
 .rodata.app_mask
                0x0000000000014c60        0x8 /home/zoltan/Develop/stackscan/contrib/liballocs/contrib/libsystrap/contrib/musl/build-x86_64/lib/libc.a(block.lo)
 .rodata.all_mask
                0x0000000000014c68        0x8 /home/zoltan/Develop/stackscan/contrib/liballocs/contrib/libsystrap/contrib/musl/build-x86_64/lib/libc.a(block.lo)
 .rodata.fstat.str1.1
                0x0000000000014c70        0x0 /home/zoltan/Develop/stackscan/contrib/liballocs/contrib/libsystrap/contrib/musl/build-x86_64/lib/libc.a(fstat.lo)
                                          0x1 (size before relaxing)
 .rodata.fopen.str1.1
                0x0000000000014c70        0x0 /home/zoltan/Develop/stackscan/contrib/liballocs/contrib/libsystrap/contrib/musl/build-x86_64/lib/libc.a(fopen.lo)
                                          0x4 (size before relaxing)
 .rodata.pop_arg
                0x0000000000014c70       0x48 /home/zoltan/Develop/stackscan/contrib/liballocs/contrib/libsystrap/contrib/musl/build-x86_64/lib/libc.a(vfprintf.lo)
 .rodata.fmt_fp.str1.1
                0x0000000000014cb8        0x0 /home/zoltan/Develop/stackscan/contrib/liballocs/contrib/libsystrap/contrib/musl/build-x86_64/lib/libc.a(vfprintf.lo)
                                         0x25 (size before relaxing)
 .rodata.printf_core.str1.1
                0x0000000000014cb8        0x0 /home/zoltan/Develop/stackscan/contrib/liballocs/contrib/libsystrap/contrib/musl/build-x86_64/lib/libc.a(vfprintf.lo)
                                         0x11 (size before relaxing)
 .rodata.printf_core
                0x0000000000014cb8      0x100 /home/zoltan/Develop/stackscan/contrib/liballocs/contrib/libsystrap/contrib/musl/build-x86_64/lib/libc.a(vfprintf.lo)
 *fill*         0x0000000000014db8        0x8 
 .rodata.xdigits
                0x0000000000014dc0       0x10 /home/zoltan/Develop/stackscan/contrib/liballocs/contrib/libsystrap/contrib/musl/build-x86_64/lib/libc.a(vfprintf.lo)
 *fill*         0x0000000000014dd0       0x10 
 .rodata.states
                0x0000000000014de0      0x1d0 /home/zoltan/Develop/stackscan/contrib/liballocs/contrib/libsystrap/contrib/musl/build-x86_64/lib/libc.a(vfprintf.lo)
 .rodata.cst4   0x0000000000014fb0       0x20 /home/zoltan/Develop/stackscan/contrib/liballocs/contrib/libsystrap/contrib/musl/build-x86_64/lib/libc.a(vfprintf.lo)
                                         0x1c (size before relaxing)
 .rodata.cst16  0x0000000000014fd0       0x30 /home/zoltan/Develop/stackscan/contrib/liballocs/contrib/libsystrap/contrib/musl/build-x86_64/lib/libc.a(vfprintf.lo)
                                         0x20 (size before relaxing)
 .rodata.cst8   0x0000000000015000        0x8 /home/zoltan/Develop/stackscan/contrib/liballocs/contrib/libsystrap/contrib/musl/build-x86_64/lib/libc.a(procfdname.lo)
 .rodata.cst4   0x0000000000015008        0x0 /home/zoltan/Develop/stackscan/contrib/liballocs/contrib/libsystrap/contrib/musl/build-x86_64/lib/libc.a(frexpl.lo)
                                          0x4 (size before relaxing)
 .rodata.__fdopen.str1.1
                0x0000000000015008        0x0 /home/zoltan/Develop/stackscan/contrib/liballocs/contrib/libsystrap/contrib/musl/build-x86_64/lib/libc.a(__fdopen.lo)
                                          0x4 (size before relaxing)
 .rodata.str1.8
                0x0000000000015008      0x2bb /home/zoltan/Develop/stackscan/contrib/liballocs/contrib/libsystrap/contrib/librunt/build/opt-x86_64/librunt_preload.a(librunt.o)
                                         0xbe (size before relaxing)
 .rodata.str1.1
                0x00000000000152c3        0x0 /home/zoltan/Develop/stackscan/contrib/liballocs/contrib/libsystrap/contrib/librunt/build/opt-x86_64/librunt_preload.a(librunt.o)
                                         0xad (size before relaxing)
 *fill*         0x00000000000152c3        0xd 
 .rodata        0x00000000000152d0       0x6c /home/zoltan/Develop/stackscan/contrib/liballocs/contrib/libsystrap/contrib/librunt/build/opt-x86_64/librunt_preload.a(librunt.o)
                0x0000000000015320                __ldso_name
 .rodata.str1.8
                0x000000000001533c        0x0 /home/zoltan/Develop/stackscan/contrib/liballocs/contrib/libsystrap/contrib/librunt/build/opt-x86_64/librunt_preload.a(files.o)
                                        0x129 (size before relaxing)
 .rodata.str1.1
                0x000000000001533c        0x0 /home/zoltan/Develop/stackscan/contrib/liballocs/contrib/libsystrap/contrib/librunt/build/opt-x86_64/librunt_preload.a(files.o)
                                         0x2f (size before relaxing)
 .rodata.cst16  0x000000000001533c        0x0 /home/zoltan/Develop/stackscan/contrib/liballocs/contrib/libsystrap/contrib/librunt/build/opt-x86_64/librunt_preload.a(files.o)
                                         0x10 (size before relaxing)
 .rodata.str1.8
                0x000000000001533c        0x0 /home/zoltan/Develop/stackscan/contrib/liballocs/contrib/libsystrap/contrib/librunt/build/opt-x86_64/librunt_preload.a(segments.o)
                                         0x29 (size before relaxing)
 .rodata.str1.8
                0x000000000001533c        0x0 /home/zoltan/Develop/stackscan/contrib/liballocs/contrib/libsystrap/contrib/librunt/build/opt-x86_64/librunt_preload.a(sections.o)
                                         0x29 (size before relaxing)
 .rodata.str1.8
                0x000000000001533c        0x0 /home/zoltan/Develop/stackscan/contrib/liballocs/contrib/libsystrap/contrib/librunt/build/opt-x86_64/librunt_preload.a(preload.o)
                                         0xb3 (size before relaxing)
 .rodata.str1.1
                0x000000000001533c        0x0 /home/zoltan/Develop/stackscan/contrib/liballocs/contrib/libsystrap/contrib/librunt/build/opt-x86_64/librunt_preload.a(preload.o)
                                        0x10c (size before relaxing)
 *fill*         0x000000000001533c        0x4 
 .rodata        0x0000000000015340       0x3b /home/zoltan/Develop/stackscan/contrib/liballocs/contrib/libsystrap/contrib/librunt/build/opt-x86_64/librunt_preload.a(preload.o)
 .rodata.str1.8
                0x000000000001537b        0x0 /home/zoltan/Develop/stackscan/contrib/liballocs/contrib/libsystrap/contrib/librunt/build/opt-x86_64/librunt_preload.a(auxv.o)
                                         0x93 (size before relaxing)
 .rodata.str1.1
                0x000000000001537b        0x0 /home/zoltan/Develop/stackscan/contrib/liballocs/contrib/libsystrap/contrib/librunt/build/opt-x86_64/librunt_preload.a(auxv.o)
                                         0x4f (size before relaxing)
 *fill*         0x000000000001537b        0x5 
 .rodata        0x0000000000015380       0x2c /home/zoltan/Develop/stackscan/contrib/liballocs/contrib/libsystrap/contrib/librunt/build/opt-x86_64/librunt_preload.a(auxv.o)

.rodata_bytes_relocs
                0x00000000000153ac       0x18
 .rodata_bytes_relocs
                0x00000000000153ac       0x18 chain.o

.rodata_bytes   0x00000000000153c4       0x1c
 .rodata_bytes  0x00000000000153c4       0x1c chain.o

.rodata_trampoline_exit_relocs
                0x00000000000153e0       0x18
 .rodata_trampoline_exit_relocs
                0x00000000000153e0       0x18 allocinstr.o

.rodata_trampoline_exit
                0x00000000000153f8       0x15
 .rodata_trampoline_exit
                0x00000000000153f8       0x15 allocinstr.o

.rodata_jump_to_detour_relocs
                0x000000000001540d       0x18
 .rodata_jump_to_detour_relocs
                0x000000000001540d       0x18 allocinstr.o

.rodata_jump_to_detour
                0x0000000000015425       0x15
 .rodata_jump_to_detour
                0x0000000000015425       0x15 allocinstr.o

.rodata1
 *(.rodata1)

.eh_frame_hdr   0x000000000001543c      0x55c
 *(.eh_frame_hdr)
 .eh_frame_hdr  0x000000000001543c      0x55c premain.o
                0x000000000001543c                __GNU_EH_FRAME_HDR
 *(.eh_frame_entry .eh_frame_entry.*)

.eh_frame       0x0000000000015998     0x1614
 *(.eh_frame)
 .eh_frame      0x0000000000015998       0x40 start.o
 .eh_frame      0x00000000000159d8        0x0 start.o
 .eh_frame      0x00000000000159d8       0xc0 premain.o
                                         0xd8 (size before relaxing)
 .eh_frame      0x0000000000015a98       0x28 main.o
                                         0x40 (size before relaxing)
 .eh_frame      0x0000000000015ac0       0x20 entry.o
                                         0x38 (size before relaxing)
 .eh_frame      0x0000000000015ae0       0x68 load.o
                                         0x80 (size before relaxing)
 .eh_frame      0x0000000000015b48      0x260 chain.o
                                        0x278 (size before relaxing)
 .eh_frame      0x0000000000015da8       0x40 debug.o
                                         0x58 (size before relaxing)
 .eh_frame      0x0000000000015de8      0x828 allocinstr.o
                                        0x840 (size before relaxing)
 .eh_frame      0x0000000000016610       0x90 meta-dso.o
                                         0xa8 (size before relaxing)
 .eh_frame      0x00000000000166a0       0x48 err.o
                                         0x60 (size before relaxing)
 .eh_frame      0x00000000000166e8      0x200 /home/zoltan/Develop/stackscan/contrib/liballocs/contrib/libsystrap/contrib/librunt/build/opt-x86_64/librunt_preload.a(librunt.o)
                                        0x218 (size before relaxing)
 .eh_frame      0x00000000000168e8      0x280 /home/zoltan/Develop/stackscan/contrib/liballocs/contrib/libsystrap/contrib/librunt/build/opt-x86_64/librunt_preload.a(files.o)
                                        0x298 (size before relaxing)
 .eh_frame      0x0000000000016b68       0x58 /home/zoltan/Develop/stackscan/contrib/liballocs/contrib/libsystrap/contrib/librunt/build/opt-x86_64/librunt_preload.a(segments.o)
                                         0x70 (size before relaxing)
 .eh_frame      0x0000000000016bc0       0x38 /home/zoltan/Develop/stackscan/contrib/liballocs/contrib/libsystrap/contrib/librunt/build/opt-x86_64/librunt_preload.a(sections.o)
                                         0x50 (size before relaxing)
 .eh_frame      0x0000000000016bf8      0x2f8 /home/zoltan/Develop/stackscan/contrib/liballocs/contrib/libsystrap/contrib/librunt/build/opt-x86_64/librunt_preload.a(preload.o)
                                        0x310 (size before relaxing)
 .eh_frame      0x0000000000016ef0       0xbc /home/zoltan/Develop/stackscan/contrib/liballocs/contrib/libsystrap/contrib/librunt/build/opt-x86_64/librunt_preload.a(auxv.o)
                                         0xd8 (size before relaxing)
 *(.eh_frame.*)

.sframe
 *(.sframe)
 *(.sframe.*)

.gcc_except_table
 *(.gcc_except_table .gcc_except_table.*)

.gnu_extab
 *(.gnu_extab*)

.exception_ranges
 *(.exception_ranges*)

.note.build-id
 *(.note.build-id)

.note.GNU-stack
                0x0000000000016fac        0x0
 *(.note.GNU-stack)
 .note.GNU-stack
                0x0000000000016fac        0x0 premain.o
 .note.GNU-stack
                0x0000000000016fac        0x0 main.o
 .note.GNU-stack
                0x0000000000016fac        0x0 entry.o
 .note.GNU-stack
                0x0000000000016fac        0x0 load.o
 .note.GNU-stack
                0x0000000000016fac        0x0 chain.o
 .note.GNU-stack
                0x0000000000016fac        0x0 debug.o
 .note.GNU-stack
                0x0000000000016fac        0x0 allocinstr.o
 .note.GNU-stack
                0x0000000000016fac        0x0 meta-dso.o
 .note.GNU-stack
                0x0000000000016fac        0x0 err.o
 .note.GNU-stack
                0x0000000000016fac        0x0 /home/zoltan/Develop/stackscan/contrib/liballocs/contrib/libsystrap/contrib/musl/build-x86_64/lib/libc.a(__libc_start_main.lo)
 .note.GNU-stack
                0x0000000000016fac        0x0 /home/zoltan/Develop/stackscan/contrib/liballocs/contrib/libsystrap/contrib/musl/build-x86_64/lib/libc.a(getenv.lo)
 .note.GNU-stack
                0x0000000000016fac        0x0 /home/zoltan/Develop/stackscan/contrib/liballocs/contrib/libsystrap/contrib/musl/build-x86_64/lib/libc.a(__errno_location.lo)
 .note.GNU-stack
                0x0000000000016fac        0x0 /home/zoltan/Develop/stackscan/contrib/liballocs/contrib/libsystrap/contrib/musl/build-x86_64/lib/libc.a(strerror.lo)
 .note.GNU-stack
                0x0000000000016fac        0x0 /home/zoltan/Develop/stackscan/contrib/liballocs/contrib/libsystrap/contrib/musl/build-x86_64/lib/libc.a(abort.lo)
 .note.GNU-stack
                0x0000000000016fac        0x0 /home/zoltan/Develop/stackscan/contrib/liballocs/contrib/libsystrap/contrib/musl/build-x86_64/lib/libc.a(assert.lo)
 .note.GNU-stack
                0x0000000000016fac        0x0 /home/zoltan/Develop/stackscan/contrib/liballocs/contrib/libsystrap/contrib/musl/build-x86_64/lib/libc.a(exit.lo)
 .note.GNU-stack
                0x0000000000016fac        0x0 /home/zoltan/Develop/stackscan/contrib/liballocs/contrib/libsystrap/contrib/musl/build-x86_64/lib/libc.a(open.lo)
 .note.GNU-stack
                0x0000000000016fac        0x0 /home/zoltan/Develop/stackscan/contrib/liballocs/contrib/libsystrap/contrib/musl/build-x86_64/lib/libc.a(defsysinfo.lo)
 .note.GNU-stack
                0x0000000000016fac        0x0 /home/zoltan/Develop/stackscan/contrib/liballocs/contrib/libsystrap/contrib/musl/build-x86_64/lib/libc.a(libc.lo)
 .note.GNU-stack
                0x0000000000016fac        0x0 /home/zoltan/Develop/stackscan/contrib/liballocs/contrib/libsystrap/contrib/musl/build-x86_64/lib/libc.a(syscall_ret.lo)
 .note.GNU-stack
                0x0000000000016fac        0x0 /home/zoltan/Develop/stackscan/contrib/liballocs/contrib/libsystrap/contrib/musl/build-x86_64/lib/libc.a(__lctrans.lo)
 .note.GNU-stack
                0x0000000000016fac        0x0 /home/zoltan/Develop/stackscan/contrib/liballocs/contrib/libsystrap/contrib/musl/build-x86_64/lib/libc.a(syscall.lo)
 .note.GNU-stack
                0x0000000000016fac        0x0 /home/zoltan/Develop/stackscan/contrib/liballocs/contrib/libsystrap/contrib/musl/build-x86_64/lib/libc.a(mmap.lo)
 .note.GNU-stack
                0x0000000000016fac        0x0 /home/zoltan/Develop/stackscan/contrib/liballocs/contrib/libsystrap/contrib/musl/build-x86_64/lib/libc.a(mprotect.lo)
 .note.GNU-stack
                0x0000000000016fac        0x0 /home/zoltan/Develop/stackscan/contrib/liballocs/contrib/libsystrap/contrib/musl/build-x86_64/lib/libc.a(block.lo)
 .note.GNU-stack
                0x0000000000016fac        0x0 /home/zoltan/Develop/stackscan/contrib/liballocs/contrib/libsystrap/contrib/musl/build-x86_64/lib/libc.a(raise.lo)
 .note.GNU-stack
                0x0000000000016fac        0x0 /home/zoltan/Develop/stackscan/contrib/liballocs/contrib/libsystrap/contrib/musl/build-x86_64/lib/libc.a(fstat.lo)
 .note.GNU-stack
                0x0000000000016fac        0x0 /home/zoltan/Develop/stackscan/contrib/liballocs/contrib/libsystrap/contrib/musl/build-x86_64/lib/libc.a(fstatat.lo)
 .note.GNU-stack
                0x0000000000016fac        0x0 /home/zoltan/Develop/stackscan/contrib/liballocs/contrib/libsystrap/contrib/musl/build-x86_64/lib/libc.a(stat.lo)
 .note.GNU-stack
                0x0000000000016fac        0x0 /home/zoltan/Develop/stackscan/contrib/liballocs/contrib/libsystrap/contrib/musl/build-x86_64/lib/libc.a(fflush.lo)
 .note.GNU-stack
                0x0000000000016fac        0x0 /home/zoltan/Develop/stackscan/contrib/liballocs/contrib/libsystrap/contrib/musl/build-x86_64/lib/libc.a(fopen.lo)
 .note.GNU-stack
                0x0000000000016fac        0x0 /home/zoltan/Develop/stackscan/contrib/liballocs/contrib/libsystrap/contrib/musl/build-x86_64/lib/libc.a(fprintf.lo)
 .note.GNU-stack
                0x0000000000016fac        0x0 /home/zoltan/Develop/stackscan/contrib/liballocs/contrib/libsystrap/contrib/musl/build-x86_64/lib/libc.a(fputc.lo)
 .note.GNU-stack
                0x0000000000016fac        0x0 /home/zoltan/Develop/stackscan/contrib/liballocs/contrib/libsystrap/contrib/musl/build-x86_64/lib/libc.a(fwrite.lo)
 .note.GNU-stack
                0x0000000000016fac        0x0 /home/zoltan/Develop/stackscan/contrib/liballocs/contrib/libsystrap/contrib/musl/build-x86_64/lib/libc.a(ofl.lo)
 .note.GNU-stack
                0x0000000000016fac        0x0 /home/zoltan/Develop/stackscan/contrib/liballocs/contrib/libsystrap/contrib/musl/build-x86_64/lib/libc.a(snprintf.lo)
 .note.GNU-stack
                0x0000000000016fac        0x0 /home/zoltan/Develop/stackscan/contrib/liballocs/contrib/libsystrap/contrib/musl/build-x86_64/lib/libc.a(stderr.lo)
 .note.GNU-stack
                0x0000000000016fac        0x0 /home/zoltan/Develop/stackscan/contrib/liballocs/contrib/libsystrap/contrib/musl/build-x86_64/lib/libc.a(vfprintf.lo)
 .note.GNU-stack
                0x0000000000016fac        0x0 /home/zoltan/Develop/stackscan/contrib/liballocs/contrib/libsystrap/contrib/musl/build-x86_64/lib/libc.a(vsnprintf.lo)
 .note.GNU-stack
                0x0000000000016fac        0x0 /home/zoltan/Develop/stackscan/contrib/liballocs/contrib/libsystrap/contrib/musl/build-x86_64/lib/libc.a(qsort.lo)
 .note.GNU-stack
                0x0000000000016fac        0x0 /home/zoltan/Develop/stackscan/contrib/liballocs/contrib/libsystrap/contrib/musl/build-x86_64/lib/libc.a(memcmp.lo)
 .note.GNU-stack
                0x0000000000016fac        0x0 /home/zoltan/Develop/stackscan/contrib/liballocs/contrib/libsystrap/contrib/musl/build-x86_64/lib/libc.a(strchr.lo)
 .note.GNU-stack
                0x0000000000016fac        0x0 /home/zoltan/Develop/stackscan/contrib/liballocs/contrib/libsystrap/contrib/musl/build-x86_64/lib/libc.a(strchrnul.lo)
 .note.GNU-stack
                0x0000000000016fac        0x0 /home/zoltan/Develop/stackscan/contrib/liballocs/contrib/libsystrap/contrib/musl/build-x86_64/lib/libc.a(strcmp.lo)
 .note.GNU-stack
                0x0000000000016fac        0x0 /home/zoltan/Develop/stackscan/contrib/liballocs/contrib/libsystrap/contrib/musl/build-x86_64/lib/libc.a(strlen.lo)
 .note.GNU-stack
                0x0000000000016fac        0x0 /home/zoltan/Develop/stackscan/contrib/liballocs/contrib/libsystrap/contrib/musl/build-x86_64/lib/libc.a(strncat.lo)
 .note.GNU-stack
                0x0000000000016fac        0x0 /home/zoltan/Develop/stackscan/contrib/liballocs/contrib/libsystrap/contrib/musl/build-x86_64/lib/libc.a(strncmp.lo)
 .note.GNU-stack
                0x0000000000016fac        0x0 /home/zoltan/Develop/stackscan/contrib/liballocs/contrib/libsystrap/contrib/musl/build-x86_64/lib/libc.a(strnlen.lo)
 .note.GNU-stack
                0x0000000000016fac        0x0 /home/zoltan/Develop/stackscan/contrib/liballocs/contrib/libsystrap/contrib/musl/build-x86_64/lib/libc.a(memcpy.lo)
 .note.GNU-stack
                0x0000000000016fac        0x0 /home/zoltan/Develop/stackscan/contrib/liballocs/contrib/libsystrap/contrib/musl/build-x86_64/lib/libc.a(memset.lo)
 .note.GNU-stack
                0x0000000000016fac        0x0 /home/zoltan/Develop/stackscan/contrib/liballocs/contrib/libsystrap/contrib/musl/build-x86_64/lib/libc.a(__lock.lo)
 .note.GNU-stack
                0x0000000000016fac        0x0 /home/zoltan/Develop/stackscan/contrib/liballocs/contrib/libsystrap/contrib/musl/build-x86_64/lib/libc.a(__syscall_cp.lo)
 .note.GNU-stack
                0x0000000000016fac        0x0 /home/zoltan/Develop/stackscan/contrib/liballocs/contrib/libsystrap/contrib/musl/build-x86_64/lib/libc.a(__set_thread_area.lo)
 .note.GNU-stack
                0x0000000000016fac        0x0 /home/zoltan/Develop/stackscan/contrib/liballocs/contrib/libsystrap/contrib/musl/build-x86_64/lib/libc.a(close.lo)
 .note.GNU-stack
                0x0000000000016fac        0x0 /home/zoltan/Develop/stackscan/contrib/liballocs/contrib/libsystrap/contrib/musl/build-x86_64/lib/libc.a(lseek.lo)
 .note.GNU-stack
                0x0000000000016fac        0x0 /home/zoltan/Develop/stackscan/contrib/liballocs/contrib/libsystrap/contrib/musl/build-x86_64/lib/libc.a(read.lo)
 .note.GNU-stack
                0x0000000000016fac        0x0 /home/zoltan/Develop/stackscan/contrib/liballocs/contrib/libsystrap/contrib/musl/build-x86_64/lib/libc.a(__environ.lo)
 .note.GNU-stack
                0x0000000000016fac        0x0 /home/zoltan/Develop/stackscan/contrib/liballocs/contrib/libsystrap/contrib/musl/build-x86_64/lib/libc.a(__init_tls.lo)
 .note.GNU-stack
                0x0000000000016fac        0x0 /home/zoltan/Develop/stackscan/contrib/liballocs/contrib/libsystrap/contrib/musl/build-x86_64/lib/libc.a(_Exit.lo)
 .note.GNU-stack
                0x0000000000016fac        0x0 /home/zoltan/Develop/stackscan/contrib/liballocs/contrib/libsystrap/contrib/musl/build-x86_64/lib/libc.a(procfdname.lo)
 .note.GNU-stack
                0x0000000000016fac        0x0 /home/zoltan/Develop/stackscan/contrib/liballocs/contrib/libsystrap/contrib/musl/build-x86_64/lib/libc.a(__fpclassifyl.lo)
 .note.GNU-stack
                0x0000000000016fac        0x0 /home/zoltan/Develop/stackscan/contrib/liballocs/contrib/libsystrap/contrib/musl/build-x86_64/lib/libc.a(__signbitl.lo)
 .note.GNU-stack
                0x0000000000016fac        0x0 /home/zoltan/Develop/stackscan/contrib/liballocs/contrib/libsystrap/contrib/musl/build-x86_64/lib/libc.a(frexpl.lo)
 .note.GNU-stack
                0x0000000000016fac        0x0 /home/zoltan/Develop/stackscan/contrib/liballocs/contrib/libsystrap/contrib/musl/build-x86_64/lib/libc.a(wctomb.lo)
 .note.GNU-stack
                0x0000000000016fac        0x0 /home/zoltan/Develop/stackscan/contrib/liballocs/contrib/libsystrap/contrib/musl/build-x86_64/lib/libc.a(__fdopen.lo)
 .note.GNU-stack
                0x0000000000016fac        0x0 /home/zoltan/Develop/stackscan/contrib/liballocs/contrib/libsystrap/contrib/musl/build-x86_64/lib/libc.a(__fmodeflags.lo)
 .note.GNU-stack
                0x0000000000016fac        0x0 /home/zoltan/Develop/stackscan/contrib/liballocs/contrib/libsystrap/contrib/musl/build-x86_64/lib/libc.a(__lockfile.lo)
 .note.GNU-stack
                0x0000000000016fac        0x0 /home/zoltan/Develop/stackscan/contrib/liballocs/contrib/libsystrap/contrib/musl/build-x86_64/lib/libc.a(__overflow.lo)
 .note.GNU-stack
                0x0000000000016fac        0x0 /home/zoltan/Develop/stackscan/contrib/liballocs/contrib/libsystrap/contrib/musl/build-x86_64/lib/libc.a(__stdio_close.lo)
 .note.GNU-stack
                0x0000000000016fac        0x0 /home/zoltan/Develop/stackscan/contrib/liballocs/contrib/libsystrap/contrib/musl/build-x86_64/lib/libc.a(__stdio_read.lo)
 .note.GNU-stack
                0x0000000000016fac        0x0 /home/zoltan/Develop/stackscan/contrib/liballocs/contrib/libsystrap/contrib/musl/build-x86_64/lib/libc.a(__stdio_seek.lo)
 .note.GNU-stack
                0x0000000000016fac        0x0 /home/zoltan/Develop/stackscan/contrib/liballocs/contrib/libsystrap/contrib/musl/build-x86_64/lib/libc.a(__stdio_write.lo)
 .note.GNU-stack
                0x0000000000016fac        0x0 /home/zoltan/Develop/stackscan/contrib/liballocs/contrib/libsystrap/contrib/musl/build-x86_64/lib/libc.a(__towrite.lo)
 .note.GNU-stack
                0x0000000000016fac        0x0 /home/zoltan/Develop/stackscan/contrib/liballocs/contrib/libsystrap/contrib/musl/build-x86_64/lib/libc.a(ofl_add.lo)
 .note.GNU-stack
                0x0000000000016fac        0x0 /home/zoltan/Develop/stackscan/contrib/liballocs/contrib/libsystrap/contrib/musl/build-x86_64/lib/libc.a(memchr.lo)
 .note.GNU-stack
                0x0000000000016fac        0x0 /home/zoltan/Develop/stackscan/contrib/liballocs/contrib/libsystrap/contrib/musl/build-x86_64/lib/libc.a(default_attr.lo)
 .note.GNU-stack
                0x0000000000016fac        0x0 /home/zoltan/Develop/stackscan/contrib/liballocs/contrib/libsystrap/contrib/musl/build-x86_64/lib/libc.a(lite_malloc.lo)
 .note.GNU-stack
                0x0000000000016fac        0x0 /home/zoltan/Develop/stackscan/contrib/liballocs/contrib/libsystrap/contrib/musl/build-x86_64/lib/libc.a(wcrtomb.lo)
 .note.GNU-stack
                0x0000000000016fac        0x0 /home/zoltan/Develop/stackscan/contrib/liballocs/contrib/libsystrap/contrib/musl/build-x86_64/lib/libc.a(__stdio_exit.lo)
 .note.GNU-stack
                0x0000000000016fac        0x0 /home/zoltan/Develop/stackscan/contrib/liballocs/contrib/libsystrap/contrib/musl/build-x86_64/lib/libc.a(expand_heap.lo)
 .note.GNU-stack
                0x0000000000016fac        0x0 /home/zoltan/Develop/stackscan/contrib/liballocs/contrib/libsystrap/contrib/librunt/build/opt-x86_64/librunt_preload.a(librunt.o)
 .note.GNU-stack
                0x0000000000016fac        0x0 /home/zoltan/Develop/stackscan/contrib/liballocs/contrib/libsystrap/contrib/librunt/build/opt-x86_64/librunt_preload.a(files.o)
 .note.GNU-stack
                0x0000000000016fac        0x0 /home/zoltan/Develop/stackscan/contrib/liballocs/contrib/libsystrap/contrib/librunt/build/opt-x86_64/librunt_preload.a(segments.o)
 .note.GNU-stack
                0x0000000000016fac        0x0 /home/zoltan/Develop/stackscan/contrib/liballocs/contrib/libsystrap/contrib/librunt/build/opt-x86_64/librunt_preload.a(sections.o)
 .note.GNU-stack
                0x0000000000016fac        0x0 /home/zoltan/Develop/stackscan/contrib/liballocs/contrib/libsystrap/contrib/librunt/build/opt-x86_64/librunt_preload.a(preload.o)
 .note.GNU-stack
                0x0000000000016fac        0x0 /home/zoltan/Develop/stackscan/contrib/liballocs/contrib/libsystrap/contrib/librunt/build/opt-x86_64/librunt_preload.a(auxv.o)

.note.gnu.property
 *(.note.gnu.property)

.note.ABI-tag
 *(.note.ABI-tag)

.note.package
 *(.note.package)

.note.dlopen
 *(.note.dlopen)

.note.netbsd.ident
 *(.note.netbsd.ident)

.note.openbsd.ident
 *(.note.openbsd.ident)
                0x0000000000017e00                . = DATA_SEGMENT_ALIGN (CONSTANT (COMMONPAGESIZE), CONSTANT (COMMONPAGESIZE))

.eh_frame
 *(.eh_frame)
 *(.eh_frame.*)

.sframe
 *(.sframe)
 *(.sframe.*)

.gnu_extab
 *(.gnu_extab)

.gcc_except_table
 *(.gcc_except_table .gcc_except_table.*)

.exception_ranges
 *(.exception_ranges*)

.tdata
 *(.tdata .tdata.* .gnu.linkonce.td.*)

.tbss
 *(.tbss .tbss.* .gnu.linkonce.tb.*)
 *(.tcommon)

.preinit_array
 *(.preinit_array)

.init_array     0x0000000000017e00       0x28
 *(SORT_BY_INIT_PRIORITY(.init_array.*) SORT_BY_INIT_PRIORITY(.ctors.*))
 .init_array.00101
                0x0000000000017e00        0x8 /home/zoltan/Develop/stackscan/contrib/liballocs/contrib/libsystrap/contrib/librunt/build/opt-x86_64/librunt_preload.a(librunt.o)
 .init_array.00103
                0x0000000000017e08        0x8 /home/zoltan/Develop/stackscan/contrib/liballocs/contrib/libsystrap/contrib/librunt/build/opt-x86_64/librunt_preload.a(librunt.o)
 *(.init_array EXCLUDE_FILE(*crtend?.o *crtend.o *crtbegin?.o *crtbegin.o) .ctors)
 .init_array    0x0000000000017e10        0x8 /home/zoltan/Develop/stackscan/contrib/liballocs/contrib/libsystrap/contrib/librunt/build/opt-x86_64/librunt_preload.a(files.o)
 .init_array    0x0000000000017e18        0x8 /home/zoltan/Develop/stackscan/contrib/liballocs/contrib/libsystrap/contrib/librunt/build/opt-x86_64/librunt_preload.a(segments.o)
 .init_array    0x0000000000017e20        0x8 /home/zoltan/Develop/stackscan/contrib/liballocs/contrib/libsystrap/contrib/librunt/build/opt-x86_64/librunt_preload.a(auxv.o)

.fini_array
 *(SORT_BY_INIT_PRIORITY(.fini_array.*) SORT_BY_INIT_PRIORITY(.dtors.*))
 *(.fini_array EXCLUDE_FILE(*crtend?.o *crtend.o *crtbegin?.o *crtbegin.o) .dtors)

.ctors
 *crtbegin.o(.ctors)
 *crtbegin?.o(.ctors)
 *(EXCLUDE_FILE(*crtend?.o *crtend.o) .ctors)
 *(SORT_BY_NAME(.ctors.*))
 *(.ctors)

.dtors
 *crtbegin.o(.dtors)
 *crtbegin?.o(.dtors)
 *(EXCLUDE_FILE(*crtend?.o *crtend.o) .dtors)
 *(SORT_BY_NAME(.dtors.*))
 *(.dtors)

.jcr
 *(.jcr)

.data.rel.ro    0x0000000000017e28       0x18
 *(.data.rel.ro.local* .gnu.linkonce.d.rel.ro.local.*)
 .data.rel.ro.local.stderr