Archive member included to satisfy reference by file (symbol)

/home/zoltan/Develop/stackscan/contrib/liballocs/contrib/libsystrap/contrib/musl/build-x86_64/lib/libc.a(__libc_start_main.lo)
                              allocsld.os-premain-undprot.o (__init_libc)
/home/zoltan/Develop/stackscan/contrib/liballocs/contrib/libsystrap/contrib/musl/build-x86_64/lib/libc.a(getenv.lo)
                              meta-dso-undprot.o (getenv)
/home/zoltan/Develop/stackscan/contrib/liballocs/contrib/libsystrap/contrib/musl/build-x86_64/lib/libc.a(__errno_location.lo)
                              meta-dso-undprot.o (__errno_location)
/home/zoltan/Develop/stackscan/contrib/liballocs/contrib/libsystrap/contrib/musl/build-x86_64/lib/libc.a(strerror.lo)
                              meta-dso-undprot.o (strerror)
/home/zoltan/Develop/stackscan/contrib/liballocs/contrib/libsystrap/contrib/musl/build-x86_64/lib/libc.a(abort.lo)
                              chain-undprot.o (abort)
/home/zoltan/Develop/stackscan/contrib/liballocs/contrib/libsystrap/contrib/musl/build-x86_64/lib/libc.a(assert.lo)
                              main-undprot.o (__assert_fail)
/home/zoltan/Develop/stackscan/contrib/liballocs/contrib/libsystrap/contrib/musl/build-x86_64/lib/libc.a(exit.lo)
                              chain-undprot.o (exit)
/home/zoltan/Develop/stackscan/contrib/liballocs/contrib/libsystrap/contrib/musl/build-x86_64/lib/libc.a(open.lo)
                              load-undprot.o (open)
/home/zoltan/Develop/stackscan/contrib/liballocs/contrib/libsystrap/contrib/musl/build-x86_64/lib/libc.a(defsysinfo.lo)
                              /home/zoltan/Develop/stackscan/contrib/liballocs/contrib/libsystrap/contrib/musl/build-x86_64/lib/libc.a(__libc_start_main.lo) (__sysinfo)
/home/zoltan/Develop/stackscan/contrib/liballocs/contrib/libsystrap/contrib/musl/build-x86_64/lib/libc.a(libc.lo)
                              /home/zoltan/Develop/stackscan/contrib/liballocs/contrib/libsystrap/contrib/musl/build-x86_64/lib/libc.a(__libc_start_main.lo) (__progname_full)
/home/zoltan/Develop/stackscan/contrib/liballocs/contrib/libsystrap/contrib/musl/build-x86_64/lib/libc.a(syscall_ret.lo)
                              /home/zoltan/Develop/stackscan/contrib/liballocs/contrib/libsystrap/contrib/musl/build-x86_64/lib/libc.a(open.lo) (__syscall_ret)
/home/zoltan/Develop/stackscan/contrib/liballocs/contrib/libsystrap/contrib/musl/build-x86_64/lib/libc.a(__lctrans.lo)
                              /home/zoltan/Develop/stackscan/contrib/liballocs/contrib/libsystrap/contrib/musl/build-x86_64/lib/libc.a(strerror.lo) (__lctrans)
/home/zoltan/Develop/stackscan/contrib/liballocs/contrib/libsystrap/contrib/musl/build-x86_64/lib/libc.a(syscall.lo)
                              allocsld.os-premain-undprot.o (syscall)
/home/zoltan/Develop/stackscan/contrib/liballocs/contrib/libsystrap/contrib/musl/build-x86_64/lib/libc.a(mmap.lo)
                              load-undprot.o (mmap)
/home/zoltan/Develop/stackscan/contrib/liballocs/contrib/libsystrap/contrib/musl/build-x86_64/lib/libc.a(mprotect.lo)
                              load-undprot.o (mprotect)
/home/zoltan/Develop/stackscan/contrib/liballocs/contrib/libsystrap/contrib/musl/build-x86_64/lib/libc.a(block.lo)
                              /home/zoltan/Develop/stackscan/contrib/liballocs/contrib/libsystrap/contrib/musl/build-x86_64/lib/libc.a(abort.lo) (__block_all_sigs)
/home/zoltan/Develop/stackscan/contrib/liballocs/contrib/libsystrap/contrib/musl/build-x86_64/lib/libc.a(raise.lo)
                              /home/zoltan/Develop/stackscan/contrib/liballocs/contrib/libsystrap/contrib/musl/build-x86_64/lib/libc.a(abort.lo) (raise)
/home/zoltan/Develop/stackscan/contrib/liballocs/contrib/libsystrap/contrib/musl/build-x86_64/lib/libc.a(fstat.lo)
                              load-undprot.o (fstat)
/home/zoltan/Develop/stackscan/contrib/liballocs/contrib/libsystrap/contrib/musl/build-x86_64/lib/libc.a(fstatat.lo)
                              /home/zoltan/Develop/stackscan/contrib/liballocs/contrib/libsystrap/contrib/musl/build-x86_64/lib/libc.a(fstat.lo) (fstatat)
/home/zoltan/Develop/stackscan/contrib/liballocs/contrib/libsystrap/contrib/musl/build-x86_64/lib/libc.a(stat.lo)
                              meta-dso-undprot.o (stat)
/home/zoltan/Develop/stackscan/contrib/liballocs/contrib/libsystrap/contrib/musl/build-x86_64/lib/libc.a(fflush.lo)
                              entry-undprot.o (fflush)
/home/zoltan/Develop/stackscan/contrib/liballocs/contrib/libsystrap/contrib/musl/build-x86_64/lib/libc.a(fopen.lo)
                              err-undprot.o (fopen)
/home/zoltan/Develop/stackscan/contrib/liballocs/contrib/libsystrap/contrib/musl/build-x86_64/lib/libc.a(fprintf.lo)
                              main-undprot.o (fprintf)
/home/zoltan/Develop/stackscan/contrib/liballocs/contrib/libsystrap/contrib/musl/build-x86_64/lib/libc.a(fputc.lo)
                              allocinstr-undprot.o (fputc)
[...]
Memory Configuration

Name             Origin             Length             Attributes
*default*        0x0000000000000000 0xffffffffffffffff

Linker script and memory map

LOAD start-undprot.o
LOAD main-undprot.o
LOAD entry-undprot.o
LOAD load-undprot.o
LOAD chain-undprot.o
LOAD debug-undprot.o
LOAD allocinstr-undprot.o
LOAD meta-dso-undprot.o
LOAD err-undprot.o
LOAD allocsld.os-premain-undprot.o
LOAD /home/zoltan/Develop/stackscan/contrib/liballocs/contrib/libsystrap/contrib/musl/build-x86_64/lib/libc.a

.note.gnu.build-id
                0x0000000000000000       0x24
 *(.note.gnu.build-id)
 .note.gnu.build-id
                0x0000000000000000       0x24 start-undprot.o

.interp
 *(.interp)

.hash
 *(.hash)

.gnu.hash
 *(.gnu.hash)

.dynsym
 *(.dynsym)

.dynstr
 *(.dynstr)

.gnu.version
 *(.gnu.version)

.gnu.version_d
 *(.gnu.version_d)

.gnu.version_r
 *(.gnu.version_r)

.rela.init
 *(.rela.init)

.rela.text
 *(.rela.text)

.rela.fini
 *(.rela.fini)

.rela.rodata
 *(.rela.rodata)

.rela.data.rel.ro
 *(.rela.data.rel.ro)

.rela.data
 *(.rela.data)

.rela.tdata
 *(.rela.tdata)

.rela.tbss
 *(.rela.tbss)

.rela.ctors
 *(.rela.ctors)

.rela.dtors
 *(.rela.dtors)

.rela.got
 *(.rela.got)

.rela.tls
 *(.rela.tls)

.rela.bss
 *(.rela.bss)

.rela.ldata
 *(.rela.ldata)

.rela.lbss
 *(.rela.lbss)

.rela.lrodata
 *(.rela.lrodata)

.rela.ifunc
 *(.rela.ifunc)

.rela.plt
 *(.rela.plt)

.relr.dyn
 *(.relr.dyn)

.init
 *(SORT_NONE(.init))

.plt
 *(.plt)

.plt.got
 *(.plt.got)

.plt.sec
 *(.plt.sec)

.text           0x0000000000000000     0x6a08
 *(.text .stub)
 .text          0x0000000000000000        0x9 start-undprot.o
                0x0000000000000000                _start
 .text          0x0000000000000009      0xb5a main-undprot.o
                0x0000000000000009                main
 .text          0x0000000000000b63       0x5b entry-undprot.o
                0x0000000000000b63                enter
 .text          0x0000000000000bbe     0x1004 load-undprot.o
                0x0000000000000bbe                load_one_phdr
                0x0000000000000f5d                load_from_fd
                0x0000000000001a8f                load_file
 .text          0x0000000000001bc2      0xedb chain-undprot.o
                0x00000000000024a1                _dl_debug_state
                0x0000000000002a36                cover_tracks
 .text          0x0000000000002a9d      0x1ae debug-undprot.o
                0x0000000000002a9d                find_or_create_dt_debug
                0x0000000000002bb5                populate_dt_debug
 .text          0x0000000000002c4b     0x2a40 allocinstr-undprot.o
                0x0000000000003c30                write_monopoline_and_detour
                0x0000000000004080                walk_all_ld_so_symbols
                0x000000000000431c                instrument_ld_so_allocators
                0x00000000000044f8                allocsld_detour_malloc
                0x0000000000004528                allocsld_detour_calloc
                0x0000000000004588                allocsld_detour_free
                0x00000000000045b1                allocsld_detour_realloc
                0x00000000000045e9                allocsld_detour_memalign
                0x0000000000004621                allocsld_detour_posix_memalign
                0x0000000000004677                allocsld_detour_malloc_usable_size
                0x0000000000004695                __ld_so_hook_init
                0x00000000000046aa                __ld_so_hook_malloc
                0x000000000000475d                __ld_so_hook_free
                0x00000000000047d2                __ld_so_hook_memalign
                0x000000000000485f                __ld_so_hook_realloc
                0x00000000000049f3                __ld_so_hook_malloc_usable_size
                0x0000000000004a11                __ld_so_terminal_hook_init
                0x0000000000004a1c                __ld_so_terminal_hook_malloc
                0x0000000000004a42                __ld_so_terminal_hook_free
                0x0000000000004a69                __ld_so_terminal_hook_realloc
                0x0000000000004a9a                __ld_so_terminal_hook_memalign
                0x0000000000004acb                __ld_so_terminal_hook_malloc_usable_size
                0x0000000000004ebb                __notify_free
                0x0000000000004eca                __ld_so_malloc_post_init
                0x0000000000004ed5                __ld_so_malloc_post_successful_alloc
                0x0000000000004fa0                __ld_so_malloc_pre_alloc
                0x000000000000502b                __ld_so_malloc_pre_nonnull_free
                0x00000000000050e0                __ld_so_malloc_post_nonnull_free
                0x00000000000050ef                __ld_so_malloc_pre_nonnull_nonzero_realloc
                0x0000000000005142                __ld_so_malloc_post_nonnull_nonzero_realloc
 .text          0x000000000000568b      0x79c meta-dso-undprot.o
                0x000000000000568b                ensure_meta_base
                0x00000000000056f6                meta_libfile_name_by_path
                0x00000000000057e4                meta_libfile_name_by_build_id
                0x0000000000005aaf                find_and_open_meta_libfile
 .text          0x0000000000005e27      0x118 err-undprot.o
                0x0000000000005e27                get_stream_err
                0x0000000000005f2a                __liballocs_errstring
 .text          0x0000000000005f3f      0x9c3 allocsld.os-premain-undprot.o
                0x0000000000005f80                __wrap___init_tp
                0x0000000000005fa3                __get_from_tls_reg_offset
                0x0000000000006077                start_donald
                0x00000000000068dc                __GI_exit
 .text          0x0000000000006902       0x32 /home/zoltan/Develop/stackscan/contrib/liballocs/contrib/libsystrap/contrib/musl/build-x86_64/lib/libc.a(memcpy.lo)
                0x0000000000006902                memcpy
                0x0000000000006902                __memcpy_fwd
 .text          0x0000000000006934       0xc4 /home/zoltan/Develop/stackscan/contrib/liballocs/contrib/libsystrap/contrib/musl/build-x86_64/lib/libc.a(memset.lo)
                0x0000000000006934                memset
 .text          0x00000000000069f8       0x10 /home/zoltan/Develop/stackscan/contrib/liballocs/contrib/libsystrap/contrib/musl/build-x86_64/lib/libc.a(__set_thread_area.lo)
                0x00000000000069f8                __set_thread_area
 *(.gnu.warning)

.text.dummy     0x0000000000000000       0x1e
 .text.dummy    0x0000000000000000        0x5 /home/zoltan/Develop/stackscan/contrib/liballocs/contrib/libsystrap/contrib/musl/build-x86_64/lib/libc.a(__libc_start_main.lo)
                0x0000000000000000                _init
 .text.dummy    0x0000000000000005        0x5 /home/zoltan/Develop/stackscan/contrib/liballocs/contrib/libsystrap/contrib/musl/build-x86_64/lib/libc.a(exit.lo)
                0x0000000000000005                __funcs_on_exit
                0x0000000000000005                _fini
 .text.dummy    0x000000000000000a        0x8 /home/zoltan/Develop/stackscan/contrib/liballocs/contrib/libsystrap/contrib/musl/build-x86_64/lib/libc.a(__lctrans.lo)
                0x000000000000000a                __lctrans_impl
 .text.dummy    0x0000000000000012        0x5 /home/zoltan/Develop/stackscan/contrib/liballocs/contrib/libsystrap/contrib/musl/build-x86_64/lib/libc.a(mmap.lo)
                0x0000000000000012                __vm_wait
 .text.dummy    0x0000000000000017        0x7 /home/zoltan/Develop/stackscan/contrib/liballocs/contrib/libsystrap/contrib/musl/build-x86_64/lib/libc.a(close.lo)
                0x0000000000000017                __aio_close

.text.dummy1    0x0000000000000000        0x5
 .text.dummy1   0x0000000000000000        0x5 /home/zoltan/Develop/stackscan/contrib/liballocs/contrib/libsystrap/contrib/musl/build-x86_64/lib/libc.a(__libc_start_main.lo)
                0x0000000000000000                __init_ssp

.text.__init_libc
                0x0000000000000000      0x181
 .text.__init_libc
                0x0000000000000000      0x181 /home/zoltan/Develop/stackscan/contrib/liballocs/contrib/libsystrap/contrib/musl/build-x86_64/lib/libc.a(__libc_start_main.lo)
                0x0000000000000000                __init_libc

.text.getenv    0x0000000000000000       0x68
 .text.getenv   0x0000000000000000       0x68 /home/zoltan/Develop/stackscan/contrib/liballocs/contrib/libsystrap/contrib/musl/build-x86_64/lib/libc.a(getenv.lo)
                0x0000000000000000                getenv

.text.__errno_location
                0x0000000000000000       0x12
 .text.__errno_location
                0x0000000000000000       0x12 /home/zoltan/Develop/stackscan/contrib/liballocs/contrib/libsystrap/contrib/musl/build-x86_64/lib/libc.a(__errno_location.lo)
                0x0000000000000000                ___errno_location
                0x0000000000000000                __errno_location

.text.__strerror_l
                0x0000000000000000       0x41
 .text.__strerror_l
                0x0000000000000000       0x41 /home/zoltan/Develop/stackscan/contrib/liballocs/contrib/libsystrap/contrib/musl/build-x86_64/lib/libc.a(strerror.lo)
                0x0000000000000000                strerror_l
                0x0000000000000000                __strerror_l

.text.strerror  0x0000000000000000       0x19
 .text.strerror
                0x0000000000000000       0x19 /home/zoltan/Develop/stackscan/contrib/liballocs/contrib/libsystrap/contrib/musl/build-x86_64/lib/libc.a(strerror.lo)
                0x0000000000000000                strerror

.text.abort     0x0000000000000000       0x97
 .text.abort    0x0000000000000000       0x97 /home/zoltan/Develop/stackscan/contrib/liballocs/contrib/libsystrap/contrib/musl/build-x86_64/lib/libc.a(abort.lo)
                0x0000000000000000                abort

.text.__assert_fail
                0x0000000000000000       0x34
 .text.__assert_fail
                0x0000000000000000       0x34 /home/zoltan/Develop/stackscan/contrib/liballocs/contrib/libsystrap/contrib/musl/build-x86_64/lib/libc.a(assert.lo)
                0x0000000000000000                __assert_fail

.text.libc_exit_fini
                0x0000000000000000       0x27
 .text.libc_exit_fini
                0x0000000000000000       0x27 /home/zoltan/Develop/stackscan/contrib/liballocs/contrib/libsystrap/contrib/musl/build-x86_64/lib/libc.a(exit.lo)
                0x0000000000000000                __libc_exit_fini

.text.exit      0x0000000000000000       0x1f
 .text.exit     0x0000000000000000       0x1f /home/zoltan/Develop/stackscan/contrib/liballocs/contrib/libsystrap/contrib/musl/build-x86_64/lib/libc.a(exit.lo)
                0x0000000000000000                exit

.text.open      0x0000000000000000       0x86
 .text.open     0x0000000000000000       0x86 /home/zoltan/Develop/stackscan/contrib/liballocs/contrib/libsystrap/contrib/musl/build-x86_64/lib/libc.a(open.lo)
                0x0000000000000000                open64
                0x0000000000000000                open

.text.__syscall_ret
                0x0000000000000000       0x30
 .text.__syscall_ret
                0x0000000000000000       0x30 /home/zoltan/Develop/stackscan/contrib/liballocs/contrib/libsystrap/contrib/musl/build-x86_64/lib/libc.a(syscall_ret.lo)
                0x0000000000000000                __syscall_ret

.text.__lctrans
                0x0000000000000000        0x9
 .text.__lctrans
                0x0000000000000000        0x9 /home/zoltan/Develop/stackscan/contrib/liballocs/contrib/libsystrap/contrib/musl/build-x86_64/lib/libc.a(__lctrans.lo)
                0x0000000000000000                __lctrans

.text.syscall   0x0000000000000000       0x67
 .text.syscall  0x0000000000000000       0x67 /home/zoltan/Develop/stackscan/contrib/liballocs/contrib/libsystrap/contrib/musl/build-x86_64/lib/libc.a(syscall.lo)
                0x0000000000000000                syscall

.text.__mmap    0x0000000000000000       0xca
 .text.__mmap   0x0000000000000000       0xca /home/zoltan/Develop/stackscan/contrib/liballocs/contrib/libsystrap/contrib/musl/build-x86_64/lib/libc.a(mmap.lo)
                0x0000000000000000                __mmap
                0x0000000000000000                mmap
                0x0000000000000000                mmap64

.text.__mprotect
                0x0000000000000000       0x35
 .text.__mprotect
                0x0000000000000000       0x35 /home/zoltan/Develop/stackscan/contrib/liballocs/contrib/libsystrap/contrib/musl/build-x86_64/lib/libc.a(mprotect.lo)
                0x0000000000000000                __mprotect
                0x0000000000000000                mprotect

.text.__block_all_sigs
                0x0000000000000000       0x1e
 .text.__block_all_sigs
                0x0000000000000000       0x1e /home/zoltan/Develop/stackscan/contrib/liballocs/contrib/libsystrap/contrib/musl/build-x86_64/lib/libc.a(block.lo)
                0x0000000000000000                __block_all_sigs

.text.__block_app_sigs
                0x0000000000000000       0x1e
 .text.__block_app_sigs
                0x0000000000000000       0x1e /home/zoltan/Develop/stackscan/contrib/liballocs/contrib/libsystrap/contrib/musl/build-x86_64/lib/libc.a(block.lo)
                0x0000000000000000                __block_app_sigs

.text.__restore_sigs
                0x0000000000000000       0x1c
 .text.__restore_sigs
                0x0000000000000000       0x1c /home/zoltan/Develop/stackscan/contrib/liballocs/contrib/libsystrap/contrib/musl/build-x86_64/lib/libc.a(block.lo)
                0x0000000000000000                __restore_sigs

.text.raise     0x0000000000000000       0x4d
 .text.raise    0x0000000000000000       0x4d /home/zoltan/Develop/stackscan/contrib/liballocs/contrib/libsystrap/contrib/musl/build-x86_64/lib/libc.a(raise.lo)
                0x0000000000000000                raise

.text.fstat     0x0000000000000000       0x2b
 .text.fstat    0x0000000000000000       0x2b /home/zoltan/Develop/stackscan/contrib/liballocs/contrib/libsystrap/contrib/musl/build-x86_64/lib/libc.a(fstat.lo)
                0x0000000000000000                fstat64
                0x0000000000000000                fstat

.text.fstatat   0x0000000000000000      0x199
 .text.fstatat  0x0000000000000000      0x199 /home/zoltan/Develop/stackscan/contrib/liballocs/contrib/libsystrap/contrib/musl/build-x86_64/lib/libc.a(fstatat.lo)
                0x0000000000000000                fstatat
                0x0000000000000000                fstatat64

.text.stat      0x0000000000000000       0x16
 .text.stat     0x0000000000000000       0x16 /home/zoltan/Develop/stackscan/contrib/liballocs/contrib/libsystrap/contrib/musl/build-x86_64/lib/libc.a(stat.lo)
                0x0000000000000000                stat64
                0x0000000000000000                stat

.text.fflush    0x0000000000000000      0x129
 .text.fflush   0x0000000000000000      0x129 /home/zoltan/Develop/stackscan/contrib/liballocs/contrib/libsystrap/contrib/musl/build-x86_64/lib/libc.a(fflush.lo)
                0x0000000000000000                fflush
                0x0000000000000000                fflush_unlocked

.text.fopen     0x0000000000000000       0xa8
 .text.fopen    0x0000000000000000       0xa8 /home/zoltan/Develop/stackscan/contrib/liballocs/contrib/libsystrap/contrib/musl/build-x86_64/lib/libc.a(fopen.lo)
                0x0000000000000000                fopen
                0x0000000000000000                fopen64

.text.fprintf   0x0000000000000000       0x93
 .text.fprintf  0x0000000000000000       0x93 /home/zoltan/Develop/stackscan/contrib/liballocs/contrib/libsystrap/contrib/musl/build-x86_64/lib/libc.a(fprintf.lo)
                0x0000000000000000                fprintf

.text.locking_putc
                0x0000000000000000       0x9a
 .text.locking_putc
                0x0000000000000000       0x9a /home/zoltan/Develop/stackscan/contrib/liballocs/contrib/libsystrap/contrib/musl/build-x86_64/lib/libc.a(fputc.lo)

.text.fputc     0x0000000000000000       0x59
 .text.fputc    0x0000000000000000       0x59 /home/zoltan/Develop/stackscan/contrib/liballocs/contrib/libsystrap/contrib/musl/build-x86_64/lib/libc.a(fputc.lo)
                0x0000000000000000                fputc

.text.__fwritex
                0x0000000000000000       0xac
 .text.__fwritex
                0x0000000000000000       0xac /home/zoltan/Develop/stackscan/contrib/liballocs/contrib/libsystrap/contrib/musl/build-x86_64/lib/libc.a(fwrite.lo)
                0x0000000000000000                __fwritex

.text.fwrite    0x0000000000000000       0x81
 .text.fwrite   0x0000000000000000       0x81 /home/zoltan/Develop/stackscan/contrib/liballocs/contrib/libsystrap/contrib/musl/build-x86_64/lib/libc.a(fwrite.lo)
                0x0000000000000000                fwrite_unlocked
                0x0000000000000000                fwrite

.text.__ofl_lock
                0x0000000000000000       0x1a
 .text.__ofl_lock
                0x0000000000000000       0x1a /home/zoltan/Develop/stackscan/contrib/liballocs/contrib/libsystrap/contrib/musl/build-x86_64/lib/libc.a(ofl.lo)
                0x0000000000000000                __ofl_lock

.text.__ofl_unlock
                0x0000000000000000       0x10
 .text.__ofl_unlock
                0x0000000000000000       0x10 /home/zoltan/Develop/stackscan/contrib/liballocs/contrib/libsystrap/contrib/musl/build-x86_64/lib/libc.a(ofl.lo)
                0x0000000000000000                __ofl_unlock

.text.snprintf  0x0000000000000000       0x8e
 .text.snprintf
                0x0000000000000000       0x8e /home/zoltan/Develop/stackscan/contrib/liballocs/contrib/libsystrap/contrib/musl/build-x86_64/lib/libc.a(snprintf.lo)
                0x0000000000000000                snprintf

.text.pop_arg   0x0000000000000000      0x16f
 .text.pop_arg  0x0000000000000000      0x16f /home/zoltan/Develop/stackscan/contrib/liballocs/contrib/libsystrap/contrib/musl/build-x86_64/lib/libc.a(vfprintf.lo)

.text.fmt_u     0x0000000000000000       0x20
 .text.fmt_u    0x0000000000000000       0x20 /home/zoltan/Develop/stackscan/contrib/liballocs/contrib/libsystrap/contrib/musl/build-x86_64/lib/libc.a(vfprintf.lo)

.text.getint    0x0000000000000000       0x45
 .text.getint   0x0000000000000000       0x45 /home/zoltan/Develop/stackscan/contrib/liballocs/contrib/libsystrap/contrib/musl/build-x86_64/lib/libc.a(vfprintf.lo)

.text.out       0x0000000000000000       0x17
 .text.out      0x0000000000000000       0x17 /home/zoltan/Develop/stackscan/contrib/liballocs/contrib/libsystrap/contrib/musl/build-x86_64/lib/libc.a(vfprintf.lo)

.text.pad       0x0000000000000000       0x89
 .text.pad      0x0000000000000000       0x89 /home/zoltan/Develop/stackscan/contrib/liballocs/contrib/libsystrap/contrib/musl/build-x86_64/lib/libc.a(vfprintf.lo)

.text.fmt_fp    0x0000000000000000      0xb46
 .text.fmt_fp   0x0000000000000000      0xb46 /home/zoltan/Develop/stackscan/contrib/liballocs/contrib/libsystrap/contrib/musl/build-x86_64/lib/libc.a(vfprintf.lo)

.text.printf_core
                0x0000000000000000      0x955
 .text.printf_core
                0x0000000000000000      0x955 /home/zoltan/Develop/stackscan/contrib/liballocs/contrib/libsystrap/contrib/musl/build-x86_64/lib/libc.a(vfprintf.lo)

.text.vfprintf  0x0000000000000000      0x174
 .text.vfprintf
                0x0000000000000000      0x174 /home/zoltan/Develop/stackscan/contrib/liballocs/contrib/libsystrap/contrib/musl/build-x86_64/lib/libc.a(vfprintf.lo)
                0x0000000000000000                vfprintf

.text.sn_write  0x0000000000000000       0x97
 .text.sn_write
                0x0000000000000000       0x97 /home/zoltan/Develop/stackscan/contrib/liballocs/contrib/libsystrap/contrib/musl/build-x86_64/lib/libc.a(vsnprintf.lo)

.text.vsnprintf
                0x0000000000000000       0xa4
 .text.vsnprintf
                0x0000000000000000       0xa4 /home/zoltan/Develop/stackscan/contrib/liballocs/contrib/libsystrap/contrib/musl/build-x86_64/lib/libc.a(vsnprintf.lo)
                0x0000000000000000                vsnprintf

.text.cycle     0x0000000000000000       0x7b
 .text.cycle    0x0000000000000000       0x7b /home/zoltan/Develop/stackscan/contrib/liballocs/contrib/libsystrap/contrib/musl/build-x86_64/lib/libc.a(qsort.lo)

.text.sift      0x0000000000000000       0xca
 .text.sift     0x0000000000000000       0xca /home/zoltan/Develop/stackscan/contrib/liballocs/contrib/libsystrap/contrib/musl/build-x86_64/lib/libc.a(qsort.lo)

.text.trinkle   0x0000000000000000      0x193
 .text.trinkle  0x0000000000000000      0x193 /home/zoltan/Develop/stackscan/contrib/liballocs/contrib/libsystrap/contrib/musl/build-x86_64/lib/libc.a(qsort.lo)

.text.qsort     0x0000000000000000      0x2e2
 .text.qsort    0x0000000000000000      0x2e2 /home/zoltan/Develop/stackscan/contrib/liballocs/contrib/libsystrap/contrib/musl/build-x86_64/lib/libc.a(qsort.lo)
                0x0000000000000000                qsort

.text.memcmp    0x0000000000000000       0x43
 .text.memcmp   0x0000000000000000       0x43 /home/zoltan/Develop/stackscan/contrib/liballocs/contrib/libsystrap/contrib/musl/build-x86_64/lib/libc.a(memcmp.lo)
                0x0000000000000000                memcmp

.text.strchr    0x0000000000000000       0x16
 .text.strchr   0x0000000000000000       0x16 /home/zoltan/Develop/stackscan/contrib/liballocs/contrib/libsystrap/contrib/musl/build-x86_64/lib/libc.a(strchr.lo)
                0x0000000000000000                strchr

.text.__strchrnul
                0x0000000000000000      0x136
 .text.__strchrnul
                0x0000000000000000      0x136 /home/zoltan/Develop/stackscan/contrib/liballocs/contrib/libsystrap/contrib/musl/build-x86_64/lib/libc.a(strchrnul.lo)
                0x0000000000000000                __strchrnul
                0x0000000000000000                strchrnul

.text.strcmp    0x0000000000000000       0x46
 .text.strcmp   0x0000000000000000       0x46 /home/zoltan/Develop/stackscan/contrib/liballocs/contrib/libsystrap/contrib/musl/build-x86_64/lib/libc.a(strcmp.lo)
                0x0000000000000000                strcmp

.text.strlen    0x0000000000000000       0x8d
 .text.strlen   0x0000000000000000       0x8d /home/zoltan/Develop/stackscan/contrib/liballocs/contrib/libsystrap/contrib/musl/build-x86_64/lib/libc.a(strlen.lo)
                0x0000000000000000                strlen

.text.strncat   0x0000000000000000       0x62
 .text.strncat  0x0000000000000000       0x62 /home/zoltan/Develop/stackscan/contrib/liballocs/contrib/libsystrap/contrib/musl/build-x86_64/lib/libc.a(strncat.lo)
                0x0000000000000000                strncat

.text.strncmp   0x0000000000000000       0x61
 .text.strncmp  0x0000000000000000       0x61 /home/zoltan/Develop/stackscan/contrib/liballocs/contrib/libsystrap/contrib/musl/build-x86_64/lib/libc.a(strncmp.lo)
                0x0000000000000000                strncmp

.text.strnlen   0x0000000000000000       0x2e
 .text.strnlen  0x0000000000000000       0x2e /home/zoltan/Develop/stackscan/contrib/liballocs/contrib/libsystrap/contrib/musl/build-x86_64/lib/libc.a(strnlen.lo)
                0x0000000000000000                strnlen

.text.__lock    0x0000000000000000       0x99
 .text.__lock   0x0000000000000000       0x99 /home/zoltan/Develop/stackscan/contrib/liballocs/contrib/libsystrap/contrib/musl/build-x86_64/lib/libc.a(__lock.lo)
                0x0000000000000000                __lock

.text.__unlock  0x0000000000000000       0x3e
 .text.__unlock
                0x0000000000000000       0x3e /home/zoltan/Develop/stackscan/contrib/liballocs/contrib/libsystrap/contrib/musl/build-x86_64/lib/libc.a(__lock.lo)
                0x0000000000000000                __unlock

.text.sccp      0x0000000000000000       0x1e
 .text.sccp     0x0000000000000000       0x1e /home/zoltan/Develop/stackscan/contrib/liballocs/contrib/libsystrap/contrib/musl/build-x86_64/lib/libc.a(__syscall_cp.lo)
                0x0000000000000000                __syscall_cp_c

.text.__syscall_cp
                0x0000000000000000        0x9
 .text.__syscall_cp
                0x0000000000000000        0x9 /home/zoltan/Develop/stackscan/contrib/liballocs/contrib/libsystrap/contrib/musl/build-x86_64/lib/libc.a(__syscall_cp.lo)
                0x0000000000000000                __syscall_cp

.text.close     0x0000000000000000       0x38
 .text.close    0x0000000000000000       0x38 /home/zoltan/Develop/stackscan/contrib/liballocs/contrib/libsystrap/contrib/musl/build-x86_64/lib/libc.a(close.lo)
                0x0000000000000000                close

.text.__lseek   0x0000000000000000       0x19
 .text.__lseek  0x0000000000000000       0x19 /home/zoltan/Develop/stackscan/contrib/liballocs/contrib/libsystrap/contrib/musl/build-x86_64/lib/libc.a(lseek.lo)
                0x0000000000000000                lseek
                0x0000000000000000                __lseek
                0x0000000000000000                lseek64

.text.read      0x0000000000000000       0x2f
 .text.read     0x0000000000000000       0x2f /home/zoltan/Develop/stackscan/contrib/liballocs/contrib/libsystrap/contrib/musl/build-x86_64/lib/libc.a(read.lo)
                0x0000000000000000                read

.text.__init_tp
                0x0000000000000000       0x72
 .text.__init_tp
                0x0000000000000000       0x72 /home/zoltan/Develop/stackscan/contrib/liballocs/contrib/libsystrap/contrib/musl/build-x86_64/lib/libc.a(__init_tls.lo)
                0x0000000000000000                __init_tp

.text.__copy_tls
                0x0000000000000000       0x84
 .text.__copy_tls
                0x0000000000000000       0x84 /home/zoltan/Develop/stackscan/contrib/liballocs/contrib/libsystrap/contrib/musl/build-x86_64/lib/libc.a(__init_tls.lo)
                0x0000000000000000                __copy_tls

.text.static_init_tls
                0x0000000000000000      0x17f
 .text.static_init_tls
                0x0000000000000000      0x17f /home/zoltan/Develop/stackscan/contrib/liballocs/contrib/libsystrap/contrib/musl/build-x86_64/lib/libc.a(__init_tls.lo)
                0x0000000000000000                __init_tls

.text._Exit     0x0000000000000000       0x15
 .text._Exit    0x0000000000000000       0x15 /home/zoltan/Develop/stackscan/contrib/liballocs/contrib/libsystrap/contrib/musl/build-x86_64/lib/libc.a(_Exit.lo)
                0x0000000000000000                _Exit

.text.__procfdname
                0x0000000000000000       0xbb
 .text.__procfdname
                0x0000000000000000       0xbb /home/zoltan/Develop/stackscan/contrib/liballocs/contrib/libsystrap/contrib/musl/build-x86_64/lib/libc.a(procfdname.lo)
                0x0000000000000000                __procfdname

.text.__fpclassifyl
                0x0000000000000000       0x4d
 .text.__fpclassifyl
                0x0000000000000000       0x4d /home/zoltan/Develop/stackscan/contrib/liballocs/contrib/libsystrap/contrib/musl/build-x86_64/lib/libc.a(__fpclassifyl.lo)
                0x0000000000000000                __fpclassifyl

.text.__signbitl
                0x0000000000000000       0x11
 .text.__signbitl
                0x0000000000000000       0x11 /home/zoltan/Develop/stackscan/contrib/liballocs/contrib/libsystrap/contrib/musl/build-x86_64/lib/libc.a(__signbitl.lo)
                0x0000000000000000                __signbitl

.text.frexpl    0x0000000000000000       0x87
 .text.frexpl   0x0000000000000000       0x87 /home/zoltan/Develop/stackscan/contrib/liballocs/contrib/libsystrap/contrib/musl/build-x86_64/lib/libc.a(frexpl.lo)
                0x0000000000000000                frexpl

.text.wctomb    0x0000000000000000       0x16
 .text.wctomb   0x0000000000000000       0x16 /home/zoltan/Develop/stackscan/contrib/liballocs/contrib/libsystrap/contrib/musl/build-x86_64/lib/libc.a(wctomb.lo)
                0x0000000000000000                wctomb

.text.__fdopen  0x0000000000000000      0x171
 .text.__fdopen
                0x0000000000000000      0x171 /home/zoltan/Develop/stackscan/contrib/liballocs/contrib/libsystrap/contrib/musl/build-x86_64/lib/libc.a(__fdopen.lo)
                0x0000000000000000                fdopen
                0x0000000000000000                __fdopen

.text.__fmodeflags
                0x0000000000000000       0x7d
 .text.__fmodeflags
                0x0000000000000000       0x7d /home/zoltan/Develop/stackscan/contrib/liballocs/contrib/libsystrap/contrib/musl/build-x86_64/lib/libc.a(__fmodeflags.lo)
                0x0000000000000000                __fmodeflags

.text.__lockfile
                0x0000000000000000       0x9b
 .text.__lockfile
                0x0000000000000000       0x9b /home/zoltan/Develop/stackscan/contrib/liballocs/contrib/libsystrap/contrib/musl/build-x86_64/lib/libc.a(__lockfile.lo)
                0x0000000000000000                __lockfile

.text.__unlockfile
                0x0000000000000000       0x40
 .text.__unlockfile
                0x0000000000000000       0x40 /home/zoltan/Develop/stackscan/contrib/liballocs/contrib/libsystrap/contrib/musl/build-x86_64/lib/libc.a(__lockfile.lo)
                0x0000000000000000                __unlockfile

.text.__overflow
                0x0000000000000000       0x6d
 .text.__overflow
                0x0000000000000000       0x6d /home/zoltan/Develop/stackscan/contrib/liballocs/contrib/libsystrap/contrib/musl/build-x86_64/lib/libc.a(__overflow.lo)
                0x0000000000000000                __overflow

.text.__stdio_close
                0x0000000000000000       0x21
 .text.__stdio_close
                0x0000000000000000       0x21 /home/zoltan/Develop/stackscan/contrib/liballocs/contrib/libsystrap/contrib/musl/build-x86_64/lib/libc.a(__stdio_close.lo)
                0x0000000000000000                __stdio_close

.text.__stdio_read
                0x0000000000000000       0xc0
 .text.__stdio_read
                0x0000000000000000       0xc0 /home/zoltan/Develop/stackscan/contrib/liballocs/contrib/libsystrap/contrib/musl/build-x86_64/lib/libc.a(__stdio_read.lo)
                0x0000000000000000                __stdio_read

.text.__stdio_seek
                0x0000000000000000        0xc
 .text.__stdio_seek
                0x0000000000000000        0xc /home/zoltan/Develop/stackscan/contrib/liballocs/contrib/libsystrap/contrib/musl/build-x86_64/lib/libc.a(__stdio_seek.lo)
                0x0000000000000000                __stdio_seek

.text.__stdio_write
                0x0000000000000000       0xd0
 .text.__stdio_write
                0x0000000000000000       0xd0 /home/zoltan/Develop/stackscan/contrib/liballocs/contrib/libsystrap/contrib/musl/build-x86_64/lib/libc.a(__stdio_write.lo)
                0x0000000000000000                __stdio_write

.text.__towrite
                0x0000000000000000       0x47
 .text.__towrite
                0x0000000000000000       0x47 /home/zoltan/Develop/stackscan/contrib/liballocs/contrib/libsystrap/contrib/musl/build-x86_64/lib/libc.a(__towrite.lo)
                0x0000000000000000                __towrite

.text.__ofl_add
                0x0000000000000000       0x2d
 .text.__ofl_add
                0x0000000000000000       0x2d /home/zoltan/Develop/stackscan/contrib/liballocs/contrib/libsystrap/contrib/musl/build-x86_64/lib/libc.a(ofl_add.lo)
                0x0000000000000000                __ofl_add

.text.memchr    0x0000000000000000      0x132
 .text.memchr   0x0000000000000000      0x132 /home/zoltan/Develop/stackscan/contrib/liballocs/contrib/libsystrap/contrib/musl/build-x86_64/lib/libc.a(memchr.lo)
                0x0000000000000000                memchr

.text.__simple_malloc
                0x0000000000000000      0x129
 .text.__simple_malloc
                0x0000000000000000      0x129 /home/zoltan/Develop/stackscan/contrib/liballocs/contrib/libsystrap/contrib/musl/build-x86_64/lib/libc.a(lite_malloc.lo)
                0x0000000000000000                malloc

.text.wcrtomb   0x0000000000000000      0x111
 .text.wcrtomb  0x0000000000000000      0x111 /home/zoltan/Develop/stackscan/contrib/liballocs/contrib/libsystrap/contrib/musl/build-x86_64/lib/libc.a(wcrtomb.lo)
                0x0000000000000000                wcrtomb

.text.close_file
                0x0000000000000000       0x4e
 .text.close_file
                0x0000000000000000       0x4e /home/zoltan/Develop/stackscan/contrib/liballocs/contrib/libsystrap/contrib/musl/build-x86_64/lib/libc.a(__stdio_exit.lo)

.text.__stdio_exit
                0x0000000000000000       0x45
 .text.__stdio_exit
                0x0000000000000000       0x45 /home/zoltan/Develop/stackscan/contrib/liballocs/contrib/libsystrap/contrib/musl/build-x86_64/lib/libc.a(__stdio_exit.lo)
                0x0000000000000000                __stdio_exit
                0x0000000000000000                __stdio_exit_needed

.text.__expand_heap
                0x0000000000000000      0x164
 .text.__expand_heap
                0x0000000000000000      0x164 /home/zoltan/Develop/stackscan/contrib/liballocs/contrib/libsystrap/contrib/musl/build-x86_64/lib/libc.a(expand_heap.lo)
                0x0000000000000000                __expand_heap

.fini
 *(SORT_NONE(.fini))

.rodata         0x0000000000000000     0x12c1
 *(.rodata)
 .rodata        0x0000000000000000      0x299 main-undprot.o
 *fill*         0x0000000000000299        0x7 
 .rodata        0x00000000000002a0       0x3a entry-undprot.o
 *fill*         0x00000000000002da        0x6 
 .rodata        0x00000000000002e0      0x335 load-undprot.o
 *fill*         0x0000000000000615        0xb 
 .rodata        0x0000000000000620      0x2b0 chain-undprot.o
 .rodata        0x00000000000008d0       0x98 debug-undprot.o
 *fill*         0x0000000000000968        0x8 
 .rodata        0x0000000000000970      0x619 allocinstr-undprot.o
 *fill*         0x0000000000000f89        0x7 
 .rodata        0x0000000000000f90      0x1ea meta-dso-undprot.o
 *fill*         0x000000000000117a        0x6 
 .rodata        0x0000000000001180       0x5f err-undprot.o
 *fill*         0x00000000000011df        0x1 
 .rodata        0x00000000000011e0       0xe1 allocsld.os-premain-undprot.o

.rodata_bytes_relocs
                0x0000000000000000       0x18
 .rodata_bytes_relocs
                0x0000000000000000       0x18 chain-undprot.o

.rodata_bytes   0x0000000000000000       0x1c
 .rodata_bytes  0x0000000000000000       0x1c chain-undprot.o

.rodata_trampoline_exit_relocs
                0x0000000000000000       0x18
 .rodata_trampoline_exit_relocs
                0x0000000000000000       0x18 allocinstr-undprot.o

.rodata_trampoline_exit
                0x0000000000000000       0x15
 .rodata_trampoline_exit
                0x0000000000000000       0x15 allocinstr-undprot.o

.rodata_jump_to_detour_relocs
                0x0000000000000000       0x18
 .rodata_jump_to_detour_relocs
                0x0000000000000000       0x18 allocinstr-undprot.o

.rodata_jump_to_detour
                0x0000000000000000       0x15
 .rodata_jump_to_detour
                0x0000000000000000       0x15 allocinstr-undprot.o

.rodata.__init_libc.str1.1
                0x0000000000000000        0xb
 .rodata.__init_libc.str1.1
                0x0000000000000000        0xb /home/zoltan/Develop/stackscan/contrib/liballocs/contrib/libsystrap/contrib/musl/build-x86_64/lib/libc.a(__libc_start_main.lo)

.rodata.errmsg  0x0000000000000000      0x71f
 .rodata.errmsg
                0x0000000000000000      0x71f /home/zoltan/Develop/stackscan/contrib/liballocs/contrib/libsystrap/contrib/musl/build-x86_64/lib/libc.a(strerror.lo)

.rodata.errid   0x0000000000000000       0x59
 .rodata.errid  0x0000000000000000       0x59 /home/zoltan/Develop/stackscan/contrib/liballocs/contrib/libsystrap/contrib/musl/build-x86_64/lib/libc.a(strerror.lo)

.rodata.__assert_fail.str1.1
                0x0000000000000000       0x23
 .rodata.__assert_fail.str1.1
                0x0000000000000000       0x23 /home/zoltan/Develop/stackscan/contrib/liballocs/contrib/libsystrap/contrib/musl/build-x86_64/lib/libc.a(assert.lo)

.rodata.app_mask
                0x0000000000000000        0x8
 .rodata.app_mask
                0x0000000000000000        0x8 /home/zoltan/Develop/stackscan/contrib/liballocs/contrib/libsystrap/contrib/musl/build-x86_64/lib/libc.a(block.lo)

.rodata.all_mask
                0x0000000000000000        0x8
 .rodata.all_mask
                0x0000000000000000        0x8 /home/zoltan/Develop/stackscan/contrib/liballocs/contrib/libsystrap/contrib/musl/build-x86_64/lib/libc.a(block.lo)

.rodata.fstat.str1.1
                0x0000000000000000        0x1
 .rodata.fstat.str1.1
                0x0000000000000000        0x1 /home/zoltan/Develop/stackscan/contrib/liballocs/contrib/libsystrap/contrib/musl/build-x86_64/lib/libc.a(fstat.lo)

.rodata.fopen.str1.1
                0x0000000000000000        0x4
 .rodata.fopen.str1.1
                0x0000000000000000        0x4 /home/zoltan/Develop/stackscan/contrib/liballocs/contrib/libsystrap/contrib/musl/build-x86_64/lib/libc.a(fopen.lo)

.rodata.pop_arg
                0x0000000000000000       0x48
 .rodata.pop_arg
                0x0000000000000000       0x48 /home/zoltan/Develop/stackscan/contrib/liballocs/contrib/libsystrap/contrib/musl/build-x86_64/lib/libc.a(vfprintf.lo)

.rodata.fmt_fp.str1.1
                0x0000000000000000       0x25
 .rodata.fmt_fp.str1.1
                0x0000000000000000       0x25 /home/zoltan/Develop/stackscan/contrib/liballocs/contrib/libsystrap/contrib/musl/build-x86_64/lib/libc.a(vfprintf.lo)

.rodata.printf_core.str1.1
                0x0000000000000000       0x11
 .rodata.printf_core.str1.1
                0x0000000000000000       0x11 /home/zoltan/Develop/stackscan/contrib/liballocs/contrib/libsystrap/contrib/musl/build-x86_64/lib/libc.a(vfprintf.lo)

.rodata.printf_core
                0x0000000000000000      0x100
 .rodata.printf_core
                0x0000000000000000      0x100 /home/zoltan/Develop/stackscan/contrib/liballocs/contrib/libsystrap/contrib/musl/build-x86_64/lib/libc.a(vfprintf.lo)

.rodata.xdigits
                0x0000000000000000       0x10
 .rodata.xdigits
                0x0000000000000000       0x10 /home/zoltan/Develop/stackscan/contrib/liballocs/contrib/libsystrap/contrib/musl/build-x86_64/lib/libc.a(vfprintf.lo)

.rodata.states  0x0000000000000000      0x1d0
 .rodata.states
                0x0000000000000000      0x1d0 /home/zoltan/Develop/stackscan/contrib/liballocs/contrib/libsystrap/contrib/musl/build-x86_64/lib/libc.a(vfprintf.lo)

.rodata.cst4    0x0000000000000000       0x20
 .rodata.cst4   0x0000000000000000       0x1c /home/zoltan/Develop/stackscan/contrib/liballocs/contrib/libsystrap/contrib/musl/build-x86_64/lib/libc.a(vfprintf.lo)
 .rodata.cst4   0x000000000000001c        0x4 /home/zoltan/Develop/stackscan/contrib/liballocs/contrib/libsystrap/contrib/musl/build-x86_64/lib/libc.a(frexpl.lo)

.rodata.cst16   0x0000000000000000       0x20
 .rodata.cst16  0x0000000000000000       0x20 /home/zoltan/Develop/stackscan/contrib/liballocs/contrib/libsystrap/contrib/musl/build-x86_64/lib/libc.a(vfprintf.lo)

.rodata.cst8    0x0000000000000000        0x8
 .rodata.cst8   0x0000000000000000        0x8 /home/zoltan/Develop/stackscan/contrib/liballocs/contrib/libsystrap/contrib/musl/build-x86_64/lib/libc.a(procfdname.lo)

.rodata.__fdopen.str1.1
                0x0000000000000000        0x4
 .rodata.__fdopen.str1.1
                0x0000000000000000        0x4 /home/zoltan/Develop/stackscan/contrib/liballocs/contrib/libsystrap/contrib/musl/build-x86_64/lib/libc.a(__fdopen.lo)

.rodata1
 *(.rodata1)

.eh_frame_hdr
 *(.eh_frame_hdr)

.eh_frame       0x0000000000000000      0xde4
 *(.eh_frame)
 .eh_frame      0x0000000000000000       0x40 main-undprot.o
 .eh_frame      0x0000000000000040       0x38 entry-undprot.o
 .eh_frame      0x0000000000000078       0x80 load-undprot.o
 .eh_frame      0x00000000000000f8      0x278 chain-undprot.o
 .eh_frame      0x0000000000000370       0x58 debug-undprot.o
 .eh_frame      0x00000000000003c8      0x840 allocinstr-undprot.o
 .eh_frame      0x0000000000000c08       0xa8 meta-dso-undprot.o
 .eh_frame      0x0000000000000cb0       0x60 err-undprot.o
 .eh_frame      0x0000000000000d10       0xd4 allocsld.os-premain-undprot.o
                                         0xd8 (size before relaxing)

.sframe
 *(.sframe)

.gcc_except_table
 *(.gcc_except_table)

.gnu_extab
 *(.gnu_extab*)

.exception_ranges
 *(.exception_ranges)

.eh_frame
 *(.eh_frame)

.sframe
 *(.sframe)

.gnu_extab
 *(.gnu_extab)

.gcc_except_table
 *(.gcc_except_table)

.exception_ranges
 *(.exception_ranges)

.tdata
 *(.tdata)

.tbss
 *(.tbss)

.jcr
 *(.jcr)

.dynamic
 *(.dynamic)

.got
 *(.got)

.got.plt
 *(.got.plt)

.data
 *(.data)

.data.rel.local.__stderr_used
                0x0000000000000000        0x8
 .data.rel.local.__stderr_used
                0x0000000000000000        0x8 /home/zoltan/Develop/stackscan/contrib/liballocs/contrib/libsystrap/contrib/musl/build-x86_64/lib/libc.a(stderr.lo)
                0x0000000000000000                __stderr_used

.data.rel.ro.local.stderr
                0x0000000000000000        0x8
 .data.rel.ro.local.stderr
                0x0000000000000000        0x8 /home/zoltan/Develop/stackscan/contrib/liballocs/contrib/libsystrap/contrib/musl/build-x86_64/lib/libc.a(stderr.lo)
                0x0000000000000000                stderr

.data.rel.local.__stderr_FILE
                0x0000000000000000       0xe8
 .data.rel.local.__stderr_FILE
                0x0000000000000000       0xe8 /home/zoltan/Develop/stackscan/contrib/liballocs/contrib/libsystrap/contrib/musl/build-x86_64/lib/libc.a(stderr.lo)
                0x0000000000000000                __stderr_FILE

.data.__default_stacksize
                0x0000000000000000        0x4
 .data.__default_stacksize
                0x0000000000000000        0x4 /home/zoltan/Develop/stackscan/contrib/liballocs/contrib/libsystrap/contrib/musl/build-x86_64/lib/libc.a(default_attr.lo)
                0x0000000000000000                __default_stacksize

.data1
 *(.data1)

.bss            0x0000000000000000       0xe0
 *(.bss)
 .bss           0x0000000000000000       0x28 debug-undprot.o
                0x0000000000000000                fake_ld_so_link_map
 .bss           0x0000000000000028       0x60 allocinstr-undprot.o
                0x0000000000000028                linear_malloc
 .bss           0x0000000000000088        0xc meta-dso-undprot.o
                0x0000000000000088                meta_base
                0x0000000000000090                meta_base_len
 *fill*         0x0000000000000094        0x4 
 .bss           0x0000000000000098        0xc err-undprot.o
                0x0000000000000098                stream_err
                0x00000000000000a0                __liballocs_debug_level
 *fill*         0x00000000000000a4        0x4 
 .bss           0x00000000000000a8       0x38 allocsld.os-premain-undprot.o
                0x00000000000000a8                environ
                0x00000000000000b0                p_dyn
                0x00000000000000b8                p_auxv
                0x00000000000000c0                page_size
                0x00000000000000c8                sp_on_entry
                0x00000000000000d0                argc
                0x00000000000000d8                argv

.bss.__abort_lock
                0x0000000000000000        0x4
 .bss.__abort_lock
                0x0000000000000000        0x4 /home/zoltan/Develop/stackscan/contrib/liballocs/contrib/libsystrap/contrib/musl/build-x86_64/lib/libc.a(abort.lo)
                0x0000000000000000                __abort_lock

.bss.__sysinfo  0x0000000000000000        0x8
 .bss.__sysinfo
                0x0000000000000000        0x8 /home/zoltan/Develop/stackscan/contrib/liballocs/contrib/libsystrap/contrib/musl/build-x86_64/lib/libc.a(defsysinfo.lo)
                0x0000000000000000                __sysinfo

.bss.__progname_full
                0x0000000000000000        0x8
 .bss.__progname_full
                0x0000000000000000        0x8 /home/zoltan/Develop/stackscan/contrib/liballocs/contrib/libsystrap/contrib/musl/build-x86_64/lib/libc.a(libc.lo)
                0x0000000000000000                program_invocation_name
                0x0000000000000000                __progname_full

.bss.__progname
                0x0000000000000000        0x8
 .bss.__progname
                0x0000000000000000        0x8 /home/zoltan/Develop/stackscan/contrib/liballocs/contrib/libsystrap/contrib/musl/build-x86_64/lib/libc.a(libc.lo)
                0x0000000000000000                __progname
                0x0000000000000000                program_invocation_short_name

.bss.__hwcap    0x0000000000000000        0x8
 .bss.__hwcap   0x0000000000000000        0x8 /home/zoltan/Develop/stackscan/contrib/liballocs/contrib/libsystrap/contrib/musl/build-x86_64/lib/libc.a(libc.lo)
                0x0000000000000000                __hwcap

.bss.__libc     0x0000000000000000       0x70
 .bss.__libc    0x0000000000000000       0x70 /home/zoltan/Develop/stackscan/contrib/liballocs/contrib/libsystrap/contrib/musl/build-x86_64/lib/libc.a(libc.lo)
                0x0000000000000000                __libc

.bss.dummy      0x0000000000000000        0x8
 .bss.dummy     0x0000000000000000        0x8 /home/zoltan/Develop/stackscan/contrib/liballocs/contrib/libsystrap/contrib/musl/build-x86_64/lib/libc.a(fflush.lo)
                0x0000000000000000                __stdout_used

.bss.ofl_lock   0x0000000000000000        0x4
 .bss.ofl_lock  0x0000000000000000        0x4 /home/zoltan/Develop/stackscan/contrib/liballocs/contrib/libsystrap/contrib/musl/build-x86_64/lib/libc.a(ofl.lo)

.bss.ofl_head   0x0000000000000000        0x8
 .bss.ofl_head  0x0000000000000000        0x8 /home/zoltan/Develop/stackscan/contrib/liballocs/contrib/libsystrap/contrib/musl/build-x86_64/lib/libc.a(ofl.lo)

.bss.buf        0x0000000000000000        0x8
 .bss.buf       0x0000000000000000        0x8 /home/zoltan/Develop/stackscan/contrib/liballocs/contrib/libsystrap/contrib/musl/build-x86_64/lib/libc.a(stderr.lo)

.bss.__environ  0x0000000000000000        0x8
 .bss.__environ
                0x0000000000000000        0x8 /home/zoltan/Develop/stackscan/contrib/liballocs/contrib/libsystrap/contrib/musl/build-x86_64/lib/libc.a(__environ.lo)
                0x0000000000000000                _environ
                0x0000000000000000                __environ
                0x0000000000000000                ___environ

.bss.main_tls   0x0000000000000000       0x30
 .bss.main_tls  0x0000000000000000       0x30 /home/zoltan/Develop/stackscan/contrib/liballocs/contrib/libsystrap/contrib/musl/build-x86_64/lib/libc.a(__init_tls.lo)

.bss.builtin_tls
                0x0000000000000000      0x168
 .bss.builtin_tls
                0x0000000000000000      0x168 /home/zoltan/Develop/stackscan/contrib/liballocs/contrib/libsystrap/contrib/musl/build-x86_64/lib/libc.a(__init_tls.lo)

.bss.__thread_list_lock
                0x0000000000000000        0x4
 .bss.__thread_list_lock
                0x0000000000000000        0x4 /home/zoltan/Develop/stackscan/contrib/liballocs/contrib/libsystrap/contrib/musl/build-x86_64/lib/libc.a(__init_tls.lo)
                0x0000000000000000                __thread_list_lock

.bss.end.2      0x0000000000000000        0x8
 .bss.end.2     0x0000000000000000        0x8 /home/zoltan/Develop/stackscan/contrib/liballocs/contrib/libsystrap/contrib/musl/build-x86_64/lib/libc.a(lite_malloc.lo)

.bss.cur.1      0x0000000000000000        0x8
 .bss.cur.1     0x0000000000000000        0x8 /home/zoltan/Develop/stackscan/contrib/liballocs/contrib/libsystrap/contrib/musl/build-x86_64/lib/libc.a(lite_malloc.lo)

.bss.lock.0     0x0000000000000000        0x4
 .bss.lock.0    0x0000000000000000        0x4 /home/zoltan/Develop/stackscan/contrib/liballocs/contrib/libsystrap/contrib/musl/build-x86_64/lib/libc.a(lite_malloc.lo)

.bss.dummy_file
                0x0000000000000000        0x8
 .bss.dummy_file
                0x0000000000000000        0x8 /home/zoltan/Develop/stackscan/contrib/liballocs/contrib/libsystrap/contrib/musl/build-x86_64/lib/libc.a(__stdio_exit.lo)
                0x0000000000000000                __stdin_used

.bss.mmap_step.0
                0x0000000000000000        0x4
 .bss.mmap_step.0
                0x0000000000000000        0x4 /home/zoltan/Develop/stackscan/contrib/liballocs/contrib/libsystrap/contrib/musl/build-x86_64/lib/libc.a(expand_heap.lo)

.bss.brk.1      0x0000000000000000        0x8
 .bss.brk.1     0x0000000000000000        0x8 /home/zoltan/Develop/stackscan/contrib/liballocs/contrib/libsystrap/contrib/musl/build-x86_64/lib/libc.a(expand_heap.lo)

.lbss
 *(.lbss)

.lrodata
 *(.lrodata)

.ldata
 *(.ldata)

.stab
 *(.stab)

.stabstr
 *(.stabstr)

.stab.excl
 *(.stab.excl)

.stab.exclstr
 *(.stab.exclstr)

.stab.index
 *(.stab.index)

.stab.indexstr
 *(.stab.indexstr)

.comment        0x0000000000000000      0xbbb
 *(.comment)
 .comment       0x0000000000000000       0x27 main-undprot.o
 .comment       0x0000000000000027       0x27 entry-undprot.o
 .comment       0x000000000000004e       0x27 load-undprot.o
 .comment       0x0000000000000075       0x27 chain-undprot.o
 .comment       0x000000000000009c       0x27 debug-undprot.o
 .comment       0x00000000000000c3       0x27 allocinstr-undprot.o
 .comment       0x00000000000000ea       0x27 meta-dso-undprot.o
 .comment       0x0000000000000111       0x27 err-undprot.o
 .comment       0x0000000000000138       0x27 allocsld.os-premain-undprot.o
 .comment       0x000000000000015f       0x27 /home/zoltan/Develop/stackscan/contrib/liballocs/contrib/libsystrap/contrib/musl/build-x86_64/lib/libc.a(__libc_start_main.lo)
 .comment       0x0000000000000186       0x27 /home/zoltan/Develop/stackscan/contrib/liballocs/contrib/libsystrap/contrib/musl/build-x86_64/lib/libc.a(getenv.lo)
 .comment       0x00000000000001ad       0x27 /home/zoltan/Develop/stackscan/contrib/liballocs/contrib/libsystrap/contrib/musl/build-x86_64/lib/libc.a(__errno_location.lo)
 .comment       0x00000000000001d4       0x27 /home/zoltan/Develop/stackscan/contrib/liballocs/contrib/libsystrap/contrib/musl/build-x86_64/lib/libc.a(strerror.lo)
 .comment       0x00000000000001fb       0x27 /home/zoltan/Develop/stackscan/contrib/liballocs/contrib/libsystrap/contrib/musl/build-x86_64/lib/libc.a(abort.lo)
 .comment       0x0000000000000222       0x27 /home/zoltan/Develop/stackscan/contrib/liballocs/contrib/libsystrap/contrib/musl/build-x86_64/lib/libc.a(assert.lo)
 .comment       0x0000000000000249       0x27 /home/zoltan/Develop/stackscan/contrib/liballocs/contrib/libsystrap/contrib/musl/build-x86_64/lib/libc.a(exit.lo)
 .comment       0x0000000000000270       0x27 /home/zoltan/Develop/stackscan/contrib/liballocs/contrib/libsystrap/contrib/musl/build-x86_64/lib/libc.a(open.lo)
 .comment       0x0000000000000297       0x27 /home/zoltan/Develop/stackscan/contrib/liballocs/contrib/libsystrap/contrib/musl/build-x86_64/lib/libc.a(defsysinfo.lo)
 .comment       0x00000000000002be       0x27 /home/zoltan/Develop/stackscan/contrib/liballocs/contrib/libsystrap/contrib/musl/build-x86_64/lib/libc.a(libc.lo)
 .comment       0x00000000000002e5       0x27 /home/zoltan/Develop/stackscan/contrib/liballocs/contrib/libsystrap/contrib/musl/build-x86_64/lib/libc.a(syscall_ret.lo)
 .comment       0x000000000000030c       0x27 /home/zoltan/Develop/stackscan/contrib/liballocs/contrib/libsystrap/contrib/musl/build-x86_64/lib/libc.a(__lctrans.lo)
 .comment       0x0000000000000333       0x27 /home/zoltan/Develop/stackscan/contrib/liballocs/contrib/libsystrap/contrib/musl/build-x86_64/lib/libc.a(syscall.lo)
 .comment       0x000000000000035a       0x27 /home/zoltan/Develop/stackscan/contrib/liballocs/contrib/libsystrap/contrib/musl/build-x86_64/lib/libc.a(mmap.lo)
 .comment       0x0000000000000381       0x27 /home/zoltan/Develop/stackscan/contrib/liballocs/contrib/libsystrap/contrib/musl/build-x86_64/lib/libc.a(mprotect.lo)
 .comment       0x00000000000003a8       0x27 /home/zoltan/Develop/stackscan/contrib/liballocs/contrib/libsystrap/contrib/musl/build-x86_64/lib/libc.a(block.lo)
 .comment       0x00000000000003cf       0x27 /home/zoltan/Develop/stackscan/contrib/liballocs/contrib/libsystrap/contrib/musl/build-x86_64/lib/libc.a(raise.lo)
 .comment       0x00000000000003f6       0x27 /home/zoltan/Develop/stackscan/contrib/liballocs/contrib/libsystrap/contrib/musl/build-x86_64/lib/libc.a(fstat.lo)
 .comment       0x000000000000041d       0x27 /home/zoltan/Develop/stackscan/contrib/liballocs/contrib/libsystrap/contrib/musl/build-x86_64/lib/libc.a(fstatat.lo)
 .comment       0x0000000000000444       0x27 /home/zoltan/Develop/stackscan/contrib/liballocs/contrib/libsystrap/contrib/musl/build-x86_64/lib/libc.a(stat.lo)
 .comment       0x000000000000046b       0x27 /home/zoltan/Develop/stackscan/contrib/liballocs/contrib/libsystrap/contrib/musl/build-x86_64/lib/libc.a(fflush.lo)
 .comment       0x0000000000000492       0x27 /home/zoltan/Develop/stackscan/contrib/liballocs/contrib/libsystrap/contrib/musl/build-x86_64/lib/libc.a(fopen.lo)
 .comment       0x00000000000004b9       0x27 /home/zoltan/Develop/stackscan/contrib/liballocs/contrib/libsystrap/contrib/musl/build-x86_64/lib/libc.a(fprintf.lo)
 .comment       0x00000000000004e0       0x27 /home/zoltan/Develop/stackscan/contrib/liballocs/contrib/libsystrap/contrib/musl/build-x86_64/lib/libc.a(fputc.lo)
 .comment       0x0000000000000507       0x27 /home/zoltan/Develop/stackscan/contrib/liballocs/contrib/libsystrap/contrib/musl/build-x86_64/lib/libc.a(fwrite.lo)
 .comment       0x000000000000052e       0x27 /home/zoltan/Develop/stackscan/contrib/liballocs/contrib/libsystrap/contrib/musl/build-x86_64/lib/libc.a(ofl.lo)
 .comment       0x0000000000000555       0x27 /home/zoltan/Develop/stackscan/contrib/liballocs/contrib/libsystrap/contrib/musl/build-x86_64/lib/libc.a(snprintf.lo)
 .comment       0x000000000000057c       0x27 /home/zoltan/Develop/stackscan/contrib/liballocs/contrib/libsystrap/contrib/musl/build-x86_64/lib/libc.a(stderr.lo)
 .comment       0x00000000000005a3       0x27 /home/zoltan/Develop/stackscan/contrib/liballocs/contrib/libsystrap/contrib/musl/build-x86_64/lib/libc.a(vfprintf.lo)
 .comment       0x00000000000005ca       0x27 /home/zoltan/Develop/stackscan/contrib/liballocs/contrib/libsystrap/contrib/musl/build-x86_64/lib/libc.a(vsnprintf.lo)
 .comment       0x00000000000005f1       0x27 /home/zoltan/Develop/stackscan/contrib/liballocs/contrib/libsystrap/contrib/musl/build-x86_64/lib/libc.a(qsort.lo)
 .comment       0x0000000000000618       0x27 /home/zoltan/Develop/stackscan/contrib/liballocs/contrib/libsystrap/contrib/musl/build-x86_64/lib/libc.a(memcmp.lo)
 .comment       0x000000000000063f       0x27 /home/zoltan/Develop/stackscan/contrib/liballocs/contrib/libsystrap/contrib/musl/build-x86_64/lib/libc.a(strchr.lo)
 .comment       0x0000000000000666       0x27 /home/zoltan/Develop/stackscan/contrib/liballocs/contrib/libsystrap/contrib/musl/build-x86_64/lib/libc.a(strchrnul.lo)
 .comment       0x000000000000068d       0x27 /home/zoltan/Develop/stackscan/contrib/liballocs/contrib/libsystrap/contrib/musl/build-x86_64/lib/libc.a(strcmp.lo)
 .comment       0x00000000000006b4       0x27 /home/zoltan/Develop/stackscan/contrib/liballocs/contrib/libsystrap/contrib/musl/build-x86_64/lib/libc.a(strlen.lo)
 .comment       0x00000000000006db       0x27 /home/zoltan/Develop/stackscan/contrib/liballocs/contrib/libsystrap/contrib/musl/build-x86_64/lib/libc.a(strncat.lo)
 .comment       0x0000000000000702       0x27 /home/zoltan/Develop/stackscan/contrib/liballocs/contrib/libsystrap/contrib/musl/build-x86_64/lib/libc.a(strncmp.lo)
 .comment       0x0000000000000729       0x27 /home/zoltan/Develop/stackscan/contrib/liballocs/contrib/libsystrap/contrib/musl/build-x86_64/lib/libc.a(strnlen.lo)
 .comment       0x0000000000000750       0x27 /home/zoltan/Develop/stackscan/contrib/liballocs/contrib/libsystrap/contrib/musl/build-x86_64/lib/libc.a(__lock.lo)
 .comment       0x0000000000000777       0x27 /home/zoltan/Develop/stackscan/contrib/liballocs/contrib/libsystrap/contrib/musl/build-x86_64/lib/libc.a(__syscall_cp.lo)
 .comment       0x000000000000079e       0x27 /home/zoltan/Develop/stackscan/contrib/liballocs/contrib/libsystrap/contrib/musl/build-x86_64/lib/libc.a(close.lo)
 .comment       0x00000000000007c5       0x27 /home/zoltan/Develop/stackscan/contrib/liballocs/contrib/libsystrap/contrib/musl/build-x86_64/lib/libc.a(lseek.lo)
 .comment       0x00000000000007ec       0x27 /home/zoltan/Develop/stackscan/contrib/liballocs/contrib/libsystrap/contrib/musl/build-x86_64/lib/libc.a(read.lo)
 .comment       0x0000000000000813       0x27 /home/zoltan/Develop/stackscan/contrib/liballocs/contrib/libsystrap/contrib/musl/build-x86_64/lib/libc.a(__environ.lo)
 .comment       0x000000000000083a       0x27 /home/zoltan/Develop/stackscan/contrib/liballocs/contrib/libsystrap/contrib/musl/build-x86_64/lib/libc.a(__init_tls.lo)
 .comment       0x0000000000000861       0x27 /home/zoltan/Develop/stackscan/contrib/liballocs/contrib/libsystrap/contrib/musl/build-x86_64/lib/libc.a(_Exit.lo)
 .comment       0x0000000000000888       0x27 /home/zoltan/Develop/stackscan/contrib/liballocs/contrib/libsystrap/contrib/musl/build-x86_64/lib/libc.a(procfdname.lo)
 .comment       0x00000000000008af       0x27 /home/zoltan/Develop/stackscan/contrib/liballocs/contrib/libsystrap/contrib/musl/build-x86_64/lib/libc.a(__fpclassifyl.lo)
 .comment       0x00000000000008d6       0x27 /home/zoltan/Develop/stackscan/contrib/liballocs/contrib/libsystrap/contrib/musl/build-x86_64/lib/libc.a(__signbitl.lo)
 .comment       0x00000000000008fd       0x27 /home/zoltan/Develop/stackscan/contrib/liballocs/contrib/libsystrap/contrib/musl/build-x86_64/lib/libc.a(frexpl.lo)
 .comment       0x0000000000000924       0x27 /home/zoltan/Develop/stackscan/contrib/liballocs/contrib/libsystrap/contrib/musl/build-x86_64/lib/libc.a(wctomb.lo)
 .comment       0x000000000000094b       0x27 /home/zoltan/Develop/stackscan/contrib/liballocs/contrib/libsystrap/contrib/musl/build-x86_64/lib/libc.a(__fdopen.lo)
 .comment       0x0000000000000972       0x27 /home/zoltan/Develop/stackscan/contrib/liballocs/contrib/libsystrap/contrib/musl/build-x86_64/lib/libc.a(__fmodeflags.lo)
 .comment       0x0000000000000999       0x27 /home/zoltan/Develop/stackscan/contrib/liballocs/contrib/libsystrap/contrib/musl/build-x86_64/lib/libc.a(__lockfile.lo)
 .comment       0x00000000000009c0       0x27 /home/zoltan/Develop/stackscan/contrib/liballocs/contrib/libsystrap/contrib/musl/build-x86_64/lib/libc.a(__overflow.lo)
 .comment       0x00000000000009e7       0x27 /home/zoltan/Develop/stackscan/contrib/liballocs/contrib/libsystrap/contrib/musl/build-x86_64/lib/libc.a(__stdio_close.lo)
 .comment       0x0000000000000a0e       0x27 /home/zoltan/Develop/stackscan/contrib/liballocs/contrib/libsystrap/contrib/musl/build-x86_64/lib/libc.a(__stdio_read.lo)
 .comment       0x0000000000000a35       0x27 /home/zoltan/Develop/stackscan/contrib/liballocs/contrib/libsystrap/contrib/musl/build-x86_64/lib/libc.a(__stdio_seek.lo)
 .comment       0x0000000000000a5c       0x27 /home/zoltan/Develop/stackscan/contrib/liballocs/contrib/libsystrap/contrib/musl/build-x86_64/lib/libc.a(__stdio_write.lo)
 .comment       0x0000000000000a83       0x27 /home/zoltan/Develop/stackscan/contrib/liballocs/contrib/libsystrap/contrib/musl/build-x86_64/lib/libc.a(__towrite.lo)
 .comment       0x0000000000000aaa       0x27 /home/zoltan/Develop/stackscan/contrib/liballocs/contrib/libsystrap/contrib/musl/build-x86_64/lib/libc.a(ofl_add.lo)
 .comment       0x0000000000000ad1       0x27 /home/zoltan/Develop/stackscan/contrib/liballocs/contrib/libsystrap/contrib/musl/build-x86_64/lib/libc.a(memchr.lo)
 .comment       0x0000000000000af8       0x27 /home/zoltan/Develop/stackscan/contrib/liballocs/contrib/libsystrap/contrib/musl/build-x86_64/lib/libc.a(default_attr.lo)
 .comment       0x0000000000000b1f       0x27 /home/zoltan/Develop/stackscan/contrib/liballocs/contrib/libsystrap/contrib/musl/build-x86_64/lib/libc.a(lite_malloc.lo)
 .comment       0x0000000000000b46       0x27 /home/zoltan/Develop/stackscan/contrib/liballocs/contrib/libsystrap/contrib/musl/build-x86_64/lib/libc.a(wcrtomb.lo)
 .comment       0x0000000000000b6d       0x27 /home/zoltan/Develop/stackscan/contrib/liballocs/contrib/libsystrap/contrib/musl/build-x86_64/lib/libc.a(__stdio_exit.lo)
 .comment       0x0000000000000b94       0x27 /home/zoltan/Develop/stackscan/contrib/liballocs/contrib/libsystrap/contrib/musl/build-x86_64/lib/libc.a(expand_heap.lo)

.note.GNU-stack
                0x0000000000000000        0x0
 .note.GNU-stack
                0x0000000000000000        0x0 main-undprot.o
 .note.GNU-stack
                0x0000000000000000        0x0 entry-undprot.o
 .note.GNU-stack
                0x0000000000000000        0x0 load-undprot.o
 .note.GNU-stack
                0x0000000000000000        0x0 chain-undprot.o
 .note.GNU-stack
                0x0000000000000000        0x0 debug-undprot.o
 .note.GNU-stack
                0x0000000000000000        0x0 allocinstr-undprot.o
 .note.GNU-stack
                0x0000000000000000        0x0 meta-dso-undprot.o
 .note.GNU-stack
                0x0000000000000000        0x0 err-undprot.o
 .note.GNU-stack
                0x0000000000000000        0x0 allocsld.os-premain-undprot.o
 .note.GNU-stack
                0x0000000000000000        0x0 /home/zoltan/Develop/stackscan/contrib/liballocs/contrib/libsystrap/contrib/musl/build-x86_64/lib/libc.a(__libc_start_main.lo)
 .note.GNU-stack
                0x0000000000000000        0x0 /home/zoltan/Develop/stackscan/contrib/liballocs/contrib/libsystrap/contrib/musl/build-x86_64/lib/libc.a(getenv.lo)
 .note.GNU-stack
                0x0000000000000000        0x0 /home/zoltan/Develop/stackscan/contrib/liballocs/contrib/libsystrap/contrib/musl/build-x86_64/lib/libc.a(__errno_location.lo)
 .note.GNU-stack
                0x0000000000000000        0x0 /home/zoltan/Develop/stackscan/contrib/liballocs/contrib/libsystrap/contrib/musl/build-x86_64/lib/libc.a(strerror.lo)
 .note.GNU-stack
                0x0000000000000000        0x0 /home/zoltan/Develop/stackscan/contrib/liballocs/contrib/libsystrap/contrib/musl/build-x86_64/lib/libc.a(abort.lo)
 .note.GNU-stack
                0x0000000000000000        0x0 /home/zoltan/Develop/stackscan/contrib/liballocs/contrib/libsystrap/contrib/musl/build-x86_64/lib/libc.a(assert.lo)
 .note.GNU-stack
                0x0000000000000000        0x0 /home/zoltan/Develop/stackscan/contrib/liballocs/contrib/libsystrap/contrib/musl/build-x86_64/lib/libc.a(exit.lo)
 .note.GNU-stack
                0x0000000000000000        0x0 /home/zoltan/Develop/stackscan/contrib/liballocs/contrib/libsystrap/contrib/musl/build-x86_64/lib/libc.a(open.lo)
 .note.GNU-stack
                0x0000000000000000        0x0 /home/zoltan/Develop/stackscan/contrib/liballocs/contrib/libsystrap/contrib/musl/build-x86_64/lib/libc.a(defsysinfo.lo)
 .note.GNU-stack
                0x0000000000000000        0x0 /home/zoltan/Develop/stackscan/contrib/liballocs/contrib/libsystrap/contrib/musl/build-x86_64/lib/libc.a(libc.lo)
 .note.GNU-stack
                0x0000000000000000        0x0 /home/zoltan/Develop/stackscan/contrib/liballocs/contrib/libsystrap/contrib/musl/build-x86_64/lib/libc.a(syscall_ret.lo)
 .note.GNU-stack
                0x0000000000000000        0x0 /home/zoltan/Develop/stackscan/contrib/liballocs/contrib/libsystrap/contrib/musl/build-x86_64/lib/libc.a(__lctrans.lo)
 .note.GNU-stack
                0x0000000000000000        0x0 /home/zoltan/Develop/stackscan/contrib/liballocs/contrib/libsystrap/contrib/musl/build-x86_64/lib/libc.a(syscall.lo)
 .note.GNU-stack
                0x0000000000000000        0x0 /home/zoltan/Develop/stackscan/contrib/liballocs/contrib/libsystrap/contrib/musl/build-x86_64/lib/libc.a(mmap.lo)
 .note.GNU-stack
                0x0000000000000000        0x0 /home/zoltan/Develop/stackscan/contrib/liballocs/contrib/libsystrap/contrib/musl/build-x86_64/lib/libc.a(mprotect.lo)
 .note.GNU-stack
                0x0000000000000000        0x0 /home/zoltan/Develop/stackscan/contrib/liballocs/contrib/libsystrap/contrib/musl/build-x86_64/lib/libc.a(block.lo)
 .note.GNU-stack
                0x0000000000000000        0x0 /home/zoltan/Develop/stackscan/contrib/liballocs/contrib/libsystrap/contrib/musl/build-x86_64/lib/libc.a(raise.lo)
 .note.GNU-stack
                0x0000000000000000        0x0 /home/zoltan/Develop/stackscan/contrib/liballocs/contrib/libsystrap/contrib/musl/build-x86_64/lib/libc.a(fstat.lo)
 .note.GNU-stack
                0x0000000000000000        0x0 /home/zoltan/Develop/stackscan/contrib/liballocs/contrib/libsystrap/contrib/musl/build-x86_64/lib/libc.a(fstatat.lo)
 .note.GNU-stack
                0x0000000000000000        0x0 /home/zoltan/Develop/stackscan/contrib/liballocs/contrib/libsystrap/contrib/musl/build-x86_64/lib/libc.a(stat.lo)
 .note.GNU-stack
                0x0000000000000000        0x0 /home/zoltan/Develop/stackscan/contrib/liballocs/contrib/libsystrap/contrib/musl/build-x86_64/lib/libc.a(fflush.lo)
 .note.GNU-stack
                0x0000000000000000        0x0 /home/zoltan/Develop/stackscan/contrib/liballocs/contrib/libsystrap/contrib/musl/build-x86_64/lib/libc.a(fopen.lo)
 .note.GNU-stack
                0x0000000000000000        0x0 /home/zoltan/Develop/stackscan/contrib/liballocs/contrib/libsystrap/contrib/musl/build-x86_64/lib/libc.a(fprintf.lo)
 .note.GNU-stack
                0x0000000000000000        0x0 /home/zoltan/Develop/stackscan/contrib/liballocs/contrib/libsystrap/contrib/musl/build-x86_64/lib/libc.a(fputc.lo)
 .note.GNU-stack
                0x0000000000000000        0x0 /home/zoltan/Develop/stackscan/contrib/liballocs/contrib/libsystrap/contrib/musl/build-x86_64/lib/libc.a(fwrite.lo)
 .note.GNU-stack
                0x0000000000000000        0x0 /home/zoltan/Develop/stackscan/contrib/liballocs/contrib/libsystrap/contrib/musl/build-x86_64/lib/libc.a(ofl.lo)
 .note.GNU-stack
                0x0000000000000000        0x0 /home/zoltan/Develop/stackscan/contrib/liballocs/contrib/libsystrap/contrib/musl/build-x86_64/lib/libc.a(snprintf.lo)
 .note.GNU-stack
                0x0000000000000000        0x0 /home/zoltan/Develop/stackscan/contrib/liballocs/contrib/libsystrap/contrib/musl/build-x86_64/lib/libc.a(stderr.lo)
 .note.GNU-stack
                0x0000000000000000        0x0 /home/zoltan/Develop/stackscan/contrib/liballocs/contrib/libsystrap/contrib/musl/build-x86_64/lib/libc.a(vfprintf.lo)
 .note.GNU-stack
                0x0000000000000000        0x0 /home/zoltan/Develop/stackscan/contrib/liballocs/contrib/libsystrap/contrib/musl/build-x86_64/lib/libc.a(vsnprintf.lo)
 .note.GNU-stack
                0x0000000000000000        0x0 /home/zoltan/Develop/stackscan/contrib/liballocs/contrib/libsystrap/contrib/musl/build-x86_64/lib/libc.a(qsort.lo)
 .note.GNU-stack
                0x0000000000000000        0x0 /home/zoltan/Develop/stackscan/contrib/liballocs/contrib/libsystrap/contrib/musl/build-x86_64/lib/libc.a(memcmp.lo)
 .note.GNU-stack
                0x0000000000000000        0x0 /home/zoltan/Develop/stackscan/contrib/liballocs/contrib/libsystrap/contrib/musl/build-x86_64/lib/libc.a(strchr.lo)
 .note.GNU-stack
                0x0000000000000000        0x0 /home/zoltan/Develop/stackscan/contrib/liballocs/contrib/libsystrap/contrib/musl/build-x86_64/lib/libc.a(strchrnul.lo)
 .note.GNU-stack
                0x0000000000000000        0x0 /home/zoltan/Develop/stackscan/contrib/liballocs/contrib/libsystrap/contrib/musl/build-x86_64/lib/libc.a(strcmp.lo)
 .note.GNU-stack
                0x0000000000000000        0x0 /home/zoltan/Develop/stackscan/contrib/liballocs/contrib/libsystrap/contrib/musl/build-x86_64/lib/libc.a(strlen.lo)
 .note.GNU-stack
                0x0000000000000000        0x0 /home/zoltan/Develop/stackscan/contrib/liballocs/contrib/libsystrap/contrib/musl/build-x86_64/lib/libc.a(strncat.lo)
 .note.GNU-stack
                0x0000000000000000        0x0 /home/zoltan/Develop/stackscan/contrib/liballocs/contrib/libsystrap/contrib/musl/build-x86_64/lib/libc.a(strncmp.lo)
 .note.GNU-stack
                0x0000000000000000        0x0 /home/zoltan/Develop/stackscan/contrib/liballocs/contrib/libsystrap/contrib/musl/build-x86_64/lib/libc.a(strnlen.lo)
 .note.GNU-stack
                0x0000000000000000        0x0 /home/zoltan/Develop/stackscan/contrib/liballocs/contrib/libsystrap/contrib/musl/build-x86_64/lib/libc.a(memcpy.lo)
 .note.GNU-stack
                0x0000000000000000        0x0 /home/zoltan/Develop/stackscan/contrib/liballocs/contrib/libsystrap/contrib/musl/build-x86_64/lib/libc.a(memset.lo)
 .note.GNU-stack
                0x0000000000000000        0x0 /home/zoltan/Develop/stackscan/contrib/liballocs/contrib/libsystrap/contrib/musl/build-x86_64/lib/libc.a(__lock.lo)
 .note.GNU-stack
                0x0000000000000000        0x0 /home/zoltan/Develop/stackscan/contrib/liballocs/contrib/libsystrap/contrib/musl/build-x86_64/lib/libc.a(__syscall_cp.lo)
 .note.GNU-stack
                0x0000000000000000        0x0 /home/zoltan/Develop/stackscan/contrib/liballocs/contrib/libsystrap/contrib/musl/build-x86_64/lib/libc.a(__set_thread_area.lo)
 .note.GNU-stack
                0x0000000000000000        0x0 /home/zoltan/Develop/stackscan/contrib/liballocs/contrib/libsystrap/contrib/musl/build-x86_64/lib/libc.a(close.lo)
 .note.GNU-stack
                0x0000000000000000        0x0 /home/zoltan/Develop/stackscan/contrib/liballocs/contrib/libsystrap/contrib/musl/build-x86_64/lib/libc.a(lseek.lo)
 .note.GNU-stack
                0x0000000000000000        0x0 /home/zoltan/Develop/stackscan/contrib/liballocs/contrib/libsystrap/contrib/musl/build-x86_64/lib/libc.a(read.lo)
 .note.GNU-stack
                0x0000000000000000        0x0 /home/zoltan/Develop/stackscan/contrib/liballocs/contrib/libsystrap/contrib/musl/build-x86_64/lib/libc.a(__environ.lo)
 .note.GNU-stack
                0x0000000000000000        0x0 /home/zoltan/Develop/stackscan/contrib/liballocs/contrib/libsystrap/contrib/musl/build-x86_64/lib/libc.a(__init_tls.lo)
 .note.GNU-stack
                0x0000000000000000        0x0 /home/zoltan/Develop/stackscan/contrib/liballocs/contrib/libsystrap/contrib/musl/build-x86_64/lib/libc.a(_Exit.lo)
 .note.GNU-stack
                0x0000000000000000        0x0 /home/zoltan/Develop/stackscan/contrib/liballocs/contrib/libsystrap/contrib/musl/build-x86_64/lib/libc.a(procfdname.lo)
 .note.GNU-stack
                0x0000000000000000        0x0 /home/zoltan/Develop/stackscan/contrib/liballocs/contrib/libsystrap/contrib/musl/build-x86_64/lib/libc.a(__fpclassifyl.lo)
 .note.GNU-stack
                0x0000000000000000        0x0 /home/zoltan/Develop/stackscan/contrib/liballocs/contrib/libsystrap/contrib/musl/build-x86_64/lib/libc.a(__signbitl.lo)
 .note.GNU-stack
                0x0000000000000000        0x0 /home/zoltan/Develop/stackscan/contrib/liballocs/contrib/libsystrap/contrib/musl/build-x86_64/lib/libc.a(frexpl.lo)
 .note.GNU-stack
                0x0000000000000000        0x0 /home/zoltan/Develop/stackscan/contrib/liballocs/contrib/libsystrap/contrib/musl/build-x86_64/lib/libc.a(wctomb.lo)
 .note.GNU-stack
                0x0000000000000000        0x0 /home/zoltan/Develop/stackscan/contrib/liballocs/contrib/libsystrap/contrib/musl/build-x86_64/lib/libc.a(__fdopen.lo)
 .note.GNU-stack
                0x0000000000000000        0x0 /home/zoltan/Develop/stackscan/contrib/liballocs/contrib/libsystrap/contrib/musl/build-x86_64/lib/libc.a(__fmodeflags.lo)
 .note.GNU-stack
                0x0000000000000000        0x0 /home/zoltan/Develop/stackscan/contrib/liballocs/contrib/libsystrap/contrib/musl/build-x86_64/lib/libc.a(__lockfile.lo)
 .note.GNU-stack
                0x0000000000000000        0x0 /home/zoltan/Develop/stackscan/contrib/liballocs/contrib/libsystrap/contrib/musl/build-x86_64/lib/libc.a(__overflow.lo)
 .note.GNU-stack
                0x0000000000000000        0x0 /home/zoltan/Develop/stackscan/contrib/liballocs/contrib/libsystrap/contrib/musl/build-x86_64/lib/libc.a(__stdio_close.lo)
 .note.GNU-stack
                0x0000000000000000        0x0 /home/zoltan/Develop/stackscan/contrib/liballocs/contrib/libsystrap/contrib/musl/build-x86_64/lib/libc.a(__stdio_read.lo)
 .note.GNU-stack
                0x0000000000000000        0x0 /home/zoltan/Develop/stackscan/contrib/liballocs/contrib/libsystrap/contrib/musl/build-x86_64/lib/libc.a(__stdio_seek.lo)
 .note.GNU-stack
                0x0000000000000000        0x0 /home/zoltan/Develop/stackscan/contrib/liballocs/contrib/libsystrap/contrib/musl/build-x86_64/lib/libc.a(__stdio_write.lo)
 .note.GNU-stack
                0x0000000000000000        0x0 /home/zoltan/Develop/stackscan/contrib/liballocs/contrib/libsystrap/contrib/musl/build-x86_64/lib/libc.a(__towrite.lo)
 .note.GNU-stack
                0x0000000000000000        0x0 /home/zoltan/Develop/stackscan/contrib/liballocs/contrib/libsystrap/contrib/musl/build-x86_64/lib/libc.a(ofl_add.lo)
 .note.GNU-stack
                0x0000000000000000        0x0 /home/zoltan/Develop/stackscan/contrib/liballocs/contrib/libsystrap/contrib/musl/build-x86_64/lib/libc.a(memchr.lo)
 .note.GNU-stack
                0x0000000000000000        0x0 /home/zoltan/Develop/stackscan/contrib/liballocs/contrib/libsystrap/contrib/musl/build-x86_64/lib/libc.a(default_attr.lo)
 .note.GNU-stack
                0x0000000000000000        0x0 /home/zoltan/Develop/stackscan/contrib/liballocs/contrib/libsystrap/contrib/musl/build-x86_64/lib/libc.a(lite_malloc.lo)
 .note.GNU-stack
                0x0000000000000000        0x0 /home/zoltan/Develop/stackscan/contrib/liballocs/contrib/libsystrap/contrib/musl/build-x86_64/lib/libc.a(wcrtomb.lo)
 .note.GNU-stack
                0x0000000000000000        0x0 /home/zoltan/Develop/stackscan/contrib/liballocs/contrib/libsystrap/contrib/musl/build-x86_64/lib/libc.a(__stdio_exit.lo)
 .note.GNU-stack
                0x0000000000000000        0x0 /home/zoltan/Develop/stackscan/contrib/liballocs/contrib/libsystrap/contrib/musl/build-x86_64/lib/libc.a(expand_heap.lo)

.gnu.build.attributes
 *(.gnu.build.attributes)

.debug
 *(.debug)

.line
 *(.line)

.debug_srcinfo
 *(.debug_srcinfo)

.debug_sfnames
 *(.debug_sfnames)

.debug_aranges  0x0000000000000000     0x1100
 *(.debug_aranges)
 .debug_aranges
                0x0000000000000000       0x30 main-undprot.o
 .debug_aranges
                0x0000000000000030       0x30 entry-undprot.o
 .debug_aranges
                0x0000000000000060       0x30 load-undprot.o
 .debug_aranges
                0x0000000000000090       0x30 chain-undprot.o
 .debug_aranges
                0x00000000000000c0       0x30 debug-undprot.o
 .debug_aranges
                0x00000000000000f0       0x30 allocinstr-undprot.o
 .debug_aranges
                0x0000000000000120       0x30 meta-dso-undprot.o
 .debug_aranges
                0x0000000000000150       0x30 err-undprot.o
 .debug_aranges
                0x0000000000000180       0x30 allocsld.os-premain-undprot.o
 .debug_aranges
                0x00000000000001b0       0x80 /home/zoltan/Develop/stackscan/contrib/liballocs/contrib/libsystrap/contrib/musl/build-x86_64/lib/libc.a(__libc_start_main.lo)
 .debug_aranges
                0x0000000000000230       0x30 /home/zoltan/Develop/stackscan/contrib/liballocs/contrib/libsystrap/contrib/musl/build-x86_64/lib/libc.a(getenv.lo)
 .debug_aranges
                0x0000000000000260       0x30 /home/zoltan/Develop/stackscan/contrib/liballocs/contrib/libsystrap/contrib/musl/build-x86_64/lib/libc.a(__errno_location.lo)
 .debug_aranges
                0x0000000000000290       0x40 /home/zoltan/Develop/stackscan/contrib/liballocs/contrib/libsystrap/contrib/musl/build-x86_64/lib/libc.a(strerror.lo)
 .debug_aranges
                0x00000000000002d0       0x30 /home/zoltan/Develop/stackscan/contrib/liballocs/contrib/libsystrap/contrib/musl/build-x86_64/lib/libc.a(abort.lo)
 .debug_aranges
                0x0000000000000300       0x30 /home/zoltan/Develop/stackscan/contrib/liballocs/contrib/libsystrap/contrib/musl/build-x86_64/lib/libc.a(assert.lo)
 .debug_aranges
                0x0000000000000330       0x50 /home/zoltan/Develop/stackscan/contrib/liballocs/contrib/libsystrap/contrib/musl/build-x86_64/lib/libc.a(exit.lo)
 .debug_aranges
                0x0000000000000380       0x30 /home/zoltan/Develop/stackscan/contrib/liballocs/contrib/libsystrap/contrib/musl/build-x86_64/lib/libc.a(open.lo)
 .debug_aranges
                0x00000000000003b0       0x20 /home/zoltan/Develop/stackscan/contrib/liballocs/contrib/libsystrap/contrib/musl/build-x86_64/lib/libc.a(defsysinfo.lo)
 .debug_aranges
                0x00000000000003d0       0x20 /home/zoltan/Develop/stackscan/contrib/liballocs/contrib/libsystrap/contrib/musl/build-x86_64/lib/libc.a(libc.lo)
 .debug_aranges
                0x00000000000003f0       0x30 /home/zoltan/Develop/stackscan/contrib/liballocs/contrib/libsystrap/contrib/musl/build-x86_64/lib/libc.a(syscall_ret.lo)
 .debug_aranges
                0x0000000000000420       0x50 /home/zoltan/Develop/stackscan/contrib/liballocs/contrib/libsystrap/contrib/musl/build-x86_64/lib/libc.a(__lctrans.lo)
 .debug_aranges
                0x0000000000000470       0x30 /home/zoltan/Develop/stackscan/contrib/liballocs/contrib/libsystrap/contrib/musl/build-x86_64/lib/libc.a(syscall.lo)
 .debug_aranges
                0x00000000000004a0       0x40 /home/zoltan/Develop/stackscan/contrib/liballocs/contrib/libsystrap/contrib/musl/build-x86_64/lib/libc.a(mmap.lo)
 .debug_aranges
                0x00000000000004e0       0x30 /home/zoltan/Develop/stackscan/contrib/liballocs/contrib/libsystrap/contrib/musl/build-x86_64/lib/libc.a(mprotect.lo)
 .debug_aranges
                0x0000000000000510       0x50 /home/zoltan/Develop/stackscan/contrib/liballocs/contrib/libsystrap/contrib/musl/build-x86_64/lib/libc.a(block.lo)
 .debug_aranges
                0x0000000000000560       0x30 /home/zoltan/Develop/stackscan/contrib/liballocs/contrib/libsystrap/contrib/musl/build-x86_64/lib/libc.a(raise.lo)
 .debug_aranges
                0x0000000000000590       0x30 /home/zoltan/Develop/stackscan/contrib/liballocs/contrib/libsystrap/contrib/musl/build-x86_64/lib/libc.a(fstat.lo)
 .debug_aranges
                0x00000000000005c0       0x30 /home/zoltan/Develop/stackscan/contrib/liballocs/contrib/libsystrap/contrib/musl/build-x86_64/lib/libc.a(fstatat.lo)
 .debug_aranges
                0x00000000000005f0       0x30 /home/zoltan/Develop/stackscan/contrib/liballocs/contrib/libsystrap/contrib/musl/build-x86_64/lib/libc.a(stat.lo)
 .debug_aranges
                0x0000000000000620       0x30 /home/zoltan/Develop/stackscan/contrib/liballocs/contrib/libsystrap/contrib/musl/build-x86_64/lib/libc.a(fflush.lo)
 .debug_aranges
                0x0000000000000650       0x30 /home/zoltan/Develop/stackscan/contrib/liballocs/contrib/libsystrap/contrib/musl/build-x86_64/lib/libc.a(fopen.lo)
 .debug_aranges
                0x0000000000000680       0x30 /home/zoltan/Develop/stackscan/contrib/liballocs/contrib/libsystrap/contrib/musl/build-x86_64/lib/libc.a(fprintf.lo)
 .debug_aranges
                0x00000000000006b0       0x40 /home/zoltan/Develop/stackscan/contrib/liballocs/contrib/libsystrap/contrib/musl/build-x86_64/lib/libc.a(fputc.lo)
 .debug_aranges
                0x00000000000006f0       0x40 /home/zoltan/Develop/stackscan/contrib/liballocs/contrib/libsystrap/contrib/musl/build-x86_64/lib/libc.a(fwrite.lo)
 .debug_aranges
                0x0000000000000730       0x40 /home/zoltan/Develop/stackscan/contrib/liballocs/contrib/libsystrap/contrib/musl/build-x86_64/lib/libc.a(ofl.lo)
 .debug_aranges
                0x0000000000000770       0x30 /home/zoltan/Develop/stackscan/contrib/liballocs/contrib/libsystrap/contrib/musl/build-x86_64/lib/libc.a(snprintf.lo)
 .debug_aranges
                0x00000000000007a0       0x20 /home/zoltan/Develop/stackscan/contrib/liballocs/contrib/libsystrap/contrib/musl/build-x86_64/lib/libc.a(stderr.lo)
 .debug_aranges
                0x00000000000007c0       0xa0 /home/zoltan/Develop/stackscan/contrib/liballocs/contrib/libsystrap/contrib/musl/build-x86_64/lib/libc.a(vfprintf.lo)
 .debug_aranges
                0x0000000000000860       0x40 /home/zoltan/Develop/stackscan/contrib/liballocs/contrib/libsystrap/contrib/musl/build-x86_64/lib/libc.a(vsnprintf.lo)
 .debug_aranges
                0x00000000000008a0       0x60 /home/zoltan/Develop/stackscan/contrib/liballocs/contrib/libsystrap/contrib/musl/build-x86_64/lib/libc.a(qsort.lo)
 .debug_aranges
                0x0000000000000900       0x30 /home/zoltan/Develop/stackscan/contrib/liballocs/contrib/libsystrap/contrib/musl/build-x86_64/lib/libc.a(memcmp.lo)
 .debug_aranges
                0x0000000000000930       0x30 /home/zoltan/Develop/stackscan/contrib/liballocs/contrib/libsystrap/contrib/musl/build-x86_64/lib/libc.a(strchr.lo)
 .debug_aranges
                0x0000000000000960       0x30 /home/zoltan/Develop/stackscan/contrib/liballocs/contrib/libsystrap/contrib/musl/build-x86_64/lib/libc.a(strchrnul.lo)
 .debug_aranges
                0x0000000000000990       0x30 /home/zoltan/Develop/stackscan/contrib/liballocs/contrib/libsystrap/contrib/musl/build-x86_64/lib/libc.a(strcmp.lo)
 .debug_aranges
                0x00000000000009c0       0x30 /home/zoltan/Develop/stackscan/contrib/liballocs/contrib/libsystrap/contrib/musl/build-x86_64/lib/libc.a(strlen.lo)
 .debug_aranges
                0x00000000000009f0       0x30 /home/zoltan/Develop/stackscan/contrib/liballocs/contrib/libsystrap/contrib/musl/build-x86_64/lib/libc.a(strncat.lo)
 .debug_aranges
                0x0000000000000a20       0x30 /home/zoltan/Develop/stackscan/contrib/liballocs/contrib/libsystrap/contrib/musl/build-x86_64/lib/libc.a(strncmp.lo)
 .debug_aranges
                0x0000000000000a50       0x30 /home/zoltan/Develop/stackscan/contrib/liballocs/contrib/libsystrap/contrib/musl/build-x86_64/lib/libc.a(strnlen.lo)
 .debug_aranges
                0x0000000000000a80       0x30 /home/zoltan/Develop/stackscan/contrib/liballocs/contrib/libsystrap/contrib/musl/build-x86_64/lib/libc.a(memcpy.lo)
 .debug_aranges
                0x0000000000000ab0       0x30 /home/zoltan/Develop/stackscan/contrib/liballocs/contrib/libsystrap/contrib/musl/build-x86_64/lib/libc.a(memset.lo)
 .debug_aranges
                0x0000000000000ae0       0x40 /home/zoltan/Develop/stackscan/contrib/liballocs/contrib/libsystrap/contrib/musl/build-x86_64/lib/libc.a(__lock.lo)
 .debug_aranges
                0x0000000000000b20       0x40 /home/zoltan/Develop/stackscan/contrib/liballocs/contrib/libsystrap/contrib/musl/build-x86_64/lib/libc.a(__syscall_cp.lo)
 .debug_aranges
                0x0000000000000b60       0x30 /home/zoltan/Develop/stackscan/contrib/liballocs/contrib/libsystrap/contrib/musl/build-x86_64/lib/libc.a(__set_thread_area.lo)
 .debug_aranges
                0x0000000000000b90       0x40 /home/zoltan/Develop/stackscan/contrib/liballocs/contrib/libsystrap/contrib/musl/build-x86_64/lib/libc.a(close.lo)
 .debug_aranges
                0x0000000000000bd0       0x30 /home/zoltan/Develop/stackscan/contrib/liballocs/contrib/libsystrap/contrib/musl/build-x86_64/lib/libc.a(lseek.lo)
 .debug_aranges
                0x0000000000000c00       0x30 /home/zoltan/Develop/stackscan/contrib/liballocs/contrib/libsystrap/contrib/musl/build-x86_64/lib/libc.a(read.lo)
 .debug_aranges
                0x0000000000000c30       0x20 /home/zoltan/Develop/stackscan/contrib/liballocs/contrib/libsystrap/contrib/musl/build-x86_64/lib/libc.a(__environ.lo)
 .debug_aranges
                0x0000000000000c50       0x50 /home/zoltan/Develop/stackscan/contrib/liballocs/contrib/libsystrap/contrib/musl/build-x86_64/lib/libc.a(__init_tls.lo)
 .debug_aranges
                0x0000000000000ca0       0x30 /home/zoltan/Develop/stackscan/contrib/liballocs/contrib/libsystrap/contrib/musl/build-x86_64/lib/libc.a(_Exit.lo)
 .debug_aranges
                0x0000000000000cd0       0x30 /home/zoltan/Develop/stackscan/contrib/liballocs/contrib/libsystrap/contrib/musl/build-x86_64/lib/libc.a(procfdname.lo)
 .debug_aranges
                0x0000000000000d00       0x30 /home/zoltan/Develop/stackscan/contrib/liballocs/contrib/libsystrap/contrib/musl/build-x86_64/lib/libc.a(__fpclassifyl.lo)
 .debug_aranges
                0x0000000000000d30       0x30 /home/zoltan/Develop/stackscan/contrib/liballocs/contrib/libsystrap/contrib/musl/build-x86_64/lib/libc.a(__signbitl.lo)
 .debug_aranges
                0x0000000000000d60       0x30 /home/zoltan/Develop/stackscan/contrib/liballocs/contrib/libsystrap/contrib/musl/build-x86_64/lib/libc.a(frexpl.lo)
 .debug_aranges
                0x0000000000000d90       0x30 /home/zoltan/Develop/stackscan/contrib/liballocs/contrib/libsystrap/contrib/musl/build-x86_64/lib/libc.a(wctomb.lo)
 .debug_aranges
                0x0000000000000dc0       0x30 /home/zoltan/Develop/stackscan/contrib/liballocs/contrib/libsystrap/contrib/musl/build-x86_64/lib/libc.a(__fdopen.lo)
 .debug_aranges
                0x0000000000000df0       0x30 /home/zoltan/Develop/stackscan/contrib/liballocs/contrib/libsystrap/contrib/musl/build-x86_64/lib/libc.a(__fmodeflags.lo)
 .debug_aranges
                0x0000000000000e20       0x40 /home/zoltan/Develop/stackscan/contrib/liballocs/contrib/libsystrap/contrib/musl/build-x86_64/lib/libc.a(__lockfile.lo)
 .debug_aranges
                0x0000000000000e60       0x30 /home/zoltan/Develop/stackscan/contrib/liballocs/contrib/libsystrap/contrib/musl/build-x86_64/lib/libc.a(__overflow.lo)
 .debug_aranges
                0x0000000000000e90       0x40 /home/zoltan/Develop/stackscan/contrib/liballocs/contrib/libsystrap/contrib/musl/build-x86_64/lib/libc.a(__stdio_close.lo)
 .debug_aranges
                0x0000000000000ed0       0x30 /home/zoltan/Develop/stackscan/contrib/liballocs/contrib/libsystrap/contrib/musl/build-x86_64/lib/libc.a(__stdio_read.lo)
 .debug_aranges
                0x0000000000000f00       0x30 /home/zoltan/Develop/stackscan/contrib/liballocs/contrib/libsystrap/contrib/musl/build-x86_64/lib/libc.a(__stdio_seek.lo)
 .debug_aranges
                0x0000000000000f30       0x30 /home/zoltan/Develop/stackscan/contrib/liballocs/contrib/libsystrap/contrib/musl/build-x86_64/lib/libc.a(__stdio_write.lo)
 .debug_aranges
                0x0000000000000f60       0x40 /home/zoltan/Develop/stackscan/contrib/liballocs/contrib/libsystrap/contrib/musl/build-x86_64/lib/libc.a(__towrite.lo)
 .debug_aranges
                0x0000000000000fa0       0x30 /home/zoltan/Develop/stackscan/contrib/liballocs/contrib/libsystrap/contrib/musl/build-x86_64/lib/libc.a(ofl_add.lo)
 .debug_aranges
                0x0000000000000fd0       0x30 /home/zoltan/Develop/stackscan/contrib/liballocs/contrib/libsystrap/contrib/musl/build-x86_64/lib/libc.a(memchr.lo)
 .debug_aranges
                0x0000000000001000       0x20 /home/zoltan/Develop/stackscan/contrib/liballocs/contrib/libsystrap/contrib/musl/build-x86_64/lib/libc.a(default_attr.lo)
 .debug_aranges
                0x0000000000001020       0x40 /home/zoltan/Develop/stackscan/contrib/liballocs/contrib/libsystrap/contrib/musl/build-x86_64/lib/libc.a(lite_malloc.lo)
 .debug_aranges
                0x0000000000001060       0x30 /home/zoltan/Develop/stackscan/contrib/liballocs/contrib/libsystrap/contrib/musl/build-x86_64/lib/libc.a(wcrtomb.lo)
 .debug_aranges
                0x0000000000001090       0x40 /home/zoltan/Develop/stackscan/contrib/liballocs/contrib/libsystrap/contrib/musl/build-x86_64/lib/libc.a(__stdio_exit.lo)
 .debug_aranges
                0x00000000000010d0       0x30 /home/zoltan/Develop/stackscan/contrib/liballocs/contrib/libsystrap/contrib/musl/build-x86_64/lib/libc.a(expand_heap.lo)

.debug_pubnames
 *(.debug_pubnames)

.debug_info     0x0000000000000000    0x184d6
 *(.debug_info)
 .debug_info    0x0000000000000000      0xb34 main-undprot.o
 .debug_info    0x0000000000000b34      0x30d entry-undprot.o
 .debug_info    0x0000000000000e41      0xb40 load-undprot.o
 .debug_info    0x0000000000001981     0x12e0 chain-undprot.o
 .debug_info    0x0000000000002c61      0x394 debug-undprot.o
 .debug_info    0x0000000000002ff5     0x3c96 allocinstr-undprot.o
 .debug_info    0x0000000000006c8b     0x14aa meta-dso-undprot.o
 .debug_info    0x0000000000008135      0x4ef err-undprot.o
 .debug_info    0x0000000000008624      0xc17 allocsld.os-premain-undprot.o
 .debug_info    0x000000000000923b      0x705 /home/zoltan/Develop/stackscan/contrib/liballocs/contrib/libsystrap/contrib/musl/build-x86_64/lib/libc.a(__libc_start_main.lo)
 .debug_info    0x0000000000009940      0x15b /home/zoltan/Develop/stackscan/contrib/liballocs/contrib/libsystrap/contrib/musl/build-x86_64/lib/libc.a(getenv.lo)
 .debug_info    0x0000000000009a9b      0x39d /home/zoltan/Develop/stackscan/contrib/liballocs/contrib/libsystrap/contrib/musl/build-x86_64/lib/libc.a(__errno_location.lo)
 .debug_info    0x0000000000009e38      0x505 /home/zoltan/Develop/stackscan/contrib/liballocs/contrib/libsystrap/contrib/musl/build-x86_64/lib/libc.a(strerror.lo)
 .debug_info    0x000000000000a33d      0x6a5 /home/zoltan/Develop/stackscan/contrib/liballocs/contrib/libsystrap/contrib/musl/build-x86_64/lib/libc.a(abort.lo)
 .debug_info    0x000000000000a9e2      0x18e /home/zoltan/Develop/stackscan/contrib/liballocs/contrib/libsystrap/contrib/musl/build-x86_64/lib/libc.a(assert.lo)
 .debug_info    0x000000000000ab70      0x16c /home/zoltan/Develop/stackscan/contrib/liballocs/contrib/libsystrap/contrib/musl/build-x86_64/lib/libc.a(exit.lo)
 .debug_info    0x000000000000acdc      0x28e /home/zoltan/Develop/stackscan/contrib/liballocs/contrib/libsystrap/contrib/musl/build-x86_64/lib/libc.a(open.lo)
 .debug_info    0x000000000000af6a       0x7a /home/zoltan/Develop/stackscan/contrib/liballocs/contrib/libsystrap/contrib/musl/build-x86_64/lib/libc.a(defsysinfo.lo)
 .debug_info    0x000000000000afe4      0x211 /home/zoltan/Develop/stackscan/contrib/liballocs/contrib/libsystrap/contrib/musl/build-x86_64/lib/libc.a(libc.lo)
 .debug_info    0x000000000000b1f5       0x92 /home/zoltan/Develop/stackscan/contrib/liballocs/contrib/libsystrap/contrib/musl/build-x86_64/lib/libc.a(syscall_ret.lo)
 .debug_info    0x000000000000b287      0x4b2 /home/zoltan/Develop/stackscan/contrib/liballocs/contrib/libsystrap/contrib/musl/build-x86_64/lib/libc.a(__lctrans.lo)
 .debug_info    0x000000000000b739      0x236 /home/zoltan/Develop/stackscan/contrib/liballocs/contrib/libsystrap/contrib/musl/build-x86_64/lib/libc.a(syscall.lo)
 .debug_info    0x000000000000b96f      0x354 /home/zoltan/Develop/stackscan/contrib/liballocs/contrib/libsystrap/contrib/musl/build-x86_64/lib/libc.a(mmap.lo)
 .debug_info    0x000000000000bcc3      0x1a0 /home/zoltan/Develop/stackscan/contrib/liballocs/contrib/libsystrap/contrib/musl/build-x86_64/lib/libc.a(mprotect.lo)
 .debug_info    0x000000000000be63      0x2e1 /home/zoltan/Develop/stackscan/contrib/liballocs/contrib/libsystrap/contrib/musl/build-x86_64/lib/libc.a(block.lo)
 .debug_info    0x000000000000c144      0x4e9 /home/zoltan/Develop/stackscan/contrib/liballocs/contrib/libsystrap/contrib/musl/build-x86_64/lib/libc.a(raise.lo)
 .debug_info    0x000000000000c62d      0x2ec /home/zoltan/Develop/stackscan/contrib/liballocs/contrib/libsystrap/contrib/musl/build-x86_64/lib/libc.a(fstat.lo)
 .debug_info    0x000000000000c919      0x7c6 /home/zoltan/Develop/stackscan/contrib/liballocs/contrib/libsystrap/contrib/musl/build-x86_64/lib/libc.a(fstatat.lo)
 .debug_info    0x000000000000d0df      0x276 /home/zoltan/Develop/stackscan/contrib/liballocs/contrib/libsystrap/contrib/musl/build-x86_64/lib/libc.a(stat.lo)
 .debug_info    0x000000000000d355      0x498 /home/zoltan/Develop/stackscan/contrib/liballocs/contrib/libsystrap/contrib/musl/build-x86_64/lib/libc.a(fflush.lo)
 .debug_info    0x000000000000d7ed      0x555 /home/zoltan/Develop/stackscan/contrib/liballocs/contrib/libsystrap/contrib/musl/build-x86_64/lib/libc.a(fopen.lo)
 .debug_info    0x000000000000dd42      0x181 /home/zoltan/Develop/stackscan/contrib/liballocs/contrib/libsystrap/contrib/musl/build-x86_64/lib/libc.a(fprintf.lo)
 .debug_info    0x000000000000dec3      0x975 /home/zoltan/Develop/stackscan/contrib/liballocs/contrib/libsystrap/contrib/musl/build-x86_64/lib/libc.a(fputc.lo)
 .debug_info    0x000000000000e838      0x503 /home/zoltan/Develop/stackscan/contrib/liballocs/contrib/libsystrap/contrib/musl/build-x86_64/lib/libc.a(fwrite.lo)
 .debug_info    0x000000000000ed3b      0x380 /home/zoltan/Develop/stackscan/contrib/liballocs/contrib/libsystrap/contrib/musl/build-x86_64/lib/libc.a(ofl.lo)
 .debug_info    0x000000000000f0bb      0x192 /home/zoltan/Develop/stackscan/contrib/liballocs/contrib/libsystrap/contrib/musl/build-x86_64/lib/libc.a(snprintf.lo)
 .debug_info    0x000000000000f24d      0x36a /home/zoltan/Develop/stackscan/contrib/liballocs/contrib/libsystrap/contrib/musl/build-x86_64/lib/libc.a(stderr.lo)
 .debug_info    0x000000000000f5b7     0x1997 /home/zoltan/Develop/stackscan/contrib/liballocs/contrib/libsystrap/contrib/musl/build-x86_64/lib/libc.a(vfprintf.lo)
 .debug_info    0x0000000000010f4e      0x527 /home/zoltan/Develop/stackscan/contrib/liballocs/contrib/libsystrap/contrib/musl/build-x86_64/lib/libc.a(vsnprintf.lo)
 .debug_info    0x0000000000011475      0xaf0 /home/zoltan/Develop/stackscan/contrib/liballocs/contrib/libsystrap/contrib/musl/build-x86_64/lib/libc.a(qsort.lo)
 .debug_info    0x0000000000011f65       0xd1 /home/zoltan/Develop/stackscan/contrib/liballocs/contrib/libsystrap/contrib/musl/build-x86_64/lib/libc.a(memcmp.lo)
 .debug_info    0x0000000000012036       0xd6 /home/zoltan/Develop/stackscan/contrib/liballocs/contrib/libsystrap/contrib/musl/build-x86_64/lib/libc.a(strchr.lo)
 .debug_info    0x000000000001210c      0x18c /home/zoltan/Develop/stackscan/contrib/liballocs/contrib/libsystrap/contrib/musl/build-x86_64/lib/libc.a(strchrnul.lo)
 .debug_info    0x0000000000012298       0x8e /home/zoltan/Develop/stackscan/contrib/liballocs/contrib/libsystrap/contrib/musl/build-x86_64/lib/libc.a(strcmp.lo)